DDR Version 1.19 20190305
In
channel 0
CS = 0
MR0=0x98
MR4=0x2
MR5=0xFF
MR8=0x8
MR12=0x72
MR14=0x72
MR18=0x0
MR19=0x0
MR24=0x8
MR25=0x0
CS = 1
MR0=0x18
MR4=0x2
MR5=0xFF
MR8=0x8
MR12=0x72
MR14=0x72
MR18=0x0
MR19=0x0
MR24=0x8
MR25=0x0
channel 1
CS = 0
MR0=0x98
MR4=0x2
MR5=0xFF
MR8=0x8
MR12=0x72
MR14=0x72
MR18=0x0
MR19=0x0
MR24=0x8
MR25=0x0
CS = 1
MR0=0x18
MR4=0x2
MR5=0xFF
MR8=0x8
MR12=0x72
MR14=0x72
MR18=0x0
MR19=0x0
MR24=0x8
MR25=0x0
channel 0 training pass!
channel 1 training pass!
change freq to 400MHz 0,1
channel 0
CS = 0
MR0=0x98
MR4=0x2
MR5=0xFF
MR8=0x8
MR12=0x72
MR14=0x72
MR18=0x0
MR19=0x0
MR24=0x8
MR25=0x0
CS = 1
MR0=0x18
MR4=0x2
MR5=0xFF
MR8=0x8
MR12=0x72
MR14=0x72
MR18=0x0
MR19=0x0
MR24=0x8
MR25=0x0
channel 1
CS = 0
MR0=0x98
MR4=0x2
MR5=0xFF
MR8=0x8
MR12=0x72
MR14=0x72
MR18=0x0
MR19=0x0
MR24=0x8
MR25=0x0
CS = 1
MR0=0x18
MR4=0x2
MR5=0xFF
MR8=0x8
MR12=0x72
MR14=0x72
MR18=0x0
MR19=0x0
MR24=0x8
MR25=0x0
channel 0 training pass!
channel 1 training pass!
change freq to 800MHz 1,0
Channel 0: LPDDR4,800MHz
Bus Width=32 Col=10 Bank=8 Row=15/15 CS=2 Die Bus-Width=16 Size=2048MB
Channel 1: LPDDR4,800MHz
Bus Width=32 Col=10 Bank=8 Row=15/15 CS=2 Die Bus-Width=16 Size=2048MB
256B stride
ch 0 ddrconfig = 0x101, ddrsize = 0x2020
ch 1 ddrconfig = 0x101, ddrsize = 0x2020
pmugrf_os_reg[2] = 0x3AA1FAA1, stride = 0xD
OUT
Boot1: 2019-03-14, version: 1.19
CPUId = 0x0
ChipType = 0x10, 238
SdmmcInit=2 0
BootCapSize=100000
UserCapSize=14910MB
FwPartOffset=2000 , 100000
mmc0:cmd8,20
mmc0:cmd5,20
mmc0:cmd55,20
mmc0:cmd1,20
mmc0:cmd8,20
mmc0:cmd5,20
mmc0:cmd55,20
mmc0:cmd1,20
mmc0:cmd8,20
mmc0:cmd5,20
mmc0:cmd55,20
mmc0:cmd1,20
SdmmcInit=0 1
StorageInit ok = 67011
SecureMode = 0
SecureInit read PBA: 0x4
SecureInit read PBA: 0x404
SecureInit read PBA: 0x804
SecureInit read PBA: 0xc04
SecureInit read PBA: 0x1004
SecureInit read PBA: 0x1404
SecureInit read PBA: 0x1804
SecureInit read PBA: 0x1c04
SecureInit ret = 0, SecureMode = 0
atags_set_bootdev: ret:(0)
GPT part:  0, name:            uboot, start:0x4000, size:0x2000
GPT part:  1, name:            trust, start:0x6000, size:0x2000
GPT part:  2, name:             misc, start:0x8000, size:0x2000
GPT part:  3, name:         resource, start:0xa000, size:0x8000
GPT part:  4, name:           kernel, start:0x12000, size:0x10000
GPT part:  5, name:              dtb, start:0x22000, size:0x2000
GPT part:  6, name:             dtbo, start:0x24000, size:0x2000
GPT part:  7, name:           vbmeta, start:0x26000, size:0x800
GPT part:  8, name:             boot, start:0x26800, size:0x10000
GPT part:  9, name:         recovery, start:0x36800, size:0x20000
GPT part: 10, name:           backup, start:0x56800, size:0x38000
GPT part: 11, name:         security, start:0x8e800, size:0x2000
GPT part: 12, name:            cache, start:0x90800, size:0x100000
GPT part: 13, name:           system, start:0x190800, size:0x500000
GPT part: 14, name:         metadata, start:0x690800, size:0x8000
GPT part: 15, name:           vendor, start:0x698800, size:0x100000
GPT part: 16, name:              oem, start:0x798800, size:0x100000
GPT part: 17, name:              frp, start:0x898800, size:0x400
GPT part: 18, name:         userdata, start:0x898c00, size:0x14863df
find part:uboot OK. first_lba:0x4000.
find part:trust OK. first_lba:0x6000.
LoadTrust Addr:0x6000
No find bl30.bin
Load uboot, ReadLba = 4000
Load OK, addr=0x200000, size=0xe1b70
RunBL31 0x10000
NOTICE:  BL31: v1.3(debug):370ab80
NOTICE:  BL31: Built : 09:23:41, Mar  4 2019
NOTICE:  BL31: Rockchip release version: v1.1
INFO:    GICv3 with legacy support detected. ARM GICV3 driver initialized in EL3
INFO:    Using opteed sec cpu_context!
INFO:    boot cpu mask: 0
INFO:    plat_rockchip_pmu_init(1181): pd status 3e
INFO:    BL31: Initializing runtime services
INFO:    BL31: Initializing BL32
INF [0x0] TEE-CORE:init_primary_helper:337: Initializing (1.1.0-195-g8f090d20 #6 Fri Dec  7 06:11:20 UTC 2018 aarch64)

INF [0x0] TEE-CORE:init_primary_helper:338: Release version: 1.2

INF [0x0] TEE-CORE:init_teecore:83: teecore inits done
INFO:    BL31: Preparing for EL3 exit to normal world
INFO:    Entry point address = 0x200000
INFO:    SPSR = 0x3c9


U-Boot 2017.09 (May 23 2019 - 16:27:25 +0800)

Model: Rockchip RK3399 Evaluation Board
PreSerial: 2
DRAM:  3.8 GiB
Sysmem: init
Relocation Offset is: f5be3000
Using default environment

dwmmc@fe320000: 1, sdhci@fe330000: 0
Bootdev(atags): mmc 0
PartType: EFI
boot mode: None
Load FDT from boot part
DTB: rk-kernel.dtb
ANDROID: fdt overlay OK
I2c speed: 400000Hz
PMIC:  RK808 
vdd_center 900000 uV
vdd_cpu_l 900000 uV
vdd_log 900000 uV
Model: RK3399 ChestNut Board v1 (Android)
Rockchip UBOOT DRM driver version: v1.0.1
CLK: (uboot. arml: enter 816000 KHz, init 816000 KHz, kernel 0N/A)
CLK: (uboot. armb: enter 24000 KHz, init 24000 KHz, kernel 0N/A)
  aplll 816000 KHz
  apllb 24000 KHz
  dpll 800000 KHz
  cpll 24000 KHz
  gpll 800000 KHz
  npll 600000 KHz
  vpll 24000 KHz
  aclk_perihp 133333 KHz
  hclk_perihp 66666 KHz
  pclk_perihp 33333 KHz
  aclk_perilp0 266666 KHz
  hclk_perilp0 88888 KHz
  pclk_perilp0 44444 KHz
  hclk_perilp1 100000 KHz
  pclk_perilp1 50000 KHz
Net:   eth0: ethernet@fe300000
Hit key to stop autoboot('CTRL+C'):  0 
ANDROID: reboot reason: "(none)"
SecureBoot enabled, AVB verify
read_is_device_unlocked() ops returned that device is UNLOCKED
FDT load addr 0x10f00000 size 272 KiB
Booting IMAGE kernel at 0x00280000 with fdt at 0x8300000...


## Booting Android Image at 0x0027f800 ...
Kernel load addr 0x00280000 size 19081 KiB
## Flattened Device Tree blob at 08300000
   Booting using the fdt blob at 0x8300000
   XIP Kernel Image ... OK
   Loading Device Tree to 00000000e9db9000, end 00000000e9dd4cf6 ... OK
Adding bank: 0x00200000 - 0x08400000 (size: 0x08200000)
Adding bank: 0x0a200000 - 0xf8000000 (size: 0xede00000)
Total: 1744.106 ms

Starting kernel ...


[    0.000000] Booting Linux on physical CPU 0x0
[    0.000000] Initializing cgroup subsys cpuset
[    0.000000] Initializing cgroup subsys cpu
[    0.000000] Initializing cgroup subsys cpuacct
[    0.000000] Initializing cgroup subsys schedtune
[    0.000000] Linux version 4.4.167 (warroir@Edge-E540) (gcc version 6.3.1 20170404 (Linaro GCC 6.3-2017.05) ) #7 SMP PREEMPT Thu May 23 16:40:10 CST 2019
[    0.000000] Boot CPU: AArch64 Processor [410fd034]
[    0.000000] earlycon: Early serial console at MMIO32 0xff1a0000 (options '')
[    0.000000] bootconsole [uart0] enabled
[    0.000000] Reserved memory: failed to reserve memory for node 'stb-devinfo@00000000': base 0x0000000000000000, size 0 MiB
[    0.000000] cma: Reserved 16 MiB at 0x00000000f7000000
[    0.000000] psci: probing for conduit method from DT.
[    0.000000] psci: PSCIv1.0 detected in firmware.
[    0.000000] psci: Using standard PSCI v0.2 function IDs
[    0.000000] psci: Trusted OS migration not required
[    0.000000] PERCPU: Embedded 21 pages/cpu @ffffffc0f6ede000 s45528 r8192 d32296 u86016
[    0.000000] Detected VIPT I-cache on CPU0
[    0.000000] CPU features: enabling workaround for ARM erratum 845719
[    0.000000] Built 1 zonelists in Zone order, mobility grouping on.  Total pages: 991752
[    0.000000] Kernel command line: storagemedia=emmc androidboot.mode=normal androidboot.dtbo_idx=0 dm="1 vroot none ro 1,0 5159992 verity 1 PARTUUID=af01642c-9b84-11e8-9b2a-234eb5e198a0 PARTUUID=af01642c-9b84-11e8-9b2a-234eb5e198a0 4096 4096 644999 644999 sha1 c6a1caabae9df5c14a1de00f61c036ac81cfba18 3d753bed7e8dbb4c474f4a4d13d5dd44c21c20fe 10 restart_on_corruption ignore_zero_blocks use_fec_from_device PARTUUID=af01642c-9b84-11e8-9b2a-234eb5e198a0 fec_roots 2 fec_blocks 650080 fec_start 650080" root=/dev/dm-0 androidboot.vbmeta.device=PARTUUID=a6200000-0000-4230-8000-5bbb00002572 androidboot.vbmeta.avb_version=1.1 androidboot.vbmeta.device_state=unlocked androidboot.vbmeta.hash_alg=sha256 androidboot.vbmeta.size=3456 androidboot.vbmeta.digest=505c706b353b1090f90f5a78fe3d4b06d27e577a14529ace61db8fc5f25ed45c androidboot.vbmeta.invalidate_on_error=yes androidboot.veritymode=enforcing androidboot.verifiedbootstate=orange androidboot.slot_suffix= androidboot.serialno=b54cffce2fa1ba47 androidboot.wificountrycode=US androidboot.hardware=rk30board androidboot.console=ttyFIQ0 firmware_class.path=/vendor/etc/firmware init=/init rootwait ro init=/init loop.max_part=7 androidboot.selinux=permissive buildvariant=user earlycon=uart8250,mmio32,0xff1a0000 swiotlb=1 console=ttyFIQ0 androidboot.baseband=N/A coherent_pool=1m
[    0.000000] device-mapper: init: will configure 1 devices
[    0.000000] PID hash table entries: 4096 (order: 3, 32768 bytes)
[    0.000000] Dentry cache hash table entries: 524288 (order: 10, 4194304 bytes)
[    0.000000] Inode-cache hash table entries: 262144 (order: 9, 2097152 bytes)
[    0.000000] software IO TLB [mem 0xf6e96000-0xf6ed6000] (0MB) mapped at [ffffffc0f6e96000-ffffffc0f6ed5fff]
[    0.000000] Memory: 3918448K/4030464K available (11134K kernel code, 1736K rwdata, 5384K rodata, 768K init, 2411K bss, 95632K reserved, 16384K cma-reserved)
[    0.000000] Virtual kernel memory layout:
[    0.000000]     modules : 0xffffff8000000000 - 0xffffff8008000000   (   128 MB)
[    0.000000]     vmalloc : 0xffffff8008000000 - 0xffffffbdbfff0000   (   246 GB)
[    0.000000]       .init : 0xffffff80090b0000 - 0xffffff8009170000   (   768 KB)
[    0.000000]       .text : 0xffffff8008080000 - 0xffffff8008b60000   ( 11136 KB)
[    0.000000]     .rodata : 0xffffff8008b60000 - 0xffffff80090b0000   (  5440 KB)
[    0.000000]       .data : 0xffffff8009170000 - 0xffffff8009322008   (  1737 KB)
[    0.000000]     vmemmap : 0xffffffbdc0000000 - 0xffffffbfc0000000   (     8 GB maximum)
[    0.000000]               0xffffffbdc0008000 - 0xffffffbdc3e00000   (    61 MB actual)
[    0.000000]     fixed   : 0xffffffbffe7fb000 - 0xffffffbffec00000   (  4116 KB)
[    0.000000]     PCI I/O : 0xffffffbffee00000 - 0xffffffbfffe00000   (    16 MB)
[    0.000000]     memory  : 0xffffffc000200000 - 0xffffffc0f8000000   (  3966 MB)
[    0.000000] SLUB: HWalign=64, Order=0-3, MinObjects=0, CPUs=6, Nodes=1
[    0.000000] Preemptible hierarchical RCU implementation.
[    0.000000]  Build-time adjustment of leaf fanout to 64.
[    0.000000]  RCU restricting CPUs from NR_CPUS=8 to nr_cpu_ids=6.
[    0.000000] RCU: Adjusting geometry for rcu_fanout_leaf=64, nr_cpu_ids=6
[    0.000000] NR_IRQS:64 nr_irqs:64 0
[    0.000000] GIC: Using split EOI/Deactivate mode
[    0.000000] ITS: /interrupt-controller@fee00000/interrupt-controller@fee20000
[    0.000000] ITS: allocated 65536 Devices @a200000 (psz 64K, shr 0)
[    0.000000] ITS: using cache flushing for cmd queue
[    0.000000] GIC: using LPI property table @0x000000000a280000
[    0.000000] ITS: Allocated 1792 chunks for LPIs
[    0.000000] CPU0: found redistributor 0 region 0:0x00000000fef00000
[    0.000000] CPU0: using LPI pending table @0x000000000a290000
[    0.000000] GIC: using cache flushing for LPI property table
[    0.000000] GIC: PPI partition interrupt-partition-0[0] { /cpus/cpu@0[0] /cpus/cpu@1[1] /cpus/cpu@2[2] /cpus/cpu@3[3] }
[    0.000000] GIC: PPI partition interrupt-partition-1[1] { /cpus/cpu@100[4] /cpus/cpu@101[5] }
[    0.000000] rockchip_clk_register_frac_branch: could not find dclk_vop0_frac as parent of dclk_vop0, rate changes may not work
[    0.000000] rockchip_clk_register_frac_branch: could not find dclk_vop1_frac as parent of dclk_vop1, rate changes may not work
[    0.000000] rockchip_cpuclk_pre_rate_change: limiting alt-divider 33 to 31
[    0.000000] Architected cp15 timer(s) running at 24.00MHz (phys).
[    0.000000] clocksource: arch_sys_counter: mask: 0xffffffffffffff max_cycles: 0x588fe9dc0, max_idle_ns: 440795202592 ns
[    0.000005] sched_clock: 56 bits at 24MHz, resolution 41ns, wraps every 4398046511097ns
[    0.002043] Calibrating delay loop (skipped), value calculated using timer frequency.. 48.00 BogoMIPS (lpj=80000)
[    0.003023] pid_max: default: 32768 minimum: 301
[    0.003546] Security Framework initialized
[    0.003942] SELinux:  Initializing.
[    0.004354] Mount-cache hash table entries: 8192 (order: 4, 65536 bytes)
[    0.004995] Mountpoint-cache hash table entries: 8192 (order: 4, 65536 bytes)
[    0.006429] Initializing cgroup subsys memory
[    0.006868] Initializing cgroup subsys freezer
[    0.008238] sched-energy: Sched-energy-costs installed from DT
[    0.008796] CPU0: update cpu_capacity 401
[    0.009254] ASID allocator initialised with 32768 entries
[    0.026091] PCI/MSI: /interrupt-controller@fee00000/interrupt-controller@fee20000 domain created
[    0.027428] Platform MSI: /interrupt-controller@fee00000/interrupt-controller@fee20000 domain created
[    0.039480] Detected VIPT I-cache on CPU1
[    0.039512] CPU1: found redistributor 1 region 0:0x00000000fef20000
[    0.039546] CPU1: using LPI pending table @0x00000000f1c00000
[    0.039587] CPU1: update cpu_capacity 401
[    0.039591] CPU1: Booted secondary processor [410fd034]
[    0.049466] Detected VIPT I-cache on CPU2
[    0.049485] CPU2: found redistributor 2 region 0:0x00000000fef40000
[    0.049512] CPU2: using LPI pending table @0x00000000f1c30000
[    0.049536] CPU2: update cpu_capacity 401
[    0.049540] CPU2: Booted secondary processor [410fd034]
[    0.059498] Detected VIPT I-cache on CPU3
[    0.059516] CPU3: found redistributor 3 region 0:0x00000000fef60000
[    0.059543] CPU3: using LPI pending table @0x00000000f1c70000
[    0.059567] CPU3: update cpu_capacity 401
[    0.059570] CPU3: Booted secondary processor [410fd034]
[    0.069547] Detected PIPT I-cache on CPU4
[    0.069573] CPU4: found redistributor 100 region 0:0x00000000fef80000
[    0.069612] CPU4: using LPI pending table @0x00000000f1cc0000
[    0.069650] CPU4: update cpu_capacity 1024
[    0.069653] CPU4: Booted secondary processor [410fd082]
[    0.079572] Detected PIPT I-cache on CPU5
[    0.079590] CPU5: found redistributor 101 region 0:0x00000000fefa0000
[    0.079625] CPU5: using LPI pending table @0x00000000f1ce0000
[    0.079651] CPU5: update cpu_capacity 1024
[    0.079654] CPU5: Booted secondary processor [410fd082]
[    0.079736] Brought up 6 CPUs
[    0.092042] SMP: Total of 6 processors activated.
[    0.092492] CPU features: detected feature: GIC system register CPU interface
[    0.093171] CPU features: detected feature: 32-bit EL0 Support
[    0.093736] CPU: All CPU(s) started at EL2
[    0.094163] alternatives: patching kernel code
[    0.096508] devtmpfs: initialized
[    0.118806] clocksource: jiffies: mask: 0xffffffff max_cycles: 0xffffffff, max_idle_ns: 6370867519511994 ns
[    0.119744] futex hash table entries: 2048 (order: 5, 131072 bytes)
[    0.120979] pinctrl core: initialized pinctrl subsystem
[    0.123117] Failed to find legacy iommu devices
[    0.123931] NET: Registered protocol family 16
[    0.125111] schedtune: init normalization constants...
[    0.125599] schedtune: CLUSTER[0-3]      min_pwr:    56 max_pwr:   222
[    0.126215] schedtune: CPU[0]            min_pwr:     0 max_pwr:   222
[    0.126840] schedtune: CPU[1]            min_pwr:     0 max_pwr:   222
[    0.127455] schedtune: CPU[2]            min_pwr:     0 max_pwr:   222
[    0.128068] schedtune: CPU[3]            min_pwr:     0 max_pwr:   222
[    0.128684] schedtune: CLUSTER[4-5]      min_pwr:    65 max_pwr:  1108
[    0.129297] schedtune: CPU[4]            min_pwr:     0 max_pwr:  1108
[    0.129911] schedtune: CPU[5]            min_pwr:     0 max_pwr:  1108
[    0.130531] schedtune: SYSTEM            min_pwr:   121 max_pwr:  4434
[    0.131146] schedtune: using normalization constants mul: 3862781856 sh1: 1 sh2: 12
[    0.131861] schedtune: verify normalization constants...
[    0.132360] schedtune: max_pwr/2^0: 4313 => norm_pwr:  1024
[    0.132885] schedtune: max_pwr/2^1: 2156 => norm_pwr:   511
[    0.133406] schedtune: max_pwr/2^2: 1078 => norm_pwr:   255
[    0.133933] schedtune: max_pwr/2^3:  539 => norm_pwr:   127
[    0.134456] schedtune: max_pwr/2^4:  269 => norm_pwr:    63
[    0.134980] schedtune: max_pwr/2^5:  134 => norm_pwr:    31
[    0.135503] schedtune: configured to support 5 boost groups
[    0.143968] cpuidle: using governor ladder
[    0.153972] cpuidle: using governor menu
[    0.154356] Registered FIQ tty driver
[    0.155421] vdso: 2 pages (1 code @ ffffff8008b66000, 1 data @ ffffff8009174000)
[    0.156136] hw-breakpoint: found 6 breakpoint and 4 watchpoint registers.
[    0.157799] DMA: preallocated 1024 KiB pool for atomic allocations
[    0.178879] console [pstore-1] enabled
[    0.179457] pstore: Registered ramoops as persistent store backend
[    0.180040] ramoops: attached 0xf0000@0x110000, ecc: 0/0
[    0.183095] fiq debugger fiq mode enabled
[ [    0.183737] console [ttyFIQ0] enabled
   0.183737] console [ttyFIQ0] enabled
[    0.184425] bootconsole [uart0] disabled
[    0.184425] bootconsole [uart0] disabled
[    0.184958] Registered fiq debugger ttyFIQ0
[    0.217492] vcc3v3_sys: supplied by vcc_sys
[    0.217718] rockchip-pinctrl pinctrl: unable to find group for node csi-pwr-en
[    0.217860] vcc_csi_dvdd_1v2_f: supplied by vcc3v3_sys
[    0.218653] iommu: Adding device ff650000.vpu_service to group 0
[    0.218732] iommu: Adding device ff660000.rkvdec to group 1
[    0.218804] iommu: Adding device ff670000.iep to group 2
[    0.218910] iommu: Adding device ff8f0000.vop to group 3
[    0.218997] iommu: Adding device ff900000.vop to group 4
[    0.219082] iommu: Adding device ff910000.rkisp1 to group 5
[    0.219171] iommu: Adding device ff920000.rkisp1 to group 6
[    0.219637] rk_iommu ff650800.iommu: can't get sclk
[    0.219898] rk_iommu ff660480.iommu: can't get sclk
[    0.219992] rk_iommu ff670800.iommu: can't get aclk
[    0.220004] rk_iommu ff670800.iommu: can't get hclk
[    0.220014] rk_iommu ff670800.iommu: can't get sclk
[    0.220180] rk_iommu ff8f3f00.iommu: can't get sclk
[    0.220332] rk_iommu ff903f00.iommu: can't get sclk
[    0.220481] rk_iommu ff914000.iommu: can't get sclk
[    0.220626] rk_iommu ff924000.iommu: can't get sclk
[    0.220934] SCSI subsystem initialized
[    0.221118] usbcore: registered new interface driver usbfs
[    0.221164] usbcore: registered new interface driver hub
[    0.221235] usbcore: registered new device driver usb
[    0.221635] media: Linux media interface: v0.10
[    0.221673] Linux video capture interface: v2.00
[    0.221858] pps_core: LinuxPPS API ver. 1 registered
[    0.221868] pps_core: Software ver. 5.3.6 - Copyright 2005-2007 Rodolfo Giometti <giometti@linux.it>
[    0.221887] PTP clock support registered
[    0.223649] Advanced Linux Sound Architecture Driver Initialized.
[    0.224140] Bluetooth: Core ver 2.21
[    0.224181] NET: Registered protocol family 31
[    0.224190] Bluetooth: HCI device and connection manager initialized
[    0.224203] Bluetooth: HCI socket layer initialized
[    0.224215] Bluetooth: L2CAP socket layer initialized
[    0.224256] Bluetooth: SCO socket layer initialized
[    0.224983] rockchip-cpuinfo cpuinfo: Serial         : b54cffce2fa1ba47
[    0.225862] clocksource: Switched to clocksource arch_sys_counter
[    0.269671] thermal thermal_zone1: power_allocator: sustainable_power will be estimated
[    0.269925] NET: Registered protocol family 2
[    0.270368] TCP established hash table entries: 32768 (order: 6, 262144 bytes)
[    0.270639] TCP bind hash table entries: 32768 (order: 7, 524288 bytes)
[    0.271182] TCP: Hash tables configured (established 32768 bind 32768)
[    0.271267] UDP hash table entries: 2048 (order: 4, 65536 bytes)
[    0.271376] UDP-Lite hash table entries: 2048 (order: 4, 65536 bytes)
[    0.271617] NET: Registered protocol family 1
[    0.273452] hw perfevents: enabled with armv8_cortex_a53 PMU driver, 7 counters available
[    0.273543] hw perfevents: enabled with armv8_cortex_a72 PMU driver, 7 counters available
[    0.276416] audit: initializing netlink subsys (disabled)
[    0.276473] audit: type=2000 audit(0.273:1): initialized
[    0.281891] VFS: Disk quotas dquot_6.6.0
[    0.282024] VFS: Dquot-cache hash table entries: 512 (order 0, 4096 bytes)
[    0.282915] Registering sdcardfs 0.1
[    0.283460] fuse init (API version 7.23)
[    0.284644] 
[    0.284644] TEE Core Framework initialization (ver 1:0.1)
[    0.284675] TEE armv7 Driver initialization
[    0.285080] tz_tee_probe: name="armv7sec", id=0, pdev_name="armv7sec.0"
[    0.285101] TEE core: Alloc the misc device "opteearmtz00" (id=0)
[    0.285279] TEE Core: Register the misc device "opteearmtz00" (id=0,minor=62)
[    0.289758] Block layer SCSI generic (bsg) driver version 0.4 loaded (major 245)
[    0.289784] io scheduler noop registered
[    0.289946] io scheduler cfq registered (default)
[    0.292688] rockchip-mipi-dphy-rx ff770000.syscon:mipi-dphy-rx0: invalid resource
[    0.295931] iep: failed to find iep power down clock source.
[    0.296303] IEP Power ON
[    0.296469] IEP Power OFF
[    0.296502] IEP Driver loaded succesfully
[    0.296614] Module initialized.
[    0.296862] rk-vcodec ff650000.vpu_service: no regulator for vcodec
[    0.297081] rk-vcodec ff650000.vpu_service: probe device
[    0.297254] rk-vcodec ff650000.vpu_service: drm allocator with mmu enabled
[    0.297745] rk-vcodec ff650000.vpu_service: could not find power_model node
[    0.297762] rk-vcodec ff650000.vpu_service: init success
[    0.297936] rk-vcodec ff660000.rkvdec: no regulator for vcodec
[    0.298314] rk-vcodec ff660000.rkvdec: probe device
[    0.298484] rk-vcodec ff660000.rkvdec: drm allocator with mmu enabled
[    0.298860] rk-vcodec ff660000.rkvdec: could not find power_model node
[    0.298878] rk-vcodec ff660000.rkvdec: init success
[    0.300414] dma-pl330 ff6d0000.dma-controller: Loaded driver for PL330 DMAC-241330
[    0.300429] dma-pl330 ff6d0000.dma-controller:       DBUFF-32x8bytes Num_Chans-6 Num_Peri-12 Num_Events-12
[    0.301760] dma-pl330 ff6e0000.dma-controller: Loaded driver for PL330 DMAC-241330
[    0.301780] dma-pl330 ff6e0000.dma-controller:       DBUFF-128x8bytes Num_Chans-8 Num_Peri-20 Num_Events-16
[    0.303803] Serial: 8250/16550 driver, 6 ports, IRQ sharing disabled
[    0.304393] ff180000.serial: ttyS0 at MMIO 0xff180000 (irq = 38, base_baud = 1500000) is a 16550A
[    0.304855] [drm] Initialized drm 1.1.0 20060810
[    0.308715] [drm] Rockchip DRM driver version: v1.0.1
[    0.311735] Unable to detect cache hierarchy for CPU 0
[    0.346446] brd: module loaded
[    0.364678] loop: module loaded
[    0.368534] zram: Added device: zram0
[    0.369553] SCSI Media Changer driver v0.25 
[    0.370275] tun: Universal TUN/TAP device driver, 1.6
[    0.370290] tun: (C) 1999-2004 Max Krasnyansky <maxk@qualcomm.com>
[    0.371345] rk_gmac-dwmac fe300000.ethernet: clock input or output? (input).
[    0.371367] rk_gmac-dwmac fe300000.ethernet: TX delay(0x28).
[    0.371380] rk_gmac-dwmac fe300000.ethernet: RX delay(0x11).
[    0.371405] rk_gmac-dwmac fe300000.ethernet: integrated PHY? (no).
[    0.371568] rk_gmac-dwmac fe300000.ethernet: cannot get clock clk_mac_speed
[    0.371583] rk_gmac-dwmac fe300000.ethernet: clock input from PHY
[    0.376599] rk_gmac-dwmac fe300000.ethernet: init for RGMII
[    0.376724] stmmac - user ID: 0x10, Synopsys ID: 0x35
[    0.376737]  Ring mode enabled
[    0.376745]  DMA HW capability register supported
[    0.376751]  Normal descriptors
[    0.376761]  RX Checksum Offload Engine supported (type 2)
[    0.376768]  TX Checksum insertion supported
[    0.376775]  Wake-Up On Lan supported
[    0.376815]  Enable RX Mitigation via HW Watchdog Timer
[    0.445937] libphy: stmmac: probed
[    0.445995] eth%d: PHY ID 001cc916 at 0 IRQ POLL (stmmac-0:00) active
[    0.446009] eth%d: PHY ID 001cc916 at 1 IRQ POLL (stmmac-0:01)
[    0.447602] PPP generic driver version 2.4.2
[    0.447883] PPP BSD Compression module registered
[    0.447909] PPP Deflate Compression module registered
[    0.447949] PPP MPPE Compression module registered
[    0.447975] NET: Registered protocol family 24
[    0.448039] SLIP: version 0.8.4-NET3.019-NEWTTY (dynamic channels, max=256) (6 bit encapsulation enabled).
[    0.448048] CSLIP: code copyright 1989 Regents of the University of California.
[    0.448070] Rockchip WiFi SYS interface (V1.00) ... 
[    0.448192] usbcore: registered new interface driver catc
[    0.448256] usbcore: registered new interface driver kaweth
[    0.448275] pegasus: v0.9.3 (2013/04/25), Pegasus/Pegasus II USB Ethernet driver
[    0.448322] usbcore: registered new interface driver pegasus
[    0.448379] usbcore: registered new interface driver rtl8150
[    0.448445] usbcore: registered new interface driver r8152
[    0.448462] hso: drivers/net/usb/hso.c: Option Wireless
[    0.448532] usbcore: registered new interface driver hso
[    0.448599] usbcore: registered new interface driver asix
[    0.448662] usbcore: registered new interface driver ax88179_178a
[    0.448716] usbcore: registered new interface driver cdc_ether
[    0.448778] usbcore: registered new interface driver cdc_eem
[    0.448847] usbcore: registered new interface driver dm9601
[    0.448913] usbcore: registered new interface driver smsc75xx
[    0.448977] usbcore: registered new interface driver smsc95xx
[    0.449035] usbcore: registered new interface driver gl620a
[    0.449101] usbcore: registered new interface driver net1080
[    0.449157] usbcore: registered new interface driver plusb
[    0.449241] usbcore: registered new interface driver rndis_host
[    0.449306] usbcore: registered new interface driver cdc_subset
[    0.449361] usbcore: registered new interface driver zaurus
[    0.449421] usbcore: registered new interface driver MOSCHIP usb-ethernet driver
[    0.449509] usbcore: registered new interface driver int51x1
[    0.449572] usbcore: registered new interface driver kalmia
[    0.449628] usbcore: registered new interface driver ipheth
[    0.449685] usbcore: registered new interface driver sierra_net
[    0.449743] usbcore: registered new interface driver cx82310_eth
[    0.449810] usbcore: registered new interface driver cdc_ncm
[    0.449861] usbcore: registered new interface driver qmi_wwan
[    0.449917] usbcore: registered new interface driver cdc_mbim
[    0.451695] rockchip-dwc3 usb0: failed to get drvdata dwc3
[    0.452790] rockchip-usb2phy ff770000.syscon:usb2-phy@e460: Requested PHY is disabled
[    0.454484] rockchip-dwc3 usb1: fail to get drvdata hcd
[    0.455697] ehci_hcd: USB 2.0 'Enhanced' Host Controller (EHCI) Driver
[    0.455718] ehci-pci: EHCI PCI platform driver
[    0.455780] ehci-platform: EHCI generic platform driver
[    0.458280] ehci-platform fe3c0000.usb: EHCI Host Controller
[    0.458444] ehci-platform fe3c0000.usb: new USB bus registered, assigned bus number 1
[    0.458613] ehci-platform fe3c0000.usb: irq 30, io mem 0xfe3c0000
[    0.465877] ehci-platform fe3c0000.usb: USB 2.0 started, EHCI 1.00
[    0.466010] usb usb1: New USB device found, idVendor=1d6b, idProduct=0002
[    0.466032] usb usb1: New USB device strings: Mfr=3, Product=2, SerialNumber=1
[    0.466042] usb usb1: Product: EHCI Host Controller
[    0.466052] usb usb1: Manufacturer: Linux 4.4.167 ehci_hcd
[    0.466061] usb usb1: SerialNumber: fe3c0000.usb
[    0.466520] hub 1-0:1.0: USB hub found
[    0.466556] hub 1-0:1.0: 1 port detected
[    0.467082] ohci_hcd: USB 1.1 'Open' Host Controller (OHCI) Driver
[    0.467112] ohci-platform: OHCI generic platform driver
[    0.467549] ohci-platform fe3e0000.usb: Generic Platform OHCI controller
[    0.467791] ohci-platform fe3e0000.usb: new USB bus registered, assigned bus number 2
[    0.468024] ohci-platform fe3e0000.usb: irq 31, io mem 0xfe3e0000
[    0.523417] usb usb2: New USB device found, idVendor=1d6b, idProduct=0001
[    0.523454] usb usb2: New USB device strings: Mfr=3, Product=2, SerialNumber=1
[    0.523469] usb usb2: Product: Generic Platform OHCI controller
[    0.523482] usb usb2: Manufacturer: Linux 4.4.167 ohci_hcd
[    0.523495] usb usb2: SerialNumber: fe3e0000.usb
[    0.524055] hub 2-0:1.0: USB hub found
[    0.524117] hub 2-0:1.0: 1 port detected
[    0.525550] usbcore: registered new interface driver cdc_acm
[    0.525569] cdc_acm: USB Abstract Control Model driver for USB modems and ISDN adapters
[    0.525648] usbcore: registered new interface driver usblp
[    0.525716] usbcore: registered new interface driver cdc_wdm
[    0.525774] usbcore: registered new interface driver uas
[    0.525909] usbcore: registered new interface driver usb-storage
[    0.525968] usbcore: registered new interface driver ums-alauda
[    0.526020] usbcore: registered new interface driver ums-cypress
[    0.526071] usbcore: registered new interface driver ums-datafab
[    0.526124] usbcore: registered new interface driver ums_eneub6250
[    0.526185] usbcore: registered new interface driver ums-freecom
[    0.526236] usbcore: registered new interface driver ums-isd200
[    0.526286] usbcore: registered new interface driver ums-jumpshot
[    0.526340] usbcore: registered new interface driver ums-karma
[    0.526396] usbcore: registered new interface driver ums-onetouch
[    0.526448] usbcore: registered new interface driver ums-sddr09
[    0.526498] usbcore: registered new interface driver ums-sddr55
[    0.526552] usbcore: registered new interface driver ums-usbat
[    0.526663] usbcore: registered new interface driver usbserial
[    0.526709] usbcore: registered new interface driver usbserial_generic
[    0.526748] usbserial: USB Serial support registered for generic
[    0.526822] usbcore: registered new interface driver option
[    0.526857] usbserial: USB Serial support registered for GSM modem (1-port)
[    0.527014] usbcore: registered new interface driver trancevibrator
[    0.527036] usb20_otg: version 3.10a 21-DEC-2012
[    0.527310] usb20_host: version 3.10a 21-DEC-2012
[    0.528162] >>>>>>>>67 11 13<<<<<<
[    0.528183] power_en_pin is: 0 
[    0.528194] mod_en_pin is: 0 
[    0.528203] reset_pin is: 0 
[    0.528227] gpios_init: set mod_en_pin(gpiopin 13) low,ret=0 
[    0.528243] gpios_init: set power_en_pin(gpiopin 67) low,ret=0 
[    0.628266] power_en_pin is: 0 
[    0.628283] mod_en_pin is: 0 
[    0.628293] reset_pin is: 0 
[    0.628309] gpios_init: set power_en_pin(gpiopin 67) high,ret=0 
[    0.628326] gpios_init: set reset_pin(gpiopin 11) high,ret=0 
[    0.772548] usb 1-1: new high-speed USB device number 2 using ehci-platform
[    0.897665] usb 1-1: New USB device found, idVendor=05e3, idProduct=0608
[    0.897683] usb 1-1: New USB device strings: Mfr=0, Product=1, SerialNumber=0
[    0.897695] usb 1-1: Product: USB2.0 Hub
[    0.898414] hub 1-1:1.0: USB hub found
[    0.898785] hub 1-1:1.0: 4 ports detected
[    1.028395] gpios_init: set mod_en_pin(gpiopin 13) high,ret=0 
[    1.028670] yf_extend_gpio yf_extend_gpio: not find pin 1
[    1.028679] [YF_extend_CON]yf_extend pin 1 is gpio -2 
[    1.028711] yf_extend_gpio yf_extend_gpio: not find pin 2
[    1.028719] [YF_extend_CON]yf_extend pin 2 is gpio -2 
[    1.028738] yf_extend_gpio yf_extend_gpio: not find pin 3
[    1.028745] [YF_extend_CON]yf_extend pin 3 is gpio -2 
[    1.028763] yf_extend_gpio yf_extend_gpio: not find pin 4
[    1.028771] [YF_extend_CON]yf_extend pin 4 is gpio -2 
[    1.028789] yf_extend_gpio yf_extend_gpio: not find pin 5
[    1.028796] [YF_extend_CON]yf_extend pin 5 is gpio -2 
[    1.028814] yf_extend_gpio yf_extend_gpio: not find pin 6
[    1.028821] [YF_extend_CON]yf_extend pin 6 is gpio -2 
[    1.028878] [YF_extend_CON]yf_extend pin 7 is gpio 32 
[    1.028910] [YF_extend_CON]yf_extend pin 8 is gpio 145 
[    1.028933] yf_extend_gpio yf_extend_gpio: not find pin 9
[    1.028940] [YF_extend_CON]yf_extend pin 9 is gpio -2 
[    1.028972] [YF_extend_CON]yf_extend pin 10 is gpio 144 
[    1.029003] [YF_extend_CON]yf_extend pin 11 is gpio 33 
[    1.029033] [YF_extend_CON]yf_extend pin 12 is gpio 50 
[    1.029063] [YF_extend_CON]yf_extend pin 13 is gpio 35 
[    1.029082] yf_extend_gpio yf_extend_gpio: not find pin 14
[    1.029090] [YF_extend_CON]yf_extend pin 14 is gpio -2 
[    1.029120] [YF_extend_CON]yf_extend pin 15 is gpio 36 
[    1.029150] [YF_extend_CON]yf_extend pin 16 is gpio 54 
[    1.029172] yf_extend_gpio yf_extend_gpio: not find pin 17
[    1.029179] [YF_extend_CON]yf_extend pin 17 is gpio -2 
[    1.029224] [YF_extend_CON]yf_extend pin 18 is gpio 154 
[    1.029255] [YF_extend_CON]yf_extend pin 19 is gpio 40 
[    1.029273] yf_extend_gpio yf_extend_gpio: not find pin 20
[    1.029280] [YF_extend_CON]yf_extend pin 20 is gpio -2 
[    1.029310] [YF_extend_CON]yf_extend pin 21 is gpio 39 
[    1.029340] [YF_extend_CON]yf_extend pin 22 is gpio 56 
[    1.029370] [YF_extend_CON]yf_extend pin 23 is gpio 41 
[    1.029405] [YF_extend_CON]yf_extend pin 24 is gpio 42 
[    1.029423] yf_extend_gpio yf_extend_gpio: not find pin 25
[    1.029431] [YF_extend_CON]yf_extend pin 25 is gpio -2 
[    1.029461] [YF_extend_CON]yf_extend pin 26 is gpio 149 
[    1.029480] yf_extend_gpio yf_extend_gpio: not find pin 27
[    1.029487] [YF_extend_CON]yf_extend pin 27 is gpio -2 
[    1.029505] yf_extend_gpio yf_extend_gpio: not find pin 28
[    1.029513] [YF_extend_CON]yf_extend pin 28 is gpio -2 
[    1.029543] [YF_extend_CON]yf_extend pin 29 is gpio 121 
[    1.029561] yf_extend_gpio yf_extend_gpio: not find pin 30
[    1.029568] [YF_extend_CON]yf_extend pin 30 is gpio -2 
[    1.029599] [YF_extend_CON]yf_extend pin 31 is gpio 122 
[    1.029633] [YF_extend_CON]yf_extend pin 32 is gpio 128 
[    1.029663] [YF_extend_CON]yf_extend pin 33 is gpio 120 
[    1.029681] yf_extend_gpio yf_extend_gpio: not find pin 34
[    1.029688] [YF_extend_CON]yf_extend pin 34 is gpio -2 
[    1.029718] [YF_extend_CON]yf_extend pin 35 is gpio 123 
[    1.029748] [YF_extend_CON]yf_extend pin 36 is gpio 127 
[    1.029778] [YF_extend_CON]yf_extend pin 37 is gpio 124 
[    1.029808] [YF_extend_CON]yf_extend pin 38 is gpio 125 
[    1.029830] yf_extend_gpio yf_extend_gpio: not find pin 39
[    1.029837] [YF_extend_CON]yf_extend pin 39 is gpio -2 
[    1.029868] [YF_extend_CON]yf_extend pin 40 is gpio 126 
[    1.029874] [YF_extend_CON] set all pins output 0.
[    1.030151] usbcore: registered new interface driver xpad
[    1.030211] usbcore: registered new interface driver usb_acecad
[    1.030257] usbcore: registered new interface driver aiptek
[    1.030315] usbcore: registered new interface driver gtco
[    1.030360] usbcore: registered new interface driver hanwang
[    1.030405] usbcore: registered new interface driver kbtab
[    1.030891] sensor_register_slave:kxtj9,id=11
[    1.030913] sensor_register_slave:mma8452,id=17
[    1.030925] sensor_register_slave:lis3dh,id=7
[    1.030946] sensor_register_slave:mma7660,id=18
[    1.030958] sensor_register_slave:lsm303d,id=22
[    1.030970] sensor_register_slave:gs_mc3230,id=23
[    1.030977] [Gsensor]   gsensor_init
[    1.030990] sensor_register_slave:mpu6880_acc,id=24
[    1.031002] sensor_register_slave:mpu6500_acc,id=25
[    1.031014] sensor_register_slave:lsm330_acc,id=26
[    1.031026] sensor_register_slave:bma2xx_acc,id=27
[    1.031039] sensor_register_slave:akm8975,id=30
[    1.031051] sensor_register_slave:akm8963,id=31
[    1.031063] sensor_register_slave:l3g4200d,id=45
[    1.031076] sensor_register_slave:l3g20d,id=46
[    1.031088] sensor_register_slave:ewtsa,id=47
[    1.031100] sensor_register_slave:lsm330_gyro,id=51
[    1.031112] sensor_register_slave:cm3217,id=53
[    1.031124] sensor_register_slave:cm3218,id=54
[    1.031137] sensor_register_slave:ls_stk3410,id=62
[    1.031149] sensor_register_slave:ps_stk3410,id=67
[    1.032203] i2c /dev entries driver
[    1.033442] fan53555-regulator 0-0040: FAN53555 Option[8] Rev[1] Detected!
[    1.033512] fan53555-reg: supplied by vcc_sys
[    1.035803] fan53555-regulator 0-0041: FAN53555 Option[8] Rev[1] Detected!
[    1.035870] fan53555-reg: supplied by vcc_sys
[    1.038210] rk808 0-001b: Pmic Chip id: 0x0
[    1.041517] rk808-regulator rk808-regulator: there is no dvs0 gpio
[    1.041585] rk808-regulator rk808-regulator: there is no dvs1 gpio
[    1.041676] DCDC_REG1: supplied by vcc_sys
[    1.042398] DCDC_REG2: supplied by vcc_sys
[    1.042944] DCDC_REG3: supplied by vcc_sys
[    1.043221] DCDC_REG4: supplied by vcc_sys
[    1.043663] LDO_REG1: supplied by vcc_sys
[    1.044746] LDO_REG2: supplied by vcc_sys
[    1.045703] LDO_REG3: supplied by vcc_sys
[    1.046678] LDO_REG4: supplied by vcc_sys
[    1.047625] LDO_REG5: supplied by vcc_sys
[    1.048595] LDO_REG6: supplied by vcc_sys
[    1.049560] LDO_REG7: supplied by vcc_sys
[    1.050514] LDO_REG8: supplied by vcc_sys
[    1.051487] SWITCH_REG1: supplied by vcc3v3_sys
[    1.051783] SWITCH_REG2: supplied by vcc3v3_sys
[    1.055114] rk808-rtc rk808-rtc: rtc core: registered rk808-rtc as rtc0
[    1.055540] rk3x-i2c ff3c0000.i2c: Initialized RK3xxx I2C bus at ffffff80098f0000
[    1.056261] rk3x-i2c ff110000.i2c: Initialized RK3xxx I2C bus at ffffff80098f2000
[    1.056781] rk3x-i2c ff120000.i2c: Initialized RK3xxx I2C bus at ffffff80098f4000
[    1.057199] rk3x-i2c ff160000.i2c: Initialized RK3xxx I2C bus at ffffff80098f6000
[    1.058302] fusb302 4-0022: Can't get property of role, set role to default DRP
[    1.066551] fusb302 4-0022: port 0 probe success with role ROLE_MODE_DRP, try_role ROLE_MODE_NONE
[    1.066601] rk3x-i2c ff3d0000.i2c: Initialized RK3xxx I2C bus at ffffff80098f8000
[    1.067565] IR NEC protocol handler initialized
[    1.067593] IR RC5(x/sz) protocol handler initialized
[    1.067604] IR RC6 protocol handler initialized
[    1.067614] IR JVC protocol handler initialized
[    1.067625] IR Sony protocol handler initialized
[    1.067635] IR SANYO protocol handler initialized
[    1.067662] IR Sharp protocol handler initialized
[    1.067672] IR MCE Keyboard/mouse protocol handler initialized
[    1.067683] IR XMP protocol handler initialized
[    1.068244] rkisp1 ff910000.rkisp1: rkisp1 driver version: v00.01.01
[    1.068287] rkisp1 ff910000.rkisp1: Missing rockchip,grf property
[    1.069694] rkisp1 ff920000.rkisp1: rkisp1 driver version: v00.01.01
[    1.069738] rkisp1 ff920000.rkisp1: Missing rockchip,grf property
[    1.071015] usbcore: registered new interface driver uvcvideo
[    1.071040] USB Video Class driver (1.1.1)
[    1.071056] CamSys driver version: v0.48.0, CamSys head file version: v1.0.0
[    1.071527] test_power_init: could not find dev node
[    1.073051] Boot mode: coldboot
[    1.074051] rk_tsadcv2_temp_to_code: Invalid conversion table: code=1023, temperature=2147483647
[    1.074268] rockchip-thermal ff260000.tsadc: tsadc is probed successfully!
[    1.074809] device-mapper: uevent: version 1.0.3
[    1.075121] device-mapper: ioctl: 4.34.0-ioctl (2015-10-28) initialised: dm-devel@redhat.com
[    1.075281] device-mapper: verity-avb: AVB error handler initialized with vbmeta device: PARTUUID=a6200000-0000-4230-8000-5bbb00002572
[    1.075316] Bluetooth: HCI UART driver ver 2.3
[    1.075327] Bluetooth: HCI UART protocol H4 registered
[    1.075335] Bluetooth: HCI UART protocol LL registered
[    1.075347] rtk_btusb: RTKBT_RELEASE_NAME: 20180702_BT_ANDROID_8.1
[    1.075355] rtk_btusb: Realtek Bluetooth USB driver module init, version 4.1.5
[    1.075362] rtk_btusb: Register usb char device interface for BT driver
[    1.075564] usbcore: registered new interface driver rtk_btusb
[    1.076050] cpu cpu0: bin=1
[    1.076122] cpu cpu0: leakage=28
[    1.088145] cpu cpu0: temp=42777, pvtm=149632 (149566 + 66)
[    1.088349] cpu cpu0: pvtm-volt-sel=2
[    1.088423] cpu cpu0: bin-scale=34
[    1.088697] cpu cpu4: bin=1
[    1.088752] cpu cpu4: leakage=50
[    1.100811] cpu cpu4: temp=43333, pvtm=159585 (159515 + 70)
[    1.100922] cpu cpu4: pvtm-volt-sel=2
[    1.100983] cpu cpu4: bin-scale=17
[    1.102029] cpu cpu0: avs=0, target-scale=34
[    1.102122] cpu cpu0: l=0 h=2147483647 hyst=5000 l_limit=0 h_limit=0
[    1.102695] cpu cpu0: failed to find power_model node
[    1.103630] cpu cpu4: avs=0, target-scale=17
[    1.103721] cpu cpu4: l=0 h=2147483647 hyst=5000 l_limit=0 h_limit=0
[    1.105108] cpu cpu4: failed to find power_model node
[    1.105924] sdhci: Secure Digital Host Controller Interface driver
[    1.105948] sdhci: Copyright(c) Pierre Ossman
[    1.105961] Synopsys Designware Multimedia Card Interface Driver
[    1.106782] dwmmc_rockchip fe310000.dwmmc: IDMAC supports 32-bit address mode.
[    1.106889] dwmmc_rockchip fe310000.dwmmc: Using internal DMA controller.
[    1.106925] dwmmc_rockchip fe310000.dwmmc: Version ID is 270a
[    1.106972] dwmmc_rockchip fe310000.dwmmc: DW MMC controller at irq 25,32 bit host data width,256 deep fifo
[    1.107008] dwmmc_rockchip fe310000.dwmmc: 'clock-freq-min-max' property was deprecated.
[    1.107055] dwmmc_rockchip fe310000.dwmmc: No vmmc regulator found
[    1.107078] dwmmc_rockchip fe310000.dwmmc: No vqmmc regulator found
[    1.107881] dwmmc_rockchip fe320000.dwmmc: IDMAC supports 32-bit address mode.
[    1.107948] dwmmc_rockchip fe320000.dwmmc: Using internal DMA controller.
[    1.107966] dwmmc_rockchip fe320000.dwmmc: Version ID is 270a
[    1.108005] dwmmc_rockchip fe320000.dwmmc: DW MMC controller at irq 26,32 bit host data width,256 deep fifo
[    1.108037] dwmmc_rockchip fe320000.dwmmc: 'clock-freq-min-max' property was deprecated.
[    1.108130] dwmmc_rockchip fe320000.dwmmc: No vmmc regulator found
[    1.108389] vcc_sdio: unsupportable voltage range: 3300000-3000000uV
[    1.108424] rockchip-iodomain ff770000.syscon:io-domains: Setting to 3000000 done
[    1.108437] rockchip-iodomain ff770000.syscon:io-domains: Setting to 3000000 done
[    1.119356] mmc_host mmc0: Bus speed (slot 0) = 400000Hz (slot req 400000Hz, actual 400000HZ div = 0)
[    1.133741] dwmmc_rockchip fe320000.dwmmc: 1 slots initialized
[    1.134162] sdhci-pltfm: SDHCI platform and OF driver helper
[    1.136306] sdhci-arasan fe330000.sdhci: No vmmc regulator found
[    1.136331] sdhci-arasan fe330000.sdhci: No vqmmc regulator found
[    1.162681] mmc1: SDHCI controller on fe330000.sdhci [fe330000.sdhci] using ADMA
[    1.166020] hidraw: raw HID events driver (C) Jiri Kosina
[    1.169849] usbcore: registered new interface driver usbhid
[    1.169871] usbhid: USB HID core driver
[    1.170060] inv_mpu_iio: inv_mpu_init:746
[    1.171227] ashmem: initialized
[    1.173968] rockchip-dmc dmc: unable to get devfreq-event device : dfi
[    1.177287] ff100000.saradc supply vref not found, using dummy regulator
[    1.180052] rknandbase v1.2 2018-05-08
[    1.180703] usbcore: registered new interface driver snd-usb-audio
[    1.181754] es8316 1-0011: Can not read property spk_ctl_gpio
[    1.181774] es8316 1-0011: Can not read property hp_det_gpio
[    1.187683] u32 classifier
[    1.187763]     Actions configured
[    1.188015] Netfilter messages via NETLINK v0.30.
[    1.188271] nf_conntrack version 0.5.0 (16384 buckets, 65536 max)
[    1.188880] ctnetlink v0.93: registering with nfnetlink.
[    1.189860] xt_time: kernel timezone is -0000
[    1.190091] IPv4 over IPsec tunneling driver
[    1.191425] ip_tables: (C) 2000-2006 Netfilter Core Team
[    1.191874] arp_tables: (C) 2002 David S. Miller
[    1.192417] Initializing XFRM netlink socket
[    1.193086] NET: Registered protocol family 10
[    1.194358] mip6: Mobile IPv6
[    1.194404] ip6_tables: (C) 2000-2006 Netfilter Core Team
[    1.196282] sit: IPv6 over IPv4 tunneling driver
[    1.197288] NET: Registered protocol family 17
[    1.197332] NET: Registered protocol family 15
[    1.197380] bridge: automatic filtering via arp/ip/ip6tables has been deprecated. Update your scripts to load br_netfilter if you need this.
[    1.198333] Bridge firewalling registered
[    1.198359] Ebtables v2.0 registered
[    1.198632] Bluetooth: RFCOMM TTY layer initialized
[    1.198705] Bluetooth: RFCOMM socket layer initialized
[    1.198927] Bluetooth: RFCOMM ver 1.11
[    1.199149] Bluetooth: BNEP (Ethernet Emulation) ver 1.3
[    1.199350] Bluetooth: BNEP filters: protocol multicast
[    1.199575] Bluetooth: BNEP socket layer initialized
[    1.199798] Bluetooth: HIDP (Human Interface Emulation) ver 1.2
[    1.200015] Bluetooth: HIDP socket layer initialized
[    1.200269] l2tp_core: L2TP core driver, V2.0
[    1.200468] l2tp_ppp: PPPoL2TP kernel driver, V2.0
[    1.200688] [WLAN_RFKILL]: Enter rfkill_wlan_init
[    1.201253] [WLAN_RFKILL]: Enter rfkill_wlan_probe
[    1.201405] [WLAN_RFKILL]: wlan_platdata_parse_dt: wifi_chip_type = ap6256
[    1.201582] [WLAN_RFKILL]: wlan_platdata_parse_dt: enable wifi power control.
[    1.201803] [WLAN_RFKILL]: wlan_platdata_parse_dt: wifi power controled by gpio.
[    1.202095] [WLAN_RFKILL]: wlan_platdata_parse_dt: get property: WIFI,host_wake_irq = 3, flags = 0.
[    1.202248] [WLAN_RFKILL]: wlan_platdata_parse_dt: The ref_wifi_clk not found !
[    1.202464] [WLAN_RFKILL]: rfkill_wlan_probe: init gpio
[    1.202687] [WLAN_RFKILL]: Exit rfkill_wlan_probe
[    1.202960] [BT_RFKILL]: Enter rfkill_rk_init
[    1.203525] [BT_RFKILL]: bluetooth_platdata_parse_dt: get property: uart_rts_gpios = 83.
[    1.203630] [BT_RFKILL]: bluetooth_platdata_parse_dt: get property: BT,reset_gpio = 9.
[    1.203753] mmc1: MAN_BKOPS_EN bit is not set
[    1.203840] [BT_RFKILL]: bluetooth_platdata_parse_dt: get property: BT,wake_gpio = 90.
[    1.204059] [BT_RFKILL]: bluetooth_platdata_parse_dt: get property: BT,wake_host_irq = 4.
[    1.204843] [BT_RFKILL]: Request irq for bt wakeup host
[    1.205006] [BT_RFKILL]: ** disable irq
[    1.205307] [BT_RFKILL]: bt_default device registered.
[    1.205629] sensor_register_slave:mpu6500_gyro,id=49
[    1.205644] sensor_register_slave:mpu6880_gyro,id=50
[    1.206230] ov13850 1-0010: could not get sleep pinstate
[    1.206274] __ov13850_power_on
[    1.208177] ov13850 1-0010: Unexpected sensor id(000000), ret(-5)
[    1.208189] __ov13850_power_off
[    1.208314] ov13850: probe of 1-0010 failed with error -5
[    1.208748] ov13850f 2-0010: could not get default pinstate
[    1.208859] ov13850f 2-0010: could not get sleep pinstate
[    1.209097] __ov13850_power_on
[    1.210880] ov13850f 2-0010: Unexpected sensor id(000000), ret(-5)
[    1.210978] __ov13850_power_off
[    1.211300] ov13850f: probe of 2-0010 failed with error -5
[    1.213292] Registered cp15_barrier emulation handler
[    1.213419] Registered setend emulation handler
[    1.214311] registered taskstats version 1
[    1.215927] mmc1: new HS400 Enhanced strobe MMC card at address 0001
[    1.216483] Key type encrypted registered
[    1.216578] mmcblk1: mmc1:0001 AJNB4R 14.6 GiB 
[    1.217128] rockchip ion idev is NULL
[    1.217150] rga2 ff680000.rga: rga ion client create success!
[    1.217317] rga: Driver loaded successfully ver:3.02
[    1.217512] rga2: Module initialized.
[    1.218610] phy phy-ff770000.syscon:usb2-phy@e450.5: Failed to get VBUS supply regulator
[    1.220326] mmcblk1boot0: mmc1:0001 AJNB4R partition 1 4.00 MiB
[    1.220606] mmcblk1boot1: mmc1:0001 AJNB4R partition 2 4.00 MiB
[    1.220626] rockchip-drm display-subsystem: defer getting devfreq
[    1.220859] mmcblk1rpmb: mmc1:0001 AJNB4R partition 3 4.00 MiB
[    1.221025] rockchip-vop ff900000.vop: missing rockchip,grf property
[    1.221411] rockchip-drm display-subsystem: bound ff900000.vop (ops vop_component_ops)
[    1.221484] rockchip-vop ff8f0000.vop: missing rockchip,grf property
[    1.221732] rockchip-drm display-subsystem: bound ff8f0000.vop (ops vop_component_ops)
[    1.222055] dwhdmi-rockchip ff940000.hdmi: Detected HDMI TX controller v2.11a with HDCP (DWC HDMI 2.0 TX PHY)
[    1.223699]  mmcblk1: p1 p2 p3 p4 p5 p6 p7 p8 p9 p10 p11 p12 p13 p14 p15 p16 p17 p18 p19
[    1.224390] rockchip-drm display-subsystem: bound ff940000.hdmi (ops dw_hdmi_rockchip_ops)
[    1.225296] i2c i2c-9: of_i2c: modalias failure on /dp@fec00000/ports
[    1.226092] cdn-dp fec00000.dp: Direct firmware load for rockchip/dptx.bin failed with error -2
[    1.226114] cdn-dp fec00000.dp: Falling back to user helper
[    1.226277] rockchip-drm display-subsystem: bound fec00000.dp (ops cdn_dp_component_ops)
[    1.226301] [drm] Supports vblank timestamp caching Rev 2 (21.10.2013).
[    1.226310] [drm] No driver support for vblank timestamp query.
[    1.226971] rockchip-drm display-subsystem: connector[HDMI-A-1] can't found any modes
[    1.227063] rockchip-drm display-subsystem: can't not find any loader display
[    1.227161] rockchip-drm display-subsystem: failed to show loader logo
[    1.227389] Freeing drm_logo memory: 836K
[    1.227430] rockchip-drm display-subsystem: No connectors reported connected with modes
[    1.227472] [drm] Cannot find any crtc or sizes - going 1024x768
[    1.232838] rockchip-drm display-subsystem: fb0:  frame buffer device
[    1.252368] xhci-hcd xhci-hcd.11.auto: xHCI Host Controller
[    1.252779] xhci-hcd xhci-hcd.11.auto: new USB bus registered, assigned bus number 3
[    1.253370] xhci-hcd xhci-hcd.11.auto: hcc params 0x0220fe64 hci version 0x110 quirks 0x06030010
[    1.253500] xhci-hcd xhci-hcd.11.auto: irq 230, io mem 0xfe800000
[    1.254017] usb usb3: New USB device found, idVendor=1d6b, idProduct=0002
[    1.254164] usb usb3: New USB device strings: Mfr=3, Product=2, SerialNumber=1
[    1.254384] usb usb3: Product: xHCI Host Controller
[    1.254605] usb usb3: Manufacturer: Linux 4.4.167 xhci-hcd
[    1.254826] usb usb3: SerialNumber: xhci-hcd.11.auto
[    1.255699] hub 3-0:1.0: USB hub found
[    1.255793] hub 3-0:1.0: 1 port detected
[    1.256365] xhci-hcd xhci-hcd.11.auto: xHCI Host Controller
[    1.256612] xhci-hcd xhci-hcd.11.auto: new USB bus registered, assigned bus number 4
[    1.256732] usb usb4: We don't know the algorithms for LPM for this host, disabling LPM.
[    1.256992] usb usb4: New USB device found, idVendor=1d6b, idProduct=0003
[    1.257114] usb usb4: New USB device strings: Mfr=3, Product=2, SerialNumber=1
[    1.257332] usb usb4: Product: xHCI Host Controller
[    1.257551] usb usb4: Manufacturer: Linux 4.4.167 xhci-hcd
[    1.257773] usb usb4: SerialNumber: xhci-hcd.11.auto
[    1.258581] hub 4-0:1.0: USB hub found
[    1.258798] hub 4-0:1.0: 1 port detected
[    1.261941] xhci-hcd xhci-hcd.11.auto: remove, state 1
[    1.262000] usb usb4: USB disconnect, device number 1
[    1.263419] rockchip-usb2phy ff770000.syscon:usb2-phy@e460: Requested PHY is disabled
[    1.265519] xhci-hcd xhci-hcd.12.auto: xHCI Host Controller
[    1.265900] xhci-hcd xhci-hcd.12.auto: new USB bus registered, assigned bus number 5
[    1.266429] xhci-hcd xhci-hcd.12.auto: hcc params 0x0220fe64 hci version 0x110 quirks 0x06030010
[    1.266584] xhci-hcd xhci-hcd.12.auto: irq 231, io mem 0xfe900000
[    1.267100] usb usb5: New USB device found, idVendor=1d6b, idProduct=0002
[    1.267242] usb usb5: New USB device strings: Mfr=3, Product=2, SerialNumber=1
[    1.267462] usb usb5: Product: xHCI Host Controller
[    1.267683] usb usb5: Manufacturer: Linux 4.4.167 xhci-hcd
[    1.267901] usb usb5: SerialNumber: xhci-hcd.12.auto
[    1.268773] hub 5-0:1.0: USB hub found
[    1.268980] hub 5-0:1.0: 1 port detected
[    1.269568] xhci-hcd xhci-hcd.12.auto: xHCI Host Controller
[    1.269828] xhci-hcd xhci-hcd.12.auto: new USB bus registered, assigned bus number 6
[    1.269945] usb usb6: We don't know the algorithms for LPM for this host, disabling LPM.
[    1.270203] usb usb6: New USB device found, idVendor=1d6b, idProduct=0003
[    1.270326] usb usb6: New USB device strings: Mfr=3, Product=2, SerialNumber=1
[    1.270545] usb usb6: Product: xHCI Host Controller
[    1.270764] usb usb6: Manufacturer: Linux 4.4.167 xhci-hcd
[    1.270986] usb usb6: SerialNumber: xhci-hcd.12.auto
[    1.271811] hub 6-0:1.0: USB hub found
[    1.272029] hub 6-0:1.0: 1 port detected
[    1.275308] ehci-platform fe380000.usb: EHCI Host Controller
[    1.275701] ehci-platform fe380000.usb: new USB bus registered, assigned bus number 7
[    1.276084] ehci-platform fe380000.usb: irq 28, io mem 0xfe380000
[    1.281578] xhci-hcd xhci-hcd.11.auto: Host not halted after 16000 microseconds.
[    1.281629] xhci-hcd xhci-hcd.11.auto: Host controller not halted, aborting reset.
[    1.281766] xhci-hcd xhci-hcd.11.auto: USB bus 4 deregistered
[    1.282035] xhci-hcd xhci-hcd.11.auto: remove, state 1
[    1.282135] usb usb3: USB disconnect, device number 1
[    1.283190] xhci-hcd xhci-hcd.11.auto: USB bus 3 deregistered
[    1.285895] ehci-platform fe380000.usb: USB 2.0 started, EHCI 1.00
[    1.286138] usb usb7: New USB device found, idVendor=1d6b, idProduct=0002
[    1.286195] usb usb7: New USB device strings: Mfr=3, Product=2, SerialNumber=1
[    1.286413] usb usb7: Product: EHCI Host Controller
[    1.286634] usb usb7: Manufacturer: Linux 4.4.167 ehci_hcd
[    1.286853] usb usb7: SerialNumber: fe380000.usb
[    1.287707] hub 7-0:1.0: USB hub found
[    1.287814] hub 7-0:1.0: 1 port detected
[    1.289184] ohci-platform fe3a0000.usb: Generic Platform OHCI controller
[    1.289740] ohci-platform fe3a0000.usb: new USB bus registered, assigned bus number 3
[    1.290227] ohci-platform fe3a0000.usb: irq 29, io mem 0xfe3a0000
[    1.347106] usb usb3: New USB device found, idVendor=1d6b, idProduct=0001
[    1.347226] usb usb3: New USB device strings: Mfr=3, Product=2, SerialNumber=1
[    1.347439] usb usb3: Product: Generic Platform OHCI controller
[    1.347663] usb usb3: Manufacturer: Linux 4.4.167 ohci_hcd
[    1.347885] usb usb3: SerialNumber: fe3a0000.usb
[    1.349110] hub 3-0:1.0: USB hub found
[    1.349285] hub 3-0:1.0: 1 port detected
[    1.351646] dwmmc_rockchip fe310000.dwmmc: IDMAC supports 32-bit address mode.
[    1.351872] dwmmc_rockchip fe310000.dwmmc: Using internal DMA controller.
[    1.351972] dwmmc_rockchip fe310000.dwmmc: Version ID is 270a
[    1.352218] dwmmc_rockchip fe310000.dwmmc: DW MMC controller at irq 25,32 bit host data width,256 deep fifo
[    1.352427] dwmmc_rockchip fe310000.dwmmc: 'clock-freq-min-max' property was deprecated.
[    1.352684] dwmmc_rockchip fe310000.dwmmc: No vmmc regulator found
[    1.352852] dwmmc_rockchip fe310000.dwmmc: No vqmmc regulator found
[    1.353725] dwmmc_rockchip fe310000.dwmmc: allocated mmc-pwrseq
[    1.365968] mmc_host mmc2: Bus speed (slot 0) = 400000Hz (slot req 400000Hz, actual 400000HZ div = 0)
[    1.379691] dwmmc_rockchip fe310000.dwmmc: 1 slots initialized
[    1.381269] rockchip-dmc dmc: Failed to get leakage
[    1.381419] rockchip-dmc dmc: Failed to get pvtm
[    1.385095] rockchip-dmc dmc: failed to get vop bandwidth to dmc rate
[    1.385189] rockchip-dmc dmc: failed to get vop pn to msch rl
[    1.385735] rockchip-dmc dmc: could not find power_model node
[    1.424433] mmc2: queuing unknown CIS tuple 0x80 (2 bytes)
[    1.426111] mmc2: queuing unknown CIS tuple 0x80 (3 bytes)
[    1.427765] mmc2: queuing unknown CIS tuple 0x80 (3 bytes)
[    1.430665] mmc2: queuing unknown CIS tuple 0x80 (7 bytes)
[    1.434555] mmc2: queuing unknown CIS tuple 0x81 (9 bytes)
[    1.487323] mmc_host mmc2: Bus speed (slot 0) = 150000000Hz (slot req 150000000Hz, actual 150000000HZ div = 0)
[    1.511498] asoc-simple-card es8316-sound: ES8316 HiFi <-> ff890000.i2s mapping ok
[    1.511609] asoc-simple-card es8316-sound: ASoC: no source widget found for MICBIAS1
[    1.511637] asoc-simple-card es8316-sound: ASoC: Failed to add route MICBIAS1 -> direct -> Mic Jack
[    1.511668] asoc-simple-card es8316-sound: ASoC: no sink widget found for IN1P
[    1.511694] asoc-simple-card es8316-sound: ASoC: Failed to add route Mic Jack -> direct -> IN1P
[    1.512195] es8316 1-0011: ASoC: Failed to create Left Hp mixer debugfs file
[    1.512235] es8316 1-0011: ASoC: Failed to create Right Hp mixer debugfs file
[    1.512331] es8316 1-0011: ASoC: Failed to create HPCP L debugfs file
[    1.512363] es8316 1-0011: ASoC: Failed to create HPCP R debugfs file
[    1.512416] es8316 1-0011: ASoC: Failed to create HPVOL L debugfs file
[    1.512449] es8316 1-0011: ASoC: Failed to create HPVOL R debugfs file
[    1.516157] rk-hdmi-dp-sound hdmi-dp-sound: control 3:0:0:ELD:0 is already present
[    1.516229] hdmi-audio-codec hdmi-audio-codec.10.auto: ASoC: Failed to add ELD: -16
[    1.517202] rk-hdmi-dp-sound hdmi-dp-sound: multicodec <-> ff8a0000.i2s mapping ok
[    1.517367] hdmi-audio-codec hdmi-audio-codec.10.auto: ASoC: Failed to create Playback debugfs file
[    1.521490] rk808-rtc rk808-rtc: setting system clock to 2013-01-18 08:57:55 UTC (1358499475)
[    1.524373] It doesn't contain Rogue gpu
[    1.557271] I : [File] : drivers/gpu/arm/mali400/mali/linux/mali_kernel_linux.c; [Line] : 417; [Func] : mali_module_init(); svn_rev_string_from_arm of this mali_ko is '', rk_ko_ver is '5', built at '16:32:20', on 'May 23 2019'.
[    1.557789] Mali: Mali device driver loaded
[    1.558707] input: rk29-keypad as /devices/platform/rockchip-key/input/input0
[    1.559918] ALSA device list:
[    1.559957]   #0: rockchip,es8316-codec
[    1.560203]   #1: rk-hdmi-dp-sound
[    1.716641] vendor storage:20160801 ret = 0
[    1.922751] phy phy-ff770000.syscon:usb2-phy@e450.5: charger = USB_FLOATING_CHARGER
[    1.923170] device-mapper: init: attempting early device configuration.
[    1.926336] device-mapper: init: adding target '0 5159992 verity 1 PARTUUID=af01642c-9b84-11e8-9b2a-234eb5e198a0 PARTUUID=af01642c-9b84-11e8-9b2a-234eb5e198a0 4096 4096 644999 644999 sha1 c6a1caabae9df5c14a1de00f61c036ac81cfba18 3d753bed7e8dbb4c474f4a4d13d5dd44c21c20fe 10 restart_on_corruption ignore_zero_blocks use_fec_from_device PARTUUID=af01642c-9b84-11e8-9b2a-234eb5e198a0 fec_roots 2 fec_blocks 650080 fec_start 650080'
[    1.931194] device-mapper: init: dm-0 is ready
[    1.934571] EXT4-fs (dm-0): couldn't mount as ext3 due to feature incompatibilities
[    1.935241] EXT4-fs (dm-0): couldn't mount as ext2 due to feature incompatibilities
[    1.940184] EXT4-fs (dm-0): mounted filesystem without journal. Opts: (null)
[    1.940272] VFS: Mounted root (ext4 filesystem) readonly on device 252:0.
[    1.940953] Freeing unused kernel memory: 768K
[    1.988469] dwmmc_rockchip fe310000.dwmmc: Successfully tuned phase to 48
[    1.994922] mmc2: queuing unknown CIS tuple 0x91 (3 bytes)
[    1.995078] mmc2: new ultra high speed SDR104 SDIO card at address 0001
[    2.001704] init: init first stage started!
[    2.003340] init: Using Android DT directory /proc/device-tree/firmware/android/
[    2.117862] init: [libfs_mgr]Returning avb_handle with status: 0
[    2.119722] init: [libfs_mgr]Loading verity table: '1 /dev/block/by-name/vendor /dev/block/by-name/vendor 4096 4096 128983 128983 sha1 a7b5b373fda0daabbee5bfa524714098673a3f7b 266fde592913dc1c04740ea3ab89012a27a4682b 10 use_fec_from_device /dev/block/by-name/vendor fec_roots 2 fec_blocks 130000 fec_start 130000 restart_on_corruption ignore_zero_blocks'
[    2.130746] EXT4-fs (dm-1): mounted filesystem without journal. Opts: barrier=1,inode_readahead_blks=8
[    2.130956] init: [libfs_mgr]__mount(source=/dev/block/dm-1,target=/vendor,type=ext4)=0: Success
[    2.131262] init: Skipped setting INIT_AVB_VERSION (not in recovery mode)
[    2.131486] init: Loading SELinux policy
[    2.315360] audit: type=1403 audit(1358499476.290:2): policy loaded auid=4294967295 ses=4294967295
[    2.315694] selinux: SELinux: Loaded policy from /vendor/etc/selinux/precompiled_sepolicy
[    2.315694] 
[    2.323781] selinux: SELinux: Loaded file_contexts
[    2.323781] 
[    2.326151] random: init: uninitialized urandom read (40 bytes read, 31 bits of entropy available)
[    2.329535] init: init second stage started!
[    2.357547] init: Using Android DT directory /proc/device-tree/firmware/android/
[    2.363444] selinux: SELinux: Loaded file_contexts
[    2.363444] 
[    2.363566] init: Running restorecon...
[    2.372924] init: waitid failed: No child processes
[    2.380002] init: Couldn't load property file '/odm/default.prop': open() failed: No such file or directory: No such file or directory
[    2.381480] selinux: avc:  denied  { set } for  scontext=u:r:vendor_init:s0 tcontext=u:object_r:exported_secure_prop:s0 tclass=property_service permissive=1
[    2.381480] 
[    2.381563] init: Unable to set property 'ro.adb.secure' to '1' in property file '/vendor/default.prop': Read-only property was already set
[    2.382208] init: Created socket '/dev/socket/property_service', mode 666, user 0, group 0
[    2.383206] init: Forked subcontext for 'u:r:vendor_init:s0' with pid 211
[    2.384017] init: Forked subcontext for 'u:r:vendor_init:s0' with pid 212
[    2.384280] init: Parsing file /init.rc...
[    2.384770] random: init: uninitialized urandom read (40 bytes read, 32 bits of entropy available)
[    2.385159] random: init: uninitialized urandom read (40 bytes read, 32 bits of entropy available)
[    2.385722] init: Added '/init.environ.rc' to import list
[    2.385767] init: Added '/init.usb.rc' to import list
[    2.385812] init: Added '/init.rk30board.rc' to import list
[    2.385912] init: Added '/vendor/etc/init/hw/init.rk30board.rc' to import list
[    2.385934] init: Added '/init.usb.configfs.rc' to import list
[    2.385964] init: Added '/init.zygote64_32.rc' to import list
[    2.388289] init: Parsing file /init.environ.rc...
[    2.388927] init: Parsing file /init.usb.rc...
[    2.389848] init: Parsing file /init.rk30board.rc...
[    2.389912] init: Unable to read config file '/init.rk30board.rc': open() failed: No such file or directory
[    2.389941] init: /init.rc: 9: Could not import file '/init.rk30board.rc': No such file or directory
[    2.391323] init: Parsing file /vendor/etc/init/hw/init.rk30board.rc...
[    2.391942] init: Added '/vendor/etc/init/hw/init.rockchip.rc' to import list
[    2.391987] init: Added '/vendor/etc/init/hw/init.connectivity.rc' to import list
[    2.392009] init: Added '/vendor/etc/init/hw/init.box.samba.rc' to import list
[    2.392048] init: Added '/vendor/etc/init/hw/init.rk3399.rc' to import list
[    2.392090] init: Added '/vendor/etc/init/hw/init.tablet.rc' to import list
[    2.392128] init: Added '/vendor/etc/init/hw/init.car.rc' to import list
[    2.392149] init: Added '/vendor/etc/init/hw/init.optee.rc' to import list
[    2.392168] init: Added '/vendor/etc/init/hw/init.root.rc' to import list
[    2.393047] init: /vendor/etc/init/hw/init.rk30board.rc: 336: ParseTriggers() failed: unexported property tigger found: persist.sys.adb_enable
[    2.393106] init: /vendor/etc/init/hw/init.rk30board.rc: 339: ParseTriggers() failed: unexported property tigger found: persist.sys.adb_enable
[    2.393700] init: Parsing file /vendor/etc/init/hw/init.rockchip.rc...
[    2.394186] init: Added '/vendor/etc/init/hw/init.rk30board.usb.rc' to import list
[    2.394230] init: Added '/vendor/etc/init/hw/init.rk30board.environment.rc' to import list
[    2.394255] init: Added '/vendor/etc/init/hw/init.debug.rc' to import list
[    2.394998] init: Parsing file /vendor/etc/init/hw/init.rk30board.usb.rc...
[    2.395494] init: /vendor/etc/init/hw/init.rk30board.usb.rc: 35: ParseTriggers() failed: unexported property tigger found: init.svc.adbd
[    2.396024] init: Parsing file /vendor/etc/init/hw/init.rk30board.environment.rc...
[    2.396407] init: Parsing file /vendor/etc/init/hw/init.debug.rc...
[    2.396465] init: Unable to read config file '/vendor/etc/init/hw/init.debug.rc': open() failed: No such file or directory
[    2.396493] init: /init.rc: 3: Could not import file '/vendor/etc/init/hw/init.debug.rc': No such file or directory
[    2.396763] init: Parsing file /vendor/etc/init/hw/init.connectivity.rc...
[    2.398027] init: Parsing file /vendor/etc/init/hw/init.box.samba.rc...
[    2.398086] init: Unable to read config file '/vendor/etc/init/hw/init.box.samba.rc': open() failed: No such file or directory
[    2.398132] init: /init.rc: 3: Could not import file '/vendor/etc/init/hw/init.box.samba.rc': No such file or directory
[    2.398594] init: Parsing file /vendor/etc/init/hw/init.rk3399.rc...
[    2.399053] init: /vendor/etc/init/hw/init.rk3399.rc: 25: Invalid keyword 'ioprio'
[    2.399132] init: Parsing file /vendor/etc/init/hw/init.tablet.rc...
[    2.399169] init: Unable to read config file '/vendor/etc/init/hw/init.tablet.rc': open() failed: No such file or directory
[    2.399221] init: /init.rc: 5: Could not import file '/vendor/etc/init/hw/init.tablet.rc': No such file or directory
[    2.399284] init: Parsing file /vendor/etc/init/hw/init.car.rc...
[    2.399332] init: Unable to read config file '/vendor/etc/init/hw/init.car.rc': open() failed: No such file or directory
[    2.399355] init: /init.rc: 6: Could not import file '/vendor/etc/init/hw/init.car.rc': No such file or directory
[    2.399662] init: Parsing file /vendor/etc/init/hw/init.optee.rc...
[    2.400035] init: Parsing file /vendor/etc/init/hw/init.root.rc...
[    2.400089] init: Unable to read config file '/vendor/etc/init/hw/init.root.rc': open() failed: No such file or directory
[    2.400115] init: /init.rc: 8: Could not import file '/vendor/etc/init/hw/init.root.rc': No such file or directory
[    2.400196] init: Parsing file /init.usb.configfs.rc...
[    2.401316] init: Parsing file /init.zygote64_32.rc...
[    2.401935] init: Parsing directory /system/etc/init...
[    2.402515] init: Parsing file /system/etc/init/android.hidl.allocator@1.0-service.rc...
[    2.402954] init: Parsing file /system/etc/init/atrace.rc...
[    2.403844] init: Parsing file /system/etc/init/audioserver.rc...
[    2.404307] init: Parsing file /system/etc/init/blank_screen.rc...
[    2.404663] init: Parsing file /system/etc/init/bootanim.rc...
[    2.404994] init: Parsing file /system/etc/init/bootstat.rc...
[    2.405564] init: Parsing file /system/etc/init/cameraserver.rc...
[    2.406008] init: Parsing file /system/etc/init/drmserver.rc...
[    2.406370] init: Parsing file /system/etc/init/dumpstate.rc...
[    2.406778] init: Parsing file /system/etc/init/gatekeeperd.rc...
[    2.407107] init: Parsing file /system/etc/init/healthd.rc...
[    2.407452] init: Parsing file /system/etc/init/hwservicemanager.rc...
[    2.407804] init: Parsing file /system/etc/init/incidentd.rc...
[    2.408201] init: Parsing file /system/etc/init/installd.rc...
[    2.408904] init: Parsing file /system/etc/init/keystore.rc...
[    2.409329] init: Parsing file /system/etc/init/lmkd.rc...
[    2.409704] init: Parsing file /system/etc/init/logd.rc...
[    2.410182] init: Parsing file /system/etc/init/mdnsd.rc...
[    2.410547] init: Parsing file /system/etc/init/mediadrmserver.rc...
[    2.410864] init: Parsing file /system/etc/init/mediaextractor.rc...
[    2.411193] init: Parsing file /system/etc/init/mediametrics.rc...
[    2.411499] init: Parsing file /system/etc/init/mediaserver.rc...
[    2.411872] init: Parsing file /system/etc/init/mtpd.rc...
[    2.412249] init: Parsing file /system/etc/init/netd.rc...
[    2.412633] init: Parsing file /system/etc/init/perfetto.rc...
[    2.413170] init: Parsing file /system/etc/init/racoon.rc...
[    2.413548] init: Parsing file /system/etc/init/servicemanager.rc...
[    2.413934] init: Parsing file /system/etc/init/statsd.rc...
[    2.414382] init: Parsing file /system/etc/init/storaged.rc...
[    2.414739] init: Parsing file /system/etc/init/surfaceflinger.rc...
[    2.415106] init: Parsing file /system/etc/init/thermalservice.rc...
[    2.415446] init: Parsing file /system/etc/init/tombstoned.rc...
[    2.415811] init: Parsing file /system/etc/init/uncrypt.rc...
[    2.416251] init: Parsing file /system/etc/init/usbd.rc...
[    2.416583] init: Parsing file /system/etc/init/vdc.rc...
[    2.416944] init: Parsing file /system/etc/init/vold.rc...
[    2.417276] init: Parsing file /system/etc/init/wait_for_keymaster.rc...
[    2.417659] init: Parsing file /system/etc/init/wifi-events.rc...
[    2.418125] init: Parsing file /system/etc/init/wificond.rc...
[    2.418558] init: Parsing file /product/etc/init...
[    2.418617] init: Unable to read config file '/product/etc/init': open() failed: No such file or directory
[    2.418650] init: Parsing file /odm/etc/init...
[    2.418680] init: Unable to read config file '/odm/etc/init': open() failed: No such file or directory
[    2.418711] init: Parsing directory /vendor/etc/init...
[    2.418890] init: Parsing file /vendor/etc/init/android.hardware.audio@2.0-service.rc...
[    2.420260] init: Parsing file /vendor/etc/init/android.hardware.bluetooth@1.0-service.rc...
[    2.421030] init: Parsing file /vendor/etc/init/android.hardware.camera.provider@2.4-external-service.rc...
[    2.421622] init: Parsing file /vendor/etc/init/android.hardware.camera.provider@2.4-service.rc...
[    2.422194] init: Parsing file /vendor/etc/init/android.hardware.cas@1.0-service.rc...
[    2.422875] init: Parsing file /vendor/etc/init/android.hardware.configstore@1.1-service.rc...
[    2.423422] init: Parsing file /vendor/etc/init/android.hardware.drm@1.0-service.rc...
[    2.423976] init: Parsing file /vendor/etc/init/android.hardware.drm@1.1-service.clearkey.rc...
[    2.424518] init: Parsing file /vendor/etc/init/android.hardware.drm@1.1-service.widevine.rc...
[    2.425117] init: Parsing file /vendor/etc/init/android.hardware.gatekeeper@1.0-service.rc...
[    2.425660] init: Parsing file /vendor/etc/init/android.hardware.graphics.allocator@2.0-service.rc...
[    2.426280] init: Parsing file /vendor/etc/init/android.hardware.graphics.composer@2.1-service.rc...
[    2.426851] init: Parsing file /vendor/etc/init/android.hardware.health@2.0-service.rc...
[    2.427400] init: Parsing file /vendor/etc/init/android.hardware.keymaster@3.0-service.rc...
[    2.427979] init: Parsing file /vendor/etc/init/android.hardware.light@2.0-service.rc...
[    2.428859] init: Parsing file /vendor/etc/init/android.hardware.media.omx@1.0-service.rc...
[    2.429503] init: Parsing file /vendor/etc/init/android.hardware.power@1.0-service.rc...
[    2.430035] init: Parsing file /vendor/etc/init/android.hardware.sensors@1.0-service.rc...
[    2.430582] init: Parsing file /vendor/etc/init/android.hardware.wifi@1.0-service.rc...
[    2.431173] init: Parsing file /vendor/etc/init/hostapd.android.rc...
[    2.432151] init: Parsing file /vendor/etc/init/init.rockchip.drmservice.rc...
[    2.432794] init: Parsing file /vendor/etc/init/rild.rc...
[    2.433402] init: Parsing file /vendor/etc/init/rockchip.hardware.outputmanager@1.0-service.rc...
[    2.433927] init: Parsing file /vendor/etc/init/vndservicemanager.rc...
[    2.434597] init: processing action (early-init) from (/init.rc:14)
[    2.440290] init: starting service 'ueventd'...
[    2.441906] init: processing action (early-init) from (/vendor/etc/init/hw/init.rockchip.rc:5)
[    2.443466] random: ueventd: uninitialized urandom read (40 bytes read, 38 bits of entropy available)
[    2.448680] ueventd: ueventd started!
[    2.455286] selinux: SELinux: Loaded file_contexts
[    2.455286] 
[    2.455795] ueventd: Parsing file /ueventd.rc...
[    2.458492] ueventd: Parsing file /vendor/ueventd.rc...
[    2.459553] ueventd: /vendor/ueventd.rc: 56: invalid gid 'net_bt_stack'
[    2.459608] ueventd: /vendor/ueventd.rc: 57: invalid gid 'net_bt_stack'
[    2.459637] ueventd: /vendor/ueventd.rc: 58: invalid gid 'net_bt_stack'
[    2.459666] ueventd: /vendor/ueventd.rc: 60: invalid gid 'net_bt_stack'
[    2.459865] ueventd: /vendor/ueventd.rc: 114: invalid gid 'trace'
[    2.460492] ueventd: Parsing file /odm/ueventd.rc...
[    2.460543] ueventd: Unable to read config file '/odm/ueventd.rc': open() failed: No such file or directory
[    2.460689] ueventd: Parsing file /ueventd.rk30board.rc...
[    2.460720] ueventd: Unable to read config file '/ueventd.rk30board.rc': open() failed: No such file or directory
[    2.463648] init: starting service 'vendor.insmod_sh'...
[    2.465070] init: processing action (wait_for_coldboot_done) from (<Builtin Action>:0)
[    2.484594] random: init.insmod.sh: uninitialized urandom read (40 bytes read, 41 bits of entropy available)
[    2.524603] random: init.insmod.sh: uninitialized urandom read (40 bytes read, 42 bits of entropy available)
[    2.528791] ueventd: firmware: loading 'rockchip/dptx.bin' for '/devices/platform/fec00000.dp/firmware/rockchip!dptx.bin'
[    2.567025] random: insmod: uninitialized urandom read (40 bytes read, 44 bits of entropy available)
[    2.615818] random: insmod: uninitialized urandom read (40 bytes read, 45 bits of entropy available)
[    2.666198] ueventd: Coldboot took 0.204 seconds
[    2.667706] init: wait for '/dev/.coldboot_done' took 202ms
[    2.667897] init: Command 'wait_for_coldboot_done' action=wait_for_coldboot_done (<Builtin Action>:0) took 202ms and succeeded
[    2.668005] init: processing action (MixHwrngIntoLinuxRng) from (<Builtin Action>:0)
[    2.668106] init: /dev/hw_random not found
[    2.668188] init: processing action (SetMmapRndBits) from (<Builtin Action>:0)
[    2.668970] init: processing action (SetKptrRestrict) from (<Builtin Action>:0)
[    2.669237] init: processing action (keychord_init) from (<Builtin Action>:0)
[    2.669362] keychord: using input dev rk29-keypad for fevent
[    2.669439] init: processing action (console_init) from (<Builtin Action>:0)
[    2.669502] init: processing action (init) from (/init.rc:41)
[    2.670153] init: Command 'copy /default.prop /dev/urandom' action=init (/init.rc:46) took 0ms and failed: Could not read input file '/default.prop': open() failed: Too many symbolic links encountered
[    2.717138] Registered swp emulation handler
[    2.718722] init: processing action (init) from (/init.environ.rc:2)
[    2.718935] init: processing action (init) from (/vendor/etc/init/hw/init.rk30board.rc:34)
[    2.720242] init: processing action (init) from (/vendor/etc/init/hw/init.rockchip.rc:19)
[    2.722236] init: processing action (init) from (/vendor/etc/init/hw/init.rk30board.environment.rc:1)
[    2.722404] init: processing action (init) from (/vendor/etc/init/hw/init.rk3399.rc:30)
[    2.725545] init: processing action (MixHwrngIntoLinuxRng) from (<Builtin Action>:0)
[    2.725631] init: /dev/hw_random not found
[    2.725687] init: processing action (late-init) from (/init.rc:278)
[    2.725792] init: processing action (late-init) from (/system/etc/init/atrace.rc:3)
[    2.730725] init: processing action (queue_property_triggers) from (<Builtin Action>:0)
[    2.730888] init: processing action (fs) from (/vendor/etc/init/hw/init.rockchip.rc:36)
[    2.734819] init: [libfs_mgr]superblock s_max_mnt_count:65535,/dev/block/by-name/oem
[    2.742634] EXT4-fs (mmcblk1p17): Ignoring removed nomblk_io_submit option
[    2.748888] mali ff9a0000.gpu: leakage=35
[    2.750497] EXT4-fs (mmcblk1p17): mounted filesystem without journal. Opts: errors=remount-ro,nomblk_io_submit
[    2.750728] init: [libfs_mgr]check_fs(): mount(/dev/block/by-name/oem,/oem,ext4)=0: Success
[    2.761786] mali ff9a0000.gpu: temp=43333, pvtm=126579 (126555 + 24)
[    2.762665] mali ff9a0000.gpu: pvtm-volt-sel=2
[    2.764551] mali ff9a0000.gpu: GPU identified as 0x0860 r2p0 status 0
[    2.764802] mali ff9a0000.gpu: Protected mode not available
[    2.766552] mali ff9a0000.gpu: l=0 h=2147483647 hyst=5000 l_limit=0 h_limit=0
[    2.766701] mali ff9a0000.gpu: Using configured power model mali-simple-power-model, and fallback mali-simple-power-model
[    2.767541] I : [File] : drivers/gpu/arm/midgard/backend/gpu/mali_kbase_devfreq.c; [Line] : 414; [Func] : kbase_devfreq_init(); success initing power_model_simple.
[    2.771161] mali ff9a0000.gpu: Probed as mali0
[    2.771262] init: [libfs_mgr]check_fs(): unmount(/oem) succeeded
[    2.771487] init: [libfs_mgr]Running /system/bin/e2fsck on /dev/block/by-name/oem
[    2.778826] random: setprop: uninitialized urandom read (40 bytes read, 52 bits of entropy available)
[    2.779887] random: e2fsck: uninitialized urandom read (40 bytes read, 52 bits of entropy available)
[    2.837313] e2fsck: e2fsck 1.43.3 (04-Sep-2016)
[    2.837313] 
[    2.837388] e2fsck: oem: clean, 15/32768 files, 2164/131072 blocks
[    2.837388] 
[    2.839452] EXT4-fs (mmcblk1p17): mounted filesystem without journal. Opts: noauto_da_alloc
[    2.839631] init: [libfs_mgr]__mount(source=/dev/block/by-name/oem,target=/oem,type=ext4)=0: Success
[    2.840180] init: [libfs_mgr]Invalid ext4 superblock on '/dev/block/by-name/cache'
[    2.840282] init: [libfs_mgr]mount_with_alternatives(): skipping mount, invalid ext4, mountpoint=/cache rec[2].fs_type=ext4
[    2.840512] init: [libfs_mgr]Failed to mount an un-encryptable or wiped partition on /dev/block/by-name/cache at /cache options: noauto_da_alloc,discard: Invalid argument
[    2.840954] init: [libfs_mgr]superblock s_max_mnt_count:65535,/dev/block/by-name/metadata
[    2.841020] init: [libfs_mgr]Filesystem on /dev/block/by-name/metadata was not cleanly shutdown; state flags: 0x1, incompat feature flags: 0x246
[    2.841471] init: [libfs_mgr]check_fs(): mount(/dev/block/by-name/metadata,/mnt/vendor/metadata,ext4)=-1: No such file or directory
[    2.841529] init: [libfs_mgr]Running /system/bin/e2fsck on /dev/block/by-name/metadata
[    2.877032] e2fsck: e2fsck 1.43.3 (04-Sep-2016)
[    2.877032] 
[    2.877100] e2fsck: /dev/block/by-name/metadata: recovering journal
[    2.877100] 
[    2.877112] e2fsck: Pass 1: Checking inodes, blocks, and sizes
[    2.877112] 
[    2.877123] e2fsck: Pass 2: Checking directory structure
[    2.877123] 
[    2.877135] e2fsck: Pass 3: Checking directory connectivity
[    2.877135] 
[    2.877145] e2fsck: Pass 4: Checking reference counts
[    2.877145] 
[    2.877156] e2fsck: Pass 5: Checking group summary information
[    2.877156] 
[    2.877167] e2fsck: Free blocks count wrong (2934, counted=2932).
[    2.877167] 
[    2.877177] e2fsck: Fix? yes
[    2.877177] 
[    2.877186] e2fsck: 
[    2.877186] 
[    2.877196] e2fsck: 
[    2.877196] 
[    2.877243] e2fsck: /dev/block/by-name/metadata: ***** FILE SYSTEM WAS MODIFIED *****
[    2.877243] 
[    2.877255] e2fsck: /dev/block/by-name/metadata: 11/4096 files (9.1% non-contiguous), 1164/4096 blocks
[    2.877255] 
[    2.877269] e2fsck: e2fsck terminated by exit(1)
[    2.877269] 
[    2.877466] init: [libfs_mgr]e2fsck returned status 0x100
[    2.880249] EXT4-fs (mmcblk1p15): mounted filesystem with ordered data mode. Opts: noauto_da_alloc,discard
[    2.880591] init: [libfs_mgr]__mount(source=/dev/block/by-name/metadata,target=/mnt/vendor/metadata,type=ext4)=0: Success
[    2.880755] init: [libfs_mgr]Running /system/bin/fsck.f2fs -a /dev/block/by-name/userdata
[    2.898627] fsck.f2fs: Info: Fix the reported corruption.
[    2.898627] 
[    2.898703] fsck.f2fs:       Info: No support kernel version!
[    2.898703] 
[    2.898717] fsck.f2fs: Info: Segments per section = 1
[    2.898717] 
[    2.898740] fsck.f2fs: Info: Sections per zone = 1
[    2.898740] 
[    2.898751] fsck.f2fs: Info: sector size = 512
[    2.898751] 
[    2.898762] fsck.f2fs: Info: total sectors = 21521375 (10508 MB)
[    2.898762] 
[    2.898773] fsck.f2fs:       Can't find a valid F2FS superblock at 0x0
[    2.898773] 
[    2.898783] fsck.f2fs:       Can't find a valid F2FS superblock at 0x1
[    2.898783] 
[    2.898798] fsck.f2fs: fsck.f2fs terminated by exit(255)
[    2.898798] 
[    2.899972] F2FS-fs (mmcblk1p19): Magic Mismatch, valid(0xf2f52010) - read(0x0)
[    2.900004] F2FS-fs (mmcblk1p19): Can't find valid F2FS filesystem in 1th superblock
[    2.900097] F2FS-fs (mmcblk1p19): Magic Mismatch, valid(0xf2f52010) - read(0x0)
[    2.900104] F2FS-fs (mmcblk1p19): Can't find valid F2FS filesystem in 2th superblock
[    2.900127] F2FS-fs (mmcblk1p19): Magic Mismatch, valid(0xf2f52010) - read(0x0)
[    2.900147] F2FS-fs (mmcblk1p19): Can't find valid F2FS filesystem in 1th superblock
[    2.900154] F2FS-fs (mmcblk1p19): Magic Mismatch, valid(0xf2f52010) - read(0x0)
[    2.900160] F2FS-fs (mmcblk1p19): Can't find valid F2FS filesystem in 2th superblock
[    2.900293] init: [libfs_mgr]__mount(source=/dev/block/by-name/userdata,target=/data,type=f2fs)=-1: Invalid argument
[    2.900320] init: [libfs_mgr]Running /system/bin/fsck.f2fs -a /dev/block/by-name/userdata
[    2.918874] fsck.f2fs: Info: Fix the reported corruption.
[    2.918874] 
[    2.918943] fsck.f2fs:       Info: No support kernel version!
[    2.918943] 
[    2.918955] fsck.f2fs: Info: Segments per section = 1
[    2.918955] 
[    2.918966] fsck.f2fs: Info: Sections per zone = 1
[    2.918966] 
[    2.918976] fsck.f2fs: Info: sector size = 512
[    2.918976] 
[    2.919227] fsck.f2fs: Info: total sectors = 21521375 (10508 MB)
[    2.919227] 
[    2.919260] fsck.f2fs:       Can't find a valid F2FS superblock at 0x0
[    2.919260] 
[    2.919272] fsck.f2fs:       Can't find a valid F2FS superblock at 0x1
[    2.919272] 
[    2.919286] fsck.f2fs: fsck.f2fs terminated by exit(255)
[    2.919286] 
[    2.921363] F2FS-fs (mmcblk1p19): Magic Mismatch, valid(0xf2f52010) - read(0x0)
[    2.921411] F2FS-fs (mmcblk1p19): Can't find valid F2FS filesystem in 1th superblock
[    2.921696] F2FS-fs (mmcblk1p19): Magic Mismatch, valid(0xf2f52010) - read(0x0)
[    2.921719] F2FS-fs (mmcblk1p19): Can't find valid F2FS filesystem in 2th superblock
[    2.921766] F2FS-fs (mmcblk1p19): Magic Mismatch, valid(0xf2f52010) - read(0x0)
[    2.921788] F2FS-fs (mmcblk1p19): Can't find valid F2FS filesystem in 1th superblock
[    2.921872] F2FS-fs (mmcblk1p19): Magic Mismatch, valid(0xf2f52010) - read(0x0)
[    2.921893] F2FS-fs (mmcblk1p19): Can't find valid F2FS filesystem in 2th superblock
[    2.922129] init: [libfs_mgr]__mount(source=/dev/block/by-name/userdata,target=/data,type=f2fs)=-1: Invalid argument
[    2.922837] init: [libfs_mgr]fs_mgr_mount_all(): /dev/block/by-name/userdata is wiped and /data f2fs is encryptable. Suggest recovery...
[    2.923034] init: fs_mgr_mount_all returned an error: Invalid argument
[    2.924806] init: Parsing file /product/etc/init...
[    2.924982] init: Unable to read config file '/product/etc/init': open() failed: No such file or directory
[    2.925103] init: Parsing file /odm/etc/init...
[    2.925196] init: Unable to read config file '/odm/etc/init': open() failed: No such file or directory
[    2.925425] init: Command 'mount_all /vendor/etc/fstab.${ro.hardware}' action=fs (/vendor/etc/init/hw/init.rockchip.rc:37) took 194ms and failed: queue_fs_event() failed: Invalid code: 255
[    2.926390] init: processing action (fs) from (/system/etc/init/logd.rc:18)
[    2.927875] init: processing action (fs) from (/system/etc/init/wifi-events.rc:17)
[    2.928334] init: processing action (post-fs) from (/init.rc:311)
[    2.933297] init: Couldn't load property file '/odm/build.prop': open() failed: No such file or directory: No such file or directory
[    2.939021] init: Unable to set property 'ro.board.platform' to 'rk3399' in property file '/vendor/build.prop': Read-only property was already set
[    2.940411] selinux: avc:  denied  { set } for property=persist.tegra.nvmmlite pid=1 uid=0 gid=0 scontext=u:r:vendor_init:s0 tcontext=u:object_r:default_prop:s0 tclass=property_service permissive=1
[    2.940411] 
[    2.944223] init: Unable to set property 'ro.target.product' to 'tablet' in property file '/vendor/build.prop': Read-only property was already set
[    2.944865] init: Couldn't load property file '/factory/factory.prop': open() failed: No such file or directory: No such file or directory
[    2.946807] init: /recovery not specified in fstab
[    2.947103] init: Service 'vendor.insmod_sh' (pid 214) exited with status 0
[    2.948134] init: starting service 'logd'...
[    2.951272] init: starting service 'servicemanager'...
[    2.951855] init: Created socket '/dev/socket/logd', mode 666, user 1036, group 1036
[    2.953203] init: Created socket '/dev/socket/logdr', mode 666, user 1036, group 1036
[    2.954423] init: Created socket '/dev/socket/logdw', mode 222, user 1036, group 1036
[    2.954668] init: starting service 'hwservicemanager'...
[    2.954806] init: Opened file '/proc/kmsg', flags 0
[    2.954924] init: Opened file '/dev/kmsg', flags 1
[    2.960706] init: starting service 'vndservicemanager'...
[    3.001644] init: Command 'chown system cache /cache' action=post-fs (/init.rc:338) took 0ms and failed: lchown() failed: Read-only file system
[    3.002233] init: Command 'chmod 0770 /cache' action=post-fs (/init.rc:339) took 0ms and failed: fchmodat() failed: Read-only file system
[    3.005154] init: Command 'mkdir /cache/recovery 0770 system cache' action=post-fs (/init.rc:345) took 0ms and failed: mkdir() failed: Read-only file system
[    3.005306] logd.auditd: start
[    3.006714] init: Command 'mkdir /cache/backup_stage 0700 system system' action=post-fs (/init.rc:348) took 0ms and failed: mkdir() failed: Read-only file system
[    3.007425] init: Command 'mkdir /cache/backup 0700 system system' action=post-fs (/init.rc:349) took 0ms and failed: mkdir() failed: Read-only file system
[    3.008605] init: Command 'mkdir /cache/lost+found 0770 root root' action=post-fs (/init.rc:370) took 0ms and failed: mkdir() failed: Read-only file system
[    3.008737] selinux: SELinux:  Could not stat /metadata: No such file or directory.
[    3.008737] 
[    3.009291] init: processing action (post-fs) from (/vendor/etc/init/hw/init.rk30board.rc:10)
[    3.009858] init: processing action (post-fs) from (/vendor/etc/init/hw/init.rockchip.rc:39)
[    3.010756] init: processing action (post-fs) from (/vendor/etc/init/hw/init.optee.rc:2)
[    3.013103] init: starting service 'tee-supplicant'...
[    3.014607] init: processing action (late-fs) from (/init.rc:376)
[    3.016738] init: starting service 'vendor.keymaster-3-0'...
[    3.019057] init: processing action (post-fs-data) from (/init.rc:384)
[    3.019394] init: Command 'chown system system /data' action=post-fs-data (/init.rc:386) took 0ms and failed: lchown() failed: Read-only file system
[    3.019601] init: Command 'chmod 0771 /data' action=post-fs-data (/init.rc:387) took 0ms and failed: fchmodat() failed: Read-only file system
[    3.020700] init: starting service 'vold'...
[    3.025385] init: Command 'mkdir /data/bootchart 0755 shell shell' action=post-fs-data (/init.rc:397) took 3ms and failed: mkdir() failed: Read-only file system
[    3.026848] init: Command 'mkdir /data/misc 01771 system misc' action=post-fs-data (/init.rc:404) took 1ms and failed: mkdir() failed: Read-only file system
[    3.035143] init: Command 'mkdir /data/local 0751 root root' action=post-fs-data (/init.rc:448) took 0ms and failed: mkdir() failed: Read-only file system
[    3.038876] init: Command 'mkdir /data/vendor 0771 root root' action=post-fs-data (/init.rc:466) took 0ms and failed: mkdir() failed: Read-only file system
[    3.039515] init: Command 'mkdir /data/vendor_ce 0771 root root' action=post-fs-data (/init.rc:467) took 0ms and failed: mkdir() failed: Read-only file system
[    3.040318] init: Command 'mkdir /data/vendor_de 0771 root root' action=post-fs-data (/init.rc:468) took 0ms and failed: mkdir() failed: Read-only file system
[    3.041904] init: Command 'mkdir /data/data 0771 system system' action=post-fs-data (/init.rc:475) took 0ms and failed: mkdir() failed: Read-only file system
[    3.042408] init: Command 'mkdir /data/app-private 0771 system system' action=post-fs-data (/init.rc:476) took 0ms and failed: mkdir() failed: Read-only file system
[    3.042942] init: Command 'mkdir /data/app-ephemeral 0771 system system' action=post-fs-data (/init.rc:477) took 0ms and failed: mkdir() failed: Read-only file system
[    3.043376] init: Command 'mkdir /data/app-asec 0700 root root' action=post-fs-data (/init.rc:478) took 0ms and failed: mkdir() failed: Read-only file system
[    3.043812] init: Command 'mkdir /data/app-lib 0771 system system' action=post-fs-data (/init.rc:479) took 0ms and failed: mkdir() failed: Read-only file system
[    3.044329] init: Command 'mkdir /data/app 0771 system system' action=post-fs-data (/init.rc:480) took 0ms and failed: mkdir() failed: Read-only file system
[    3.044779] init: Command 'mkdir /data/property 0700 root root' action=post-fs-data (/init.rc:481) took 0ms and failed: mkdir() failed: Read-only file system
[    3.045266] init: Command 'mkdir /data/tombstones 0771 system system' action=post-fs-data (/init.rc:482) took 0ms and failed: mkdir() failed: Read-only file system
[    3.046236] init: Command 'mkdir /data/dalvik-cache 0771 root root' action=post-fs-data (/init.rc:487) took 0ms and failed: mkdir() failed: Read-only file system
[    3.046717] init: Command 'mkdir /data/ota 0771 root root' action=post-fs-data (/init.rc:489) took 0ms and failed: mkdir() failed: Read-only file system
[    3.047174] init: Command 'mkdir /data/ota_package 0770 system cache' action=post-fs-data (/init.rc:493) took 0ms and failed: mkdir() failed: Read-only file system
[    3.047654] init: Command 'mkdir /data/resource-cache 0771 system system' action=post-fs-data (/init.rc:496) took 0ms and failed: mkdir() failed: Read-only file system
[    3.048318] init: Command 'mkdir /data/lost+found 0770 root root' action=post-fs-data (/init.rc:501) took 0ms and failed: mkdir() failed: Read-only file system
[    3.048697] init: Command 'mkdir /data/drm 0770 drm drm' action=post-fs-data (/init.rc:505) took 0ms and failed: mkdir() failed: Read-only file system
[    3.049139] init: Command 'mkdir /data/mediadrm 0770 mediadrm mediadrm' action=post-fs-data (/init.rc:509) took 0ms and failed: mkdir() failed: Read-only file system
[    3.049618] init: Command 'mkdir /data/anr 0775 system system' action=post-fs-data (/init.rc:511) took 0ms and failed: mkdir() failed: Read-only file system
[    3.050016] init: Command 'mkdir /data/nfc 0770 nfc nfc' action=post-fs-data (/init.rc:514) took 0ms and failed: mkdir() failed: Read-only file system
[    3.050508] init: Command 'mkdir /data/backup 0700 system system' action=post-fs-data (/init.rc:519) took 0ms and failed: mkdir() failed: Read-only file system
[    3.050756] init: Command 'mkdir /data/ss 0700 system system' action=post-fs-data (/init.rc:520) took 0ms and failed: mkdir() failed: Read-only file system
[    3.051003] init: Command 'mkdir /data/system 0775 system system' action=post-fs-data (/init.rc:522) took 0ms and failed: mkdir() failed: Read-only file system
[    3.051774] init: Command 'mkdir /data/system_de 0770 system system' action=post-fs-data (/init.rc:526) took 0ms and failed: mkdir() failed: Read-only file system
[    3.052924] init: Command 'mkdir /data/system_ce 0770 system system' action=post-fs-data (/init.rc:527) took 0ms and failed: mkdir() failed: Read-only file system
[    3.053176] init: Command 'mkdir /data/misc_de 01771 system misc' action=post-fs-data (/init.rc:529) took 0ms and failed: mkdir() failed: Read-only file system
[    3.053385] init: Command 'mkdir /data/misc_ce 01771 system misc' action=post-fs-data (/init.rc:530) took 0ms and failed: mkdir() failed: Read-only file system
[    3.053889] init: Command 'mkdir /data/user 0711 system system' action=post-fs-data (/init.rc:532) took 0ms and failed: mkdir() failed: Read-only file system
[    3.054357] init: Command 'mkdir /data/user_de 0711 system system' action=post-fs-data (/init.rc:533) took 0ms and failed: mkdir() failed: Read-only file system
[    3.055613] init: Command 'mkdir /data/media 0770 media_rw media_rw' action=post-fs-data (/init.rc:536) took 0ms and failed: mkdir() failed: Read-only file system
[    3.058321] init: Command 'mkdir /data/cache 0770 system cache' action=post-fs-data (/init.rc:539) took 2ms and failed: mkdir() failed: Read-only file system
[    3.060789] init: starting service 'exec 1 (/system/bin/vdc --wait cryptfs init_user0)'...
[    3.062744] init: SVC_EXEC pid 250 (uid 0 gid 0+0 context default) started; waiting...
[    3.078364] binder: 239:239 ioctl 4018620d 7fd71aa630 returned -22
[    3.142229] vdc: Failed: Status(-8): '0: '
[    3.143875] init: Service 'exec 1 (/system/bin/vdc --wait cryptfs init_user0)' (pid 250) exited with status 25 waiting took 0.082000 seconds
[    3.143921] init: Failure (reboot suppressed): init_user0_failed
[    3.144700] init: starting service 'exec 2 (/system/bin/tzdatacheck /system/usr/share/zoneinfo /data/misc/zoneinfo)'...
[    3.145802] init: SVC_EXEC pid 254 (uid 1000 gid 1000+0 context default) started; waiting...
[    3.157838] init: Service 'exec 2 (/system/bin/tzdatacheck /system/usr/share/zoneinfo /data/misc/zoneinfo)' (pid 254) exited with status 0 waiting took 0.012000 seconds
[    3.157961] init: processing action (post-fs-data) from (/init.usb.rc:6)
[    3.158568] init: Command 'mkdir /data/adb 0700 root root' action=post-fs-data (/init.usb.rc:12) took 0ms and failed: mkdir() failed: Read-only file system
[    3.158604] init: processing action (post-fs-data) from (/vendor/etc/init/hw/init.rk30board.rc:19)
[    3.164211] init: processing action (post-fs-data) from (/vendor/etc/init/hw/init.rockchip.rc:43)
[    3.164449] init: processing action (post-fs-data) from (/vendor/etc/init/hw/init.rk3399.rc:37)
[    3.164714] init: processing action (post-fs-data) from (/system/etc/init/bootstat.rc:7)
[    3.165367] init: processing action (post-fs-data) from (/system/etc/init/incidentd.rc:21)
[    3.165525] init: processing action (post-fs-data) from (/system/etc/init/statsd.rc:25)
[    3.165777] init: processing action (post-fs-data) from (/vendor/etc/init/hostapd.android.rc:9)
[    3.166489] init: processing action (zygote-start) from (/vendor/etc/init/hw/init.connectivity.rc:2)
[    3.169738] init: Command 'mkdir /data/nfc' action=zygote-start (/vendor/etc/init/hw/init.connectivity.rc:45) took 0ms and failed: mkdir() failed: Read-only file system
[    3.170228] init: processing action (load_persist_props_action) from (/init.rc:268)
[    3.170285] init: Could not load single persistent property file, trying legacy directory: Unable to read persistent property file: open() failed: No such file or directory
[    3.170309] init: Unable to load legacy persistent properties: Unable to open persistent property directory "/data/property": No such file or directory
[    3.170575] init: starting service 'logd-reinit'...
[    3.171622] init: processing action (firmware_mounts_complete) from (/init.rc:274)
[    3.171709] init: processing action (early-boot) from (/vendor/etc/init/hw/init.rockchip.rc:46)
[    3.171934] init: start_waiting_for_property("vendor.all.modules.ready", "1"): already set
[    3.171963] init: processing action (early-boot) from (/vendor/etc/init/hw/init.rk3399.rc:9)
[    3.173458] init: processing action (early-boot) from (/system/etc/init/installd.rc:5)
[    3.181852] init: processing action (boot) from (/init.rc:581)
[    3.193265] init: starting service 'hidl_memory'...
[    3.194743] init: starting service 'healthd'...
[    3.196745] init: starting service 'vendor.audio-hal-2-0'...
[    3.196944] logd.daemon: reinit
[    3.198617] init: starting service 'vendor.bluetooth-1-0'...
[    3.202957] init: starting service 'vendor.camera-provider-2-4-ext'...
[    3.204102] init: couldn't write 261 to /dev/cpuset/camera-daemon/tasks: No such file or directory
[    3.206587] init: starting service 'vendor.camera-provider-2-4'...
[    3.208386] init: couldn't write 262 to /dev/cpuset/camera-daemon/tasks: No such file or directory
[    3.210380] init: starting service 'vendor.cas-hal-1-0'...
[    3.214918] init: starting service 'vendor.configstore-hal'...
[    3.218570] init: starting service 'vendor.drm-hal-1-0'...
DDR Version 1.19 20190305
In
channel 0
CS = 0
MR0=0x98
MR4=0x2
MR5=0xFF
MR8=0x8
MR12=0x72
MR14=0x72
MR18=0x0
MR19=0x0
MR24=0x8
MR25=0x0
CS = 1
MR0=0x18
MR4=0x2
MR5=0xFF
MR8=0x8
MR12=0x72
MR14=0x72
MR18=0x0
MR19=0x0
MR24=0x8
MR25=0x0
channel 1
CS = 0
MR0=0x98
MR4=0x2
MR5=0xFF
MR8=0x8
MR12=0x72
MR14=0x72
MR18=0x0
MR19=0x0
MR24=0x8
MR25=0x0
CS = 1
MR0=0x18
MR4=0x2
MR5=0xFF
MR8=0x8
MR12=0x72
MR14=0x72
MR18=0x0
MR19=0x0
MR24=0x8
MR25=0x0
channel 0 training pass!
channel 1 training pass!
change freq to 400MHz 0,1
channel 0
CS = 0
MR0=0x98
MR4=0x2
MR5=0xFF
MR8=0x8
MR12=0x72
MR14=0x72
MR18=0x0
MR19=0x0
MR24=0x8
MR25=0x0
CS = 1
MR0=0x18
MR4=0x2
MR5=0xFF
MR8=0x8
MR12=0x72
MR14=0x72
MR18=0x0
MR19=0x0
MR24=0x8
MR25=0x0
channel 1
CS = 0
MR0=0x98
MR4=0x2
MR5=0xFF
MR8=0x8
MR12=0x72
MR14=0x72
MR18=0x0
MR19=0x0
MR24=0x8
MR25=0x0
CS = 1
MR0=0x18
MR4=0x2
MR5=0xFF
MR8=0x8
MR12=0x72
MR14=0x72
MR18=0x0
MR19=0x0
MR24=0x8
MR25=0x0
channel 0 training pass!
channel 1 training pass!
change freq to 800MHz 1,0
Channel 0: LPDDR4,800MHz
Bus Width=32 Col=10 Bank=8 Row=15/15 CS=2 Die Bus-Width=16 Size=2048MB
Channel 1: LPDDR4,800MHz
Bus Width=32 Col=10 Bank=8 Row=15/15 CS=2 Die Bus-Width=16 Size=2048MB
256B stride
ch 0 ddrconfig = 0x101, ddrsize = 0x2020
ch 1 ddrconfig = 0x101, ddrsize = 0x2020
pmugrf_os_reg[2] = 0x3AA1FAA1, stride = 0xD
OUT
Boot1: 2019-03-14, version: 1.19
CPUId = 0x0
ChipType = 0x10, 237
SdmmcInit=2 0
BootCapSize=100000
UserCapSize=14910MB
FwPartOffset=2000 , 100000
mmc0:cmd8,20
mmc0:cmd5,20
mmc0:cmd55,20
mmc0:cmd1,20
mmc0:cmd8,20
mmc0:cmd5,20
mmc0:cmd55,20
mmc0:cmd1,20
mmc0:cmd8,20
mmc0:cmd5,20
mmc0:cmd55,20
mmc0:cmd1,20
SdmmcInit=0 1
StorageInit ok = 67056
SecureMode = 0
SecureInit read PBA: 0x4
SecureInit read PBA: 0x404
SecureInit read PBA: 0x804
SecureInit read PBA: 0xc04
SecureInit read PBA: 0x1004
SecureInit read PBA: 0x1404
SecureInit read PBA: 0x1804
SecureInit read PBA: 0x1c04
SecureInit ret = 0, SecureMode = 0
atags_set_bootdev: ret:(0)
GPT part:  0, name:            uboot, start:0x4000, size:0x2000
GPT part:  1, name:            trust, start:0x6000, size:0x2000
GPT part:  2, name:             misc, start:0x8000, size:0x2000
GPT part:  3, name:         resource, start:0xa000, size:0x8000
GPT part:  4, name:           kernel, start:0x12000, size:0x10000
GPT part:  5, name:              dtb, start:0x22000, size:0x2000
GPT part:  6, name:             dtbo, start:0x24000, size:0x2000
GPT part:  7, name:           vbmeta, start:0x26000, size:0x800
GPT part:  8, name:             boot, start:0x26800, size:0x10000
GPT part:  9, name:         recovery, start:0x36800, size:0x20000
