DDR Version 1.19 20190305
In
channel 0
CS = 0
MR0=0x98
MR4=0x1
MR5=0xFF
MR8=0x8
MR12=0x72
MR14=0x72
MR18=0x0
MR19=0x0
MR24=0x8
MR25=0x0
CS = 1
MR0=0x18
MR4=0x1
MR5=0xFF
MR8=0x8
MR12=0x72
MR14=0x72
MR18=0x0
MR19=0x0
MR24=0x8
MR25=0x0
channel 1
CS = 0
MR0=0x98
MR4=0x1
MR5=0xFF
MR8=0x8
MR12=0x72
MR14=0x72
MR18=0x0
MR19=0x0
MR24=0x8
MR25=0x0
CS = 1
MR0=0x18
MR4=0x1
MR5=0xFF
MR8=0x8
MR12=0x72
MR14=0x72
MR18=0x0
MR19=0x0
MR24=0x8
MR25=0x0
channel 0 training pass!
channel 1 training pass!
change freq to 400MHz 0,1
channel 0
CS = 0
MR0=0x98
MR4=0x1
MR5=0xFF
MR8=0x8
MR12=0x72
MR14=0x72
MR18=0x0
MR19=0x0
MR24=0x8
MR25=0x0
CS = 1
MR0=0x18
MR4=0x1
MR5=0xFF
MR8=0x8
MR12=0x72
MR14=0x72
MR18=0x0
MR19=0x0
MR24=0x8
MR25=0x0
channel 1
CS = 0
MR0=0x98
MR4=0x1
MR5=0xFF
MR8=0x8
MR12=0x72
MR14=0x72
MR18=0x0
MR19=0x0
MR24=0x8
MR25=0x0
CS = 1
MR0=0x18
MR4=0x1
MR5=0xFF
MR8=0x8
MR12=0x72
MR14=0x72
MR18=0x0
MR19=0x0
MR24=0x8
MR25=0x0
channel 0 training pass!
channel 1 training pass!
change freq to 800MHz 1,0
Channel 0: LPDDR4,800MHz
Bus Width=32 Col=10 Bank=8 Row=15/15 CS=2 Die Bus-Width=16 Size=2048MB
Channel 1: LPDDR4,800MHz
Bus Width=32 Col=10 Bank=8 Row=15/15 CS=2 Die Bus-Width=16 Size=2048MB
256B stride
ch 0 ddrconfig = 0x101, ddrsize = 0x2020
ch 1 ddrconfig = 0x101, ddrsize = 0x2020
pmugrf_os_reg[2] = 0x3AA1FAA1, stride = 0xD
OUT
Boot1: 2019-03-14, version: 1.19
CPUId = 0x0
ChipType = 0x10, 237
mmc: ERROR: SDHCI ERR:cmd:0x102,stat:0x18000
mmc: ERROR: Card did not respond to voltage select!
emmc reinit
mmc: ERROR: SDHCI ERR:cmd:0x102,stat:0x18000
mmc: ERROR: Card did not respond to voltage select!
emmc reinit
mmc: ERROR: SDHCI ERR:cmd:0x102,stat:0x18000
mmc: ERROR: Card did not respond to voltage select!
SdmmcInit=2 1
mmc0:cmd5,20
SdmmcInit=0 0
BootCapSize=0
UserCapSize=29984MB
FwPartOffset=2000 , 0
run on sd0
StorageInit ok = 43938
SecureMode = 0
SecureInit read PBA: 0x4
SecureInit read PBA: 0x404
SecureInit read PBA: 0x804
SecureInit read PBA: 0xc04
SecureInit read PBA: 0x1004
SecureInit read PBA: 0x1404
SecureInit read PBA: 0x1804
SecureInit read PBA: 0x1c04
SecureInit ret = 0, SecureMode = 0
atags_set_bootdev: ret:(0)
GPT part:  0, name:            uboot, start:0x4000, size:0x2000
GPT part:  1, name:            trust, start:0x6000, size:0x2000
GPT part:  2, name:             misc, start:0x8000, size:0x2000
GPT part:  3, name:         resource, start:0xa000, size:0x8000
GPT part:  4, name:           kernel, start:0x12000, size:0x10000
GPT part:  5, name:              dtb, start:0x22000, size:0x2000
GPT part:  6, name:             dtbo, start:0x24000, size:0x2000
GPT part:  7, name:           vbmeta, start:0x26000, size:0x800
GPT part:  8, name:             boot, start:0x26800, size:0x10000
GPT part:  9, name:         recovery, start:0x36800, size:0x20000
GPT part: 10, name:           backup, start:0x56800, size:0x38000
GPT part: 11, name:         security, start:0x8e800, size:0x2000
GPT part: 12, name:            cache, start:0x90800, size:0x100000
GPT part: 13, name:           system, start:0x190800, size:0x500000
GPT part: 14, name:         metadata, start:0x690800, size:0x8000
GPT part: 15, name:           vendor, start:0x698800, size:0x100000
GPT part: 16, name:              oem, start:0x798800, size:0x100000
GPT part: 17, name:              frp, start:0x898800, size:0x400
GPT part: 18, name:         userdata, start:0x898c00, size:0x31f73df
find part:uboot OK. first_lba:0x4000.
find part:trust OK. first_lba:0x6000.
LoadTrust Addr:0x6000
No find bl30.bin
Load uboot, ReadLba = 4000
Load OK, addr=0x200000, size=0xe1b70
RunBL31 0x10000
NOTICE:  BL31: v1.3(debug):370ab80
NOTICE:  BL31: Built : 09:23:41, Mar  4 2019
NOTICE:  BL31: Rockchip release version: v1.1
INFO:    GICv3 with legacy support detected. ARM GICV3 driver initialized in EL3
INFO:    Using opteed sec cpu_context!
INFO:    boot cpu mask: 0
INFO:    plat_rockchip_pmu_init(1181): pd status 3e
INFO:    BL31: Initializing runtime services
INFO:    BL31: Initializing BL32
INF [0x0] TEE-CORE:init_primary_helper:337: Initializing (1.1.0-195-g8f090d20 #6 Fri Dec  7 06:11:20 UTC 2018 aarch64)

INF [0x0] TEE-CORE:init_primary_helper:338: Release version: 1.2

INF [0x0] TEE-CORE:init_teecore:83: teecore inits done
INFO:    BL31: Preparing for EL3 exit to normal world
INFO:    Entry point address = 0x200000
INFO:    SPSR = 0x3c9


U-Boot 2017.09 (May 23 2019 - 16:27:25 +0800)

Model: Rockchip RK3399 Evaluation Board
PreSerial: 2
DRAM:  3.8 GiB
Sysmem: init
Relocation Offset is: f5be3000
Using default environment

dwmmc@fe320000: 1, sdhci@fe330000: 0
Bootdev(atags): mmc 1
PartType: EFI
boot mode: recovery
Load FDT from recovery part
DTB: rk-kernel.dtb
ANDROID: fdt overlay OK
I2c speed: 400000Hz
PMIC:  RK808
vdd_center 900000 uV
vdd_cpu_l 900000 uV
vdd_log 900000 uV
Model: RK3399 ChestNut Board v1 (Android)
enter Recovery mode!
Rockchip UBOOT DRM driver version: v1.0.1
CLK: (uboot. arml: enter 816000 KHz, init 816000 KHz, kernel 0N/A)
CLK: (uboot. armb: enter 24000 KHz, init 24000 KHz, kernel 0N/A)
  aplll 816000 KHz
  apllb 24000 KHz
  dpll 800000 KHz
  cpll 24000 KHz
  gpll 800000 KHz
  npll 600000 KHz
  vpll 24000 KHz
  aclk_perihp 133333 KHz
  hclk_perihp 66666 KHz
  pclk_perihp 33333 KHz
  aclk_perilp0 266666 KHz
  hclk_perilp0 88888 KHz
  pclk_perilp0 44444 KHz
  hclk_perilp1 100000 KHz
  pclk_perilp1 50000 KHz
Net:   eth0: ethernet@fe300000
Hit key to stop autoboot('CTRL+C'):  0
ANDROID: reboot reason: "recovery"
verify [0] fail, cleanning ....verify [1] fail, cleanning ....verify [2] fail, cleanning ....verify [3] fail, cleanning ....verify [4] fail, cleanning ....verify [5] fail, cleanning ....verify [6] fail, cleanning ....verify [7] fail, cleanning ....verify [8] fail, cleanning ....verify [9] fail, cleanning ....verify [10] fail, cleanning ....verify [11] fail, cleanning ....verify [12] fail, cleanning ....verify [13] fail, cleanning ....verify [14] fail, cleanning ....verify [15] fail, cleanning ....verify [16] fail, cleanning ....verify [17] fail, cleanning ....verify [18] fail, cleanning ....verify [19] fail, cleanning ....verify [20] fail, cleanning ....verify [21] fail, cleanning ....verify [22] fail, cleanning ....verify [23] fail, cleanning ....verify [24] fail, cleanning ....verify [25] fail, cleanning ....verify [26] fail, cleanning ....verify [27] fail, cleanning ....verify [28] fail, cleanning ....verify [29] fail, cleanning ....verify [30] fail, cleanning ....verify [31] fail, cleanning ....verify [32] fail, cleanning ....verify [33] fail, cleanning ....verify [34] fail, cleanning ....verify [35] fail, cleanning ....verify [36] fail, cleanning ....verify [37] fail, cleanning ....verify [38] fail, cleanning ....verify [39] fail, cleanning ....verify [40] fail, cleanning ....verify [41] fail, cleanning ....verify [42] fail, cleanning ....verify [43] fail, cleanning ....verify [44] fail, cleanning ....verify [45] fail, cleanning ....verify [46] fail, cleanning ....verify [47] fail, cleanning ....verify [48] fail, cleanning ....verify [49] fail, cleanning ....verify [50] fail, cleanning ....verify [51] fail, cleanning ....verify [52] fail, cleanning ....verify [53] fail, cleanning ....verify [54] fail, cleanning ....verify [55] fail, cleanning ....verify [56] fail, cleanning ....verify [57] fail, cleanning ....verify [58] fail, cleanning ....verify [59] fail, cleanning ....verify [60] fail, cleanning ....verify [61] fail, cleanning ....verify [62] fail, cleanning ....verify [63] fail, cleanning ....verify [64] fail, cleanning ....verify [65] fail, cleanning ....verify [66] fail, cleanning ....verify [67] fail, cleanning ....verify [68] fail, cleanning ....verify [69] fail, cleanning ....verify [70] fail, cleanning ....verify [71] fail, cleanning ....verify [72] fail, cleanning ....verify [73] fail, cleanning ....verify [74] fail, cleanning ....verify [75] fail, cleanning ....verify [76] fail, cleanning ....verify [77] fail, cleanning ....verify [78] fail, cleanning ....verify [79] fail, cleanning ....verify [80] fail, cleanning ....verify [81] fail, cleanning ....verify [82] fail, cleanning ....verify [83] fail, cleanning ....verify [84] fail, cleanning ....verify [85] fail, cleanning ....verify [86] fail, cleanning ....verify [87] fail, cleanning ....verify [88] fail, cleanning ....verify [89] fail, cleanning ....verify [90] fail, cleanning ....verify [91] fail, cleanning ....verify [92] fail, cleanning ....verify [93] fail, cleanning ....verify [94] fail, cleanning ....verify [95] fail, cleanning ....verify [96] fail, cleanning ....verify [97] fail, cleanning ....verify [98] fail, cleanning ....verify [99] fail, cleanning ....verify [100] fail, cleanning ....verify [101] fail, cleanning ....verify [102] fail, cleanning ....verify [103] fail, cleanning ....verify [104] fail, cleanning ....verify [105] fail, cleanning ....verify [106] fail, cleanning ....verify [107] fail, cleanning ....verify [108] fail, cleanning ....verify [109] fail, cleanning ....verify [110] fail, cleanning ....verify [111] fail, cleanning ....verify [112] fail, cleanning ....verify [113] fail, cleanning ....verify [114] fail, cleanning ....verify [115] fail, cleanning ....verify [116] fail, cleanning ....verify [117] fail, cleanning ....verify [118] fail, cleanning ....verify [119] fail, cleanning ....verify [120] fail, cleanning ....verify [121] fail, cleanning ....verify [122] fail, cleanning ....verify [123] fail, cleanning ....verify [124] fail, cleanning ....verify [125] fail, cleanning ....verify [126] fail, cleanning ....verify [127] fail, cleanning ....SecureBoot enabled, AVB verify
ERR [0x0] TEE-CORE:ree_fs_open:1488: tee file not exists
read_is_device_unlocked() ops returned that device is UNLOCKED
avb_ab_flow.c:30: ERROR: Magic is incorrect.
avb_ab_flow.c:107: ERROR: Error validating A/B metadata from disk. Resetting and writing new A/B metadata to disk.
ERR [0x0] TEE-CORE:ree_fs_open:1488: tee file not exists
FDT load addr 0x10f00000 size 272 KiB
Booting IMAGE kernel at 0x00280000 with fdt at 0x8300000...


## Booting Android Image at 0x0027f800 ...
Kernel load addr 0x00280000 size 19081 KiB
RAM disk load addr 0x01522800 size 9553 KiB
## Flattened Device Tree blob at 08300000
   Booting using the fdt blob at 0x8300000
   XIP Kernel Image ... OK
   Loading Ramdisk to e9481000, end e9dd503a ... OK
   Loading Device Tree to 00000000e9465000, end 00000000e9480cf6 ... OK
Adding bank: 0x00200000 - 0x08400000 (size: 0x08200000)
Adding bank: 0x0a200000 - 0xf8000000 (size: 0xede00000)
Total: 5063.76 ms

Starting kernel ...


[    0.000000] Booting Linux on physical CPU 0x0
[    0.000000] Initializing cgroup subsys cpuset
[    0.000000] Initializing cgroup subsys cpu
[    0.000000] Initializing cgroup subsys cpuacct
[    0.000000] Initializing cgroup subsys schedtune
[    0.000000] Linux version 4.4.167 (warroir@Edge-E540) (gcc version 6.3.1 20170404 (Linaro GCC 6.3-2017.05) ) #7 SMP PREEMPT Thu May 23 16:40:10 CST 2019
[    0.000000] Boot CPU: AArch64 Processor [410fd034]
[    0.000000] earlycon: Early serial console at MMIO32 0xff1a0000 (options '')
[    0.000000] bootconsole [uart0] enabled
[    0.000000] Reserved memory: failed to reserve memory for node 'stb-devinfo@00000000': base 0x0000000000000000, size 0 MiB
[    0.000000] cma: Reserved 16 MiB at 0x00000000f7000000
[    0.000000] psci: probing for conduit method from DT.
[    0.000000] psci: PSCIv1.0 detected in firmware.
[    0.000000] psci: Using standard PSCI v0.2 function IDs
[    0.000000] psci: Trusted OS migration not required
[    0.000000] PERCPU: Embedded 21 pages/cpu @ffffffc0f6ede000 s45528 r8192 d32296 u86016
[    0.000000] Detected VIPT I-cache on CPU0
[    0.000000] CPU features: enabling workaround for ARM erratum 845719
[    0.000000] Built 1 zonelists in Zone order, mobility grouping on.  Total pages: 991752
[    0.000000] Kernel command line: storagemedia=sd androidboot.mode=normal androidboot.dtbo_idx=0 dm="1 vroot none ro 1,0 5159992 verity 1 PARTUUID=af01642c-9b84-11e8-9b2a-234eb5e198a0 PARTUUID=af01642c-9b84-11e8-9b2a-234eb5e198a0 4096 4096 644999 644999 sha1 c6a1caabae9df5c14a1de00f61c036ac81cfba18 3d753bed7e8dbb4c474f4a4d13d5dd44c21c20fe 10 restart_on_corruption ignore_zero_blocks use_fec_from_device PARTUUID=af01642c-9b84-11e8-9b2a-234eb5e198a0 fec_roots 2 fec_blocks 650080 fec_start 650080" root=/dev/dm-0 androidboot.vbmeta.device=PARTUUID=16660000-0000-4e74-8000-55fe00002743 androidboot.vbmeta.avb_version=1.1 androidboot.vbmeta.device_state=unlocked androidboot.vbmeta.hash_alg=sha256 androidboot.vbmeta.size=3456 androidboot.vbmeta.digest=505c706b353b1090f90f5a78fe3d4b06d27e577a14529ace61db8fc5f25ed45c androidboot.vbmeta.invalidate_on_error=yes androidboot.veritymode=enforcing androidboot.verifiedbootstate=orange androidboot.slot_suffix= androidboot.serialno=33d5e609c4e2da1c console=ttyFIQ0 androidboot.baseband=N/A androidboot.selinux=permissive androidboot.wificountrycode=US androidboot.veritymode=enforcing androidboot.hardware=rk30board androidboot.console=ttyFIQ0 firmware_class.path=/vendor/etc/firmware init=/init root=PARTUUID=af01642c-9b84-11e8-9b2a-234eb5e198a0 earlycon=uart8250,mmio32,0xff1a0000 swiotlb=1 coherent_pool=1m
[    0.000000] device-mapper: init: will configure 1 devices
[    0.000000] PID hash table entries: 4096 (order: 3, 32768 bytes)
[    0.000000] Dentry cache hash table entries: 524288 (order: 10, 4194304 bytes)
[    0.000000] Inode-cache hash table entries: 262144 (order: 9, 2097152 bytes)
[    0.000000] software IO TLB [mem 0xf6e96000-0xf6ed6000] (0MB) mapped at [ffffffc0f6e96000-ffffffc0f6ed5fff]
[    0.000000] Memory: 3908888K/4030464K available (11134K kernel code, 1736K rwdata, 5384K rodata, 768K init, 2411K bss, 105192K reserved, 16384K cma-reserved)
[    0.000000] Virtual kernel memory layout:
[    0.000000]     modules : 0xffffff8000000000 - 0xffffff8008000000   (   128 MB)
[    0.000000]     vmalloc : 0xffffff8008000000 - 0xffffffbdbfff0000   (   246 GB)
[    0.000000]       .init : 0xffffff80090b0000 - 0xffffff8009170000   (   768 KB)
[    0.000000]       .text : 0xffffff8008080000 - 0xffffff8008b60000   ( 11136 KB)
[    0.000000]     .rodata : 0xffffff8008b60000 - 0xffffff80090b0000   (  5440 KB)
[    0.000000]       .data : 0xffffff8009170000 - 0xffffff8009322008   (  1737 KB)
[    0.000000]     vmemmap : 0xffffffbdc0000000 - 0xffffffbfc0000000   (     8 GB maximum)
[    0.000000]               0xffffffbdc0008000 - 0xffffffbdc3e00000   (    61 MB actual)
[    0.000000]     fixed   : 0xffffffbffe7fb000 - 0xffffffbffec00000   (  4116 KB)
[    0.000000]     PCI I/O : 0xffffffbffee00000 - 0xffffffbfffe00000   (    16 MB)
[    0.000000]     memory  : 0xffffffc000200000 - 0xffffffc0f8000000   (  3966 MB)
[    0.000000] SLUB: HWalign=64, Order=0-3, MinObjects=0, CPUs=6, Nodes=1
[    0.000000] Preemptible hierarchical RCU implementation.
[    0.000000]  Build-time adjustment of leaf fanout to 64.
[    0.000000]  RCU restricting CPUs from NR_CPUS=8 to nr_cpu_ids=6.
[    0.000000] RCU: Adjusting geometry for rcu_fanout_leaf=64, nr_cpu_ids=6
[    0.000000] NR_IRQS:64 nr_irqs:64 0
[    0.000000] GIC: Using split EOI/Deactivate mode
[    0.000000] ITS: /interrupt-controller@fee00000/interrupt-controller@fee20000
[    0.000000] ITS: allocated 65536 Devices @a200000 (psz 64K, shr 0)
[    0.000000] ITS: using cache flushing for cmd queue
[    0.000000] GIC: using LPI property table @0x000000000a280000
[    0.000000] ITS: Allocated 1792 chunks for LPIs
[    0.000000] CPU0: found redistributor 0 region 0:0x00000000fef00000
[    0.000000] CPU0: using LPI pending table @0x000000000a290000
[    0.000000] GIC: using cache flushing for LPI property table
[    0.000000] GIC: PPI partition interrupt-partition-0[0] { /cpus/cpu@0[0] /cpus/cpu@1[1] /cpus/cpu@2[2] /cpus/cpu@3[3] }
[    0.000000] GIC: PPI partition interrupt-partition-1[1] { /cpus/cpu@100[4] /cpus/cpu@101[5] }
[    0.000000] rockchip_clk_register_frac_branch: could not find dclk_vop0_frac as parent of dclk_vop0, rate changes may not work
[    0.000000] rockchip_clk_register_frac_branch: could not find dclk_vop1_frac as parent of dclk_vop1, rate changes may not work
[    0.000000] rockchip_cpuclk_pre_rate_change: limiting alt-divider 33 to 31
[    0.000000] Architected cp15 timer(s) running at 24.00MHz (phys).
[    0.000000] clocksource: arch_sys_counter: mask: 0xffffffffffffff max_cycles: 0x588fe9dc0, max_idle_ns: 440795202592 ns
[    0.000005] sched_clock: 56 bits at 24MHz, resolution 41ns, wraps every 4398046511097ns
[    0.002027] Calibrating delay loop (skipped), value calculated using timer frequency.. 48.00 BogoMIPS (lpj=80000)
[    0.003005] pid_max: default: 32768 minimum: 301
[    0.003527] Security Framework initialized
[    0.003924] SELinux:  Initializing.
[    0.004336] Mount-cache hash table entries: 8192 (order: 4, 65536 bytes)
[    0.004975] Mountpoint-cache hash table entries: 8192 (order: 4, 65536 bytes)
[    0.006407] Initializing cgroup subsys memory
[    0.006846] Initializing cgroup subsys freezer
[    0.008220] sched-energy: Sched-energy-costs installed from DT
[    0.008779] CPU0: update cpu_capacity 401
[    0.009236] ASID allocator initialised with 32768 entries
[    0.026074] PCI/MSI: /interrupt-controller@fee00000/interrupt-controller@fee20000 domain created
[    0.027376] Platform MSI: /interrupt-controller@fee00000/interrupt-controller@fee20000 domain created
[    0.039461] Detected VIPT I-cache on CPU1
[    0.039493] CPU1: found redistributor 1 region 0:0x00000000fef20000
[    0.039527] CPU1: using LPI pending table @0x00000000f1c00000
[    0.039568] CPU1: update cpu_capacity 401
[    0.039571] CPU1: Booted secondary processor [410fd034]
[    0.049447] Detected VIPT I-cache on CPU2
[    0.049468] CPU2: found redistributor 2 region 0:0x00000000fef40000
[    0.049495] CPU2: using LPI pending table @0x00000000f1c30000
[    0.049521] CPU2: update cpu_capacity 401
[    0.049524] CPU2: Booted secondary processor [410fd034]
[    0.059478] Detected VIPT I-cache on CPU3
[    0.059497] CPU3: found redistributor 3 region 0:0x00000000fef60000
[    0.059524] CPU3: using LPI pending table @0x00000000f1c70000
[    0.059548] CPU3: update cpu_capacity 401
[    0.059551] CPU3: Booted secondary processor [410fd034]
[    0.069527] Detected PIPT I-cache on CPU4
[    0.069555] CPU4: found redistributor 100 region 0:0x00000000fef80000
[    0.069594] CPU4: using LPI pending table @0x00000000f1cc0000
[    0.069631] CPU4: update cpu_capacity 1024
[    0.069635] CPU4: Booted secondary processor [410fd082]
[    0.079552] Detected PIPT I-cache on CPU5
[    0.079569] CPU5: found redistributor 101 region 0:0x00000000fefa0000
[    0.079605] CPU5: using LPI pending table @0x00000000f1ce0000
[    0.079631] CPU5: update cpu_capacity 1024
[    0.079634] CPU5: Booted secondary processor [410fd082]
[    0.079717] Brought up 6 CPUs
[    0.092025] SMP: Total of 6 processors activated.
[    0.092476] CPU features: detected feature: GIC system register CPU interface
[    0.093154] CPU features: detected feature: 32-bit EL0 Support
[    0.093721] CPU: All CPU(s) started at EL2
[    0.094148] alternatives: patching kernel code
[    0.096486] devtmpfs: initialized
[    0.118713] clocksource: jiffies: mask: 0xffffffff max_cycles: 0xffffffff, max_idle_ns: 6370867519511994 ns
[    0.119631] futex hash table entries: 2048 (order: 5, 131072 bytes)
[    0.120873] pinctrl core: initialized pinctrl subsystem
[    0.122981] Failed to find legacy iommu devices
[    0.123805] NET: Registered protocol family 16
[    0.124942] schedtune: init normalization constants...
[    0.125425] schedtune: CLUSTER[0-3]      min_pwr:    56 max_pwr:   222
[    0.126034] schedtune: CPU[0]            min_pwr:     0 max_pwr:   222
[    0.126639] schedtune: CPU[1]            min_pwr:     0 max_pwr:   222
[    0.127256] schedtune: CPU[2]            min_pwr:     0 max_pwr:   222
[    0.127865] schedtune: CPU[3]            min_pwr:     0 max_pwr:   222
[    0.128467] schedtune: CLUSTER[4-5]      min_pwr:    65 max_pwr:  1108
[    0.129069] schedtune: CPU[4]            min_pwr:     0 max_pwr:  1108
[    0.129673] schedtune: CPU[5]            min_pwr:     0 max_pwr:  1108
[    0.130278] schedtune: SYSTEM            min_pwr:   121 max_pwr:  4434
[    0.130889] schedtune: using normalization constants mul: 3862781856 sh1: 1 sh2: 12
[    0.131594] schedtune: verify normalization constants...
[    0.132084] schedtune: max_pwr/2^0: 4313 => norm_pwr:  1024
[    0.132598] schedtune: max_pwr/2^1: 2156 => norm_pwr:   511
[    0.133114] schedtune: max_pwr/2^2: 1078 => norm_pwr:   255
[    0.133630] schedtune: max_pwr/2^3:  539 => norm_pwr:   127
[    0.134147] schedtune: max_pwr/2^4:  269 => norm_pwr:    63
[    0.134666] schedtune: max_pwr/2^5:  134 => norm_pwr:    31
[    0.135178] schedtune: configured to support 5 boost groups
[    0.144700] cpuidle: using governor ladder
[    0.154704] cpuidle: using governor menu
[    0.155085] Registered FIQ tty driver
[    0.156104] vdso: 2 pages (1 code @ ffffff8008b66000, 1 data @ ffffff8009174000)
[    0.156809] hw-breakpoint: found 6 breakpoint and 4 watchpoint registers.
[    0.158465] DMA: preallocated 1024 KiB pool for atomic allocations
[    0.179427] console [pstore-1] enabled
[    0.180002] pstore: Registered ramoops as persistent store backend
[    0.180577] ramoops: attached 0xf0000@0x110000, ecc: 0/0
[    0.183608] fiq debugger fiq mode enabled
[ [    0.184240] console [ttyFIQ0] enabled
   0.184240] console [ttyFIQ0] enabled
[    0.184920] bootconsole [uart0] disabled
[    0.184920] bootconsole [uart0] disabled
[    0.185511] Registered fiq debugger ttyFIQ0
[    0.217857] vcc3v3_sys: supplied by vcc_sys
[    0.218075] rockchip-pinctrl pinctrl: unable to find group for node csi-pwr-en
[    0.218219] vcc_csi_dvdd_1v2_f: supplied by vcc3v3_sys
[    0.219046] iommu: Adding device ff650000.vpu_service to group 0
[    0.219125] iommu: Adding device ff660000.rkvdec to group 1
[    0.219197] iommu: Adding device ff670000.iep to group 2
[    0.219308] iommu: Adding device ff8f0000.vop to group 3
[    0.219394] iommu: Adding device ff900000.vop to group 4
[    0.219481] iommu: Adding device ff910000.rkisp1 to group 5
[    0.219568] iommu: Adding device ff920000.rkisp1 to group 6
[    0.220032] rk_iommu ff650800.iommu: can't get sclk
[    0.220268] rk_iommu ff660480.iommu: can't get sclk
[    0.220361] rk_iommu ff670800.iommu: can't get aclk
[    0.220373] rk_iommu ff670800.iommu: can't get hclk
[    0.220383] rk_iommu ff670800.iommu: can't get sclk
[    0.220549] rk_iommu ff8f3f00.iommu: can't get sclk
[    0.220703] rk_iommu ff903f00.iommu: can't get sclk
[    0.220861] rk_iommu ff914000.iommu: can't get sclk
[    0.221005] rk_iommu ff924000.iommu: can't get sclk
[    0.221316] SCSI subsystem initialized
[    0.221483] usbcore: registered new interface driver usbfs
[    0.221525] usbcore: registered new interface driver hub
[    0.221600] usbcore: registered new device driver usb
[    0.222016] media: Linux media interface: v0.10
[    0.222057] Linux video capture interface: v2.00
[    0.222238] pps_core: LinuxPPS API ver. 1 registered
[    0.222247] pps_core: Software ver. 5.3.6 - Copyright 2005-2007 Rodolfo Giometti <giometti@linux.it>
[    0.222267] PTP clock support registered
[    0.224017] Advanced Linux Sound Architecture Driver Initialized.
[    0.224483] Bluetooth: Core ver 2.21
[    0.224524] NET: Registered protocol family 31
[    0.224532] Bluetooth: HCI device and connection manager initialized
[    0.224546] Bluetooth: HCI socket layer initialized
[    0.224557] Bluetooth: L2CAP socket layer initialized
[    0.224582] Bluetooth: SCO socket layer initialized
[    0.225316] rockchip-cpuinfo cpuinfo: Serial         : 33d5e609c4e2da1c
[    0.226155] clocksource: Switched to clocksource arch_sys_counter
[    0.270042] thermal thermal_zone1: power_allocator: sustainable_power will be estimated
[    0.270322] NET: Registered protocol family 2
[    0.270796] TCP established hash table entries: 32768 (order: 6, 262144 bytes)
[    0.271067] TCP bind hash table entries: 32768 (order: 7, 524288 bytes)
[    0.271599] TCP: Hash tables configured (established 32768 bind 32768)
[    0.271689] UDP hash table entries: 2048 (order: 4, 65536 bytes)
[    0.271797] UDP-Lite hash table entries: 2048 (order: 4, 65536 bytes)
[    0.272040] NET: Registered protocol family 1
[    0.273033] Trying to unpack rootfs image as initramfs...
[    0.691841] Freeing initrd memory: 9552K
[    0.692741] hw perfevents: enabled with armv8_cortex_a53 PMU driver, 7 counters available
[    0.692854] hw perfevents: enabled with armv8_cortex_a72 PMU driver, 7 counters available
[    0.695733] audit: initializing netlink subsys (disabled)
[    0.695797] audit: type=2000 audit(0.690:1): initialized
[    0.701203] VFS: Disk quotas dquot_6.6.0
[    0.701336] VFS: Dquot-cache hash table entries: 512 (order 0, 4096 bytes)
[    0.702204] Registering sdcardfs 0.1
[    0.702752] fuse init (API version 7.23)
[    0.703956]
[    0.703956] TEE Core Framework initialization (ver 1:0.1)
[    0.703986] TEE armv7 Driver initialization
[    0.704385] tz_tee_probe: name="armv7sec", id=0, pdev_name="armv7sec.0"
[    0.704404] TEE core: Alloc the misc device "opteearmtz00" (id=0)
[    0.704579] TEE Core: Register the misc device "opteearmtz00" (id=0,minor=62)
[    0.709017] Block layer SCSI generic (bsg) driver version 0.4 loaded (major 245)
[    0.709046] io scheduler noop registered
[    0.709211] io scheduler cfq registered (default)
[    0.712036] rockchip-mipi-dphy-rx ff770000.syscon:mipi-dphy-rx0: invalid resource
[    0.715198] iep: failed to find iep power down clock source.
[    0.715616] IEP Power ON
[    0.715777] IEP Power OFF
[    0.715851] IEP Driver loaded succesfully
[    0.715983] Module initialized.
[    0.716273] rk-vcodec ff650000.vpu_service: no regulator for vcodec
[    0.719818] rk-vcodec ff650000.vpu_service: probe device
[    0.720000] rk-vcodec ff650000.vpu_service: drm allocator with mmu enabled
[    0.720495] rk-vcodec ff650000.vpu_service: could not find power_model node
[    0.720512] rk-vcodec ff650000.vpu_service: init success
[    0.720698] rk-vcodec ff660000.rkvdec: no regulator for vcodec
[    0.721085] rk-vcodec ff660000.rkvdec: probe device
[    0.721260] rk-vcodec ff660000.rkvdec: drm allocator with mmu enabled
[    0.721599] rk-vcodec ff660000.rkvdec: could not find power_model node
[    0.721616] rk-vcodec ff660000.rkvdec: init success
[    0.723285] dma-pl330 ff6d0000.dma-controller: Loaded driver for PL330 DMAC-241330
[    0.723307] dma-pl330 ff6d0000.dma-controller:       DBUFF-32x8bytes Num_Chans-6 Num_Peri-12 Num_Events-12
[    0.724627] dma-pl330 ff6e0000.dma-controller: Loaded driver for PL330 DMAC-241330
[    0.724647] dma-pl330 ff6e0000.dma-controller:       DBUFF-128x8bytes Num_Chans-8 Num_Peri-20 Num_Events-16
[    0.726766] Serial: 8250/16550 driver, 6 ports, IRQ sharing disabled
[    0.727348] ff180000.serial: ttyS0 at MMIO 0xff180000 (irq = 38, base_baud = 1500000) is a 16550A
[    0.727859] [drm] Initialized drm 1.1.0 20060810
[    0.731750] [drm] Rockchip DRM driver version: v1.0.1
[    0.734760] Unable to detect cache hierarchy for CPU 0
[    0.755772] brd: module loaded
[    0.774027] loop: module loaded
[    0.774535] zram: Added device: zram0
[    0.775546] SCSI Media Changer driver v0.25
[    0.776290] tun: Universal TUN/TAP device driver, 1.6
[    0.776306] tun: (C) 1999-2004 Max Krasnyansky <maxk@qualcomm.com>
[    0.777389] rk_gmac-dwmac fe300000.ethernet: clock input or output? (input).
[    0.777405] rk_gmac-dwmac fe300000.ethernet: TX delay(0x28).
[    0.777417] rk_gmac-dwmac fe300000.ethernet: RX delay(0x11).
[    0.777442] rk_gmac-dwmac fe300000.ethernet: integrated PHY? (no).
[    0.777606] rk_gmac-dwmac fe300000.ethernet: cannot get clock clk_mac_speed
[    0.777616] rk_gmac-dwmac fe300000.ethernet: clock input from PHY
[    0.782631] rk_gmac-dwmac fe300000.ethernet: init for RGMII
[    0.782745] stmmac - user ID: 0x10, Synopsys ID: 0x35
[    0.782753]  Ring mode enabled
[    0.782760]  DMA HW capability register supported
[    0.782767]  Normal descriptors
[    0.782776]  RX Checksum Offload Engine supported (type 2)
[    0.782783]  TX Checksum insertion supported
[    0.782789]  Wake-Up On Lan supported
[    0.782845]  Enable RX Mitigation via HW Watchdog Timer
[    0.852700] libphy: stmmac: probed
[    0.852755] eth%d: PHY ID 001cc916 at 0 IRQ POLL (stmmac-0:00) active
[    0.852770] eth%d: PHY ID 001cc916 at 5 IRQ POLL (stmmac-0:05)
[    0.853703] PPP generic driver version 2.4.2
[    0.853937] PPP BSD Compression module registered
[    0.853973] PPP Deflate Compression module registered
[    0.854004] PPP MPPE Compression module registered
[    0.854043] NET: Registered protocol family 24
[    0.854091] SLIP: version 0.8.4-NET3.019-NEWTTY (dynamic channels, max=256) (6 bit encapsulation enabled).
[    0.854099] CSLIP: code copyright 1989 Regents of the University of California.
[    0.854118] Rockchip WiFi SYS interface (V1.00) ...
[    0.854200] usbcore: registered new interface driver catc
[    0.854243] usbcore: registered new interface driver kaweth
[    0.854277] pegasus: v0.9.3 (2013/04/25), Pegasus/Pegasus II USB Ethernet driver
[    0.854313] usbcore: registered new interface driver pegasus
[    0.854360] usbcore: registered new interface driver rtl8150
[    0.854404] usbcore: registered new interface driver r8152
[    0.854419] hso: drivers/net/usb/hso.c: Option Wireless
[    0.854475] usbcore: registered new interface driver hso
[    0.854542] usbcore: registered new interface driver asix
[    0.854585] usbcore: registered new interface driver ax88179_178a
[    0.854627] usbcore: registered new interface driver cdc_ether
[    0.854671] usbcore: registered new interface driver cdc_eem
[    0.854732] usbcore: registered new interface driver dm9601
[    0.854781] usbcore: registered new interface driver smsc75xx
[    0.854831] usbcore: registered new interface driver smsc95xx
[    0.854875] usbcore: registered new interface driver gl620a
[    0.854937] usbcore: registered new interface driver net1080
[    0.854980] usbcore: registered new interface driver plusb
[    0.855022] usbcore: registered new interface driver rndis_host
[    0.855064] usbcore: registered new interface driver cdc_subset
[    0.855106] usbcore: registered new interface driver zaurus
[    0.855170] usbcore: registered new interface driver MOSCHIP usb-ethernet driver
[    0.855231] usbcore: registered new interface driver int51x1
[    0.855273] usbcore: registered new interface driver kalmia
[    0.855315] usbcore: registered new interface driver ipheth
[    0.855379] usbcore: registered new interface driver sierra_net
[    0.855417] usbcore: registered new interface driver cx82310_eth
[    0.855466] usbcore: registered new interface driver cdc_ncm
[    0.855504] usbcore: registered new interface driver qmi_wwan
[    0.855543] usbcore: registered new interface driver cdc_mbim
[    0.856848] rockchip-dwc3 usb0: failed to get drvdata dwc3
[    0.857675] rockchip-usb2phy ff770000.syscon:usb2-phy@e460: Requested PHY is disabled
[    0.859139] rockchip-dwc3 usb1: fail to get drvdata hcd
[    0.860343] ehci_hcd: USB 2.0 'Enhanced' Host Controller (EHCI) Driver
[    0.860379] ehci-pci: EHCI PCI platform driver
[    0.860440] ehci-platform: EHCI generic platform driver
[    0.862881] ehci-platform fe3c0000.usb: EHCI Host Controller
[    0.863099] ehci-platform fe3c0000.usb: new USB bus registered, assigned bus number 1
[    0.863287] ehci-platform fe3c0000.usb: irq 30, io mem 0xfe3c0000
[    0.872868] ehci-platform fe3c0000.usb: USB 2.0 started, EHCI 1.00
[    0.873100] usb usb1: New USB device found, idVendor=1d6b, idProduct=0002
[    0.873125] usb usb1: New USB device strings: Mfr=3, Product=2, SerialNumber=1
[    0.873138] usb usb1: Product: EHCI Host Controller
[    0.873150] usb usb1: Manufacturer: Linux 4.4.167 ehci_hcd
[    0.873161] usb usb1: SerialNumber: fe3c0000.usb
[    0.873762] hub 1-0:1.0: USB hub found
[    0.873807] hub 1-0:1.0: 1 port detected
[    0.874764] ohci_hcd: USB 1.1 'Open' Host Controller (OHCI) Driver
[    0.874833] ohci-platform: OHCI generic platform driver
[    0.875511] ohci-platform fe3e0000.usb: Generic Platform OHCI controller
[    0.875726] ohci-platform fe3e0000.usb: new USB bus registered, assigned bus number 2
[    0.875942] ohci-platform fe3e0000.usb: irq 31, io mem 0xfe3e0000
[    0.930326] usb usb2: New USB device found, idVendor=1d6b, idProduct=0001
[    0.930350] usb usb2: New USB device strings: Mfr=3, Product=2, SerialNumber=1
[    0.930362] usb usb2: Product: Generic Platform OHCI controller
[    0.930373] usb usb2: Manufacturer: Linux 4.4.167 ohci_hcd
[    0.930383] usb usb2: SerialNumber: fe3e0000.usb
[    0.931074] hub 2-0:1.0: USB hub found
[    0.931247] hub 2-0:1.0: 1 port detected
[    0.932919] usbcore: registered new interface driver cdc_acm
[    0.932938] cdc_acm: USB Abstract Control Model driver for USB modems and ISDN adapters
[    0.933015] usbcore: registered new interface driver usblp
[    0.933071] usbcore: registered new interface driver cdc_wdm
[    0.933132] usbcore: registered new interface driver uas
[    0.933242] usbcore: registered new interface driver usb-storage
[    0.933292] usbcore: registered new interface driver ums-alauda
[    0.933350] usbcore: registered new interface driver ums-cypress
[    0.933417] usbcore: registered new interface driver ums-datafab
[    0.933467] usbcore: registered new interface driver ums_eneub6250
[    0.933517] usbcore: registered new interface driver ums-freecom
[    0.933571] usbcore: registered new interface driver ums-isd200
[    0.933634] usbcore: registered new interface driver ums-jumpshot
[    0.933684] usbcore: registered new interface driver ums-karma
[    0.933734] usbcore: registered new interface driver ums-onetouch
[    0.933792] usbcore: registered new interface driver ums-sddr09
[    0.933855] usbcore: registered new interface driver ums-sddr55
[    0.933906] usbcore: registered new interface driver ums-usbat
[    0.934013] usbcore: registered new interface driver usbserial
[    0.934073] usbcore: registered new interface driver usbserial_generic
[    0.934110] usbserial: USB Serial support registered for generic
[    0.934163] usbcore: registered new interface driver option
[    0.934201] usbserial: USB Serial support registered for GSM modem (1-port)
[    0.934356] usbcore: registered new interface driver trancevibrator
[    0.934379] usb20_otg: version 3.10a 21-DEC-2012
[    0.934655] usb20_host: version 3.10a 21-DEC-2012
[    0.935529] >>>>>>>>67 11 13<<<<<<
[    0.935659] power_en_pin is: 0
[    0.935878] mod_en_pin is: 0
[    0.936097] reset_pin is: 0
[    0.936333] gpios_init: set mod_en_pin(gpiopin 13) low,ret=0
[    0.936545] gpios_init: set power_en_pin(gpiopin 67) low,ret=0
[    1.036773] power_en_pin is: 0
[    1.036789] mod_en_pin is: 0
[    1.036799] reset_pin is: 0
[    1.036814] gpios_init: set power_en_pin(gpiopin 67) high,ret=0
[    1.036831] gpios_init: set reset_pin(gpiopin 11) high,ret=0
[    1.179508] usb 1-1: new high-speed USB device number 2 using ehci-platform
[    1.304602] usb 1-1: New USB device found, idVendor=05e3, idProduct=0608
[    1.304619] usb 1-1: New USB device strings: Mfr=0, Product=1, SerialNumber=0
[    1.304629] usb 1-1: Product: USB2.0 Hub
[    1.305355] hub 1-1:1.0: USB hub found
[    1.305724] hub 1-1:1.0: 4 ports detected
[    1.436900] gpios_init: set mod_en_pin(gpiopin 13) high,ret=0
[    1.437170] yf_extend_gpio yf_extend_gpio: not find pin 1
[    1.437185] [YF_extend_CON]yf_extend pin 1 is gpio -2
[    1.437214] yf_extend_gpio yf_extend_gpio: not find pin 2
[    1.437221] [YF_extend_CON]yf_extend pin 2 is gpio -2
[    1.437240] yf_extend_gpio yf_extend_gpio: not find pin 3
[    1.437247] [YF_extend_CON]yf_extend pin 3 is gpio -2
[    1.437265] yf_extend_gpio yf_extend_gpio: not find pin 4
[    1.437273] [YF_extend_CON]yf_extend pin 4 is gpio -2
[    1.437291] yf_extend_gpio yf_extend_gpio: not find pin 5
[    1.437298] [YF_extend_CON]yf_extend pin 5 is gpio -2
[    1.437316] yf_extend_gpio yf_extend_gpio: not find pin 6
[    1.437323] [YF_extend_CON]yf_extend pin 6 is gpio -2
[    1.437372] [YF_extend_CON]yf_extend pin 7 is gpio 32
[    1.437406] [YF_extend_CON]yf_extend pin 8 is gpio 145
[    1.437428] yf_extend_gpio yf_extend_gpio: not find pin 9
[    1.437435] [YF_extend_CON]yf_extend pin 9 is gpio -2
[    1.437467] [YF_extend_CON]yf_extend pin 10 is gpio 144
[    1.437497] [YF_extend_CON]yf_extend pin 11 is gpio 33
[    1.437527] [YF_extend_CON]yf_extend pin 12 is gpio 50
[    1.437556] [YF_extend_CON]yf_extend pin 13 is gpio 35
[    1.437576] yf_extend_gpio yf_extend_gpio: not find pin 14
[    1.437583] [YF_extend_CON]yf_extend pin 14 is gpio -2
[    1.437613] [YF_extend_CON]yf_extend pin 15 is gpio 36
[    1.437643] [YF_extend_CON]yf_extend pin 16 is gpio 54
[    1.437666] yf_extend_gpio yf_extend_gpio: not find pin 17
[    1.437673] [YF_extend_CON]yf_extend pin 17 is gpio -2
[    1.437703] [YF_extend_CON]yf_extend pin 18 is gpio 154
[    1.437733] [YF_extend_CON]yf_extend pin 19 is gpio 40
[    1.437752] yf_extend_gpio yf_extend_gpio: not find pin 20
[    1.437759] [YF_extend_CON]yf_extend pin 20 is gpio -2
[    1.437788] [YF_extend_CON]yf_extend pin 21 is gpio 39
[    1.437817] [YF_extend_CON]yf_extend pin 22 is gpio 56
[    1.437847] [YF_extend_CON]yf_extend pin 23 is gpio 41
[    1.437876] [YF_extend_CON]yf_extend pin 24 is gpio 42
[    1.437898] yf_extend_gpio yf_extend_gpio: not find pin 25
[    1.437905] [YF_extend_CON]yf_extend pin 25 is gpio -2
[    1.437936] [YF_extend_CON]yf_extend pin 26 is gpio 149
[    1.437954] yf_extend_gpio yf_extend_gpio: not find pin 27
[    1.437961] [YF_extend_CON]yf_extend pin 27 is gpio -2
[    1.437979] yf_extend_gpio yf_extend_gpio: not find pin 28
[    1.437987] [YF_extend_CON]yf_extend pin 28 is gpio -2
[    1.438018] [YF_extend_CON]yf_extend pin 29 is gpio 121
[    1.438036] yf_extend_gpio yf_extend_gpio: not find pin 30
[    1.438043] [YF_extend_CON]yf_extend pin 30 is gpio -2
[    1.438073] [YF_extend_CON]yf_extend pin 31 is gpio 122
[    1.438103] [YF_extend_CON]yf_extend pin 32 is gpio 128
[    1.438137] [YF_extend_CON]yf_extend pin 33 is gpio 120
[    1.438155] yf_extend_gpio yf_extend_gpio: not find pin 34
[    1.438162] [YF_extend_CON]yf_extend pin 34 is gpio -2
[    1.438193] [YF_extend_CON]yf_extend pin 35 is gpio 123
[    1.438223] [YF_extend_CON]yf_extend pin 36 is gpio 127
[    1.438253] [YF_extend_CON]yf_extend pin 37 is gpio 124
[    1.438283] [YF_extend_CON]yf_extend pin 38 is gpio 125
[    1.438301] yf_extend_gpio yf_extend_gpio: not find pin 39
[    1.438313] [YF_extend_CON]yf_extend pin 39 is gpio -2
[    1.438343] [YF_extend_CON]yf_extend pin 40 is gpio 126
[    1.438349] [YF_extend_CON] set all pins output 0.
[    1.438632] usbcore: registered new interface driver xpad
[    1.438692] usbcore: registered new interface driver usb_acecad
[    1.438739] usbcore: registered new interface driver aiptek
[    1.438793] usbcore: registered new interface driver gtco
[    1.438842] usbcore: registered new interface driver hanwang
[    1.438888] usbcore: registered new interface driver kbtab
[    1.439375] sensor_register_slave:kxtj9,id=11
[    1.439396] sensor_register_slave:mma8452,id=17
[    1.439409] sensor_register_slave:lis3dh,id=7
[    1.439420] sensor_register_slave:mma7660,id=18
[    1.439432] sensor_register_slave:lsm303d,id=22
[    1.439448] sensor_register_slave:gs_mc3230,id=23
[    1.439456] [Gsensor]   gsensor_init
[    1.439468] sensor_register_slave:mpu6880_acc,id=24
[    1.439497] sensor_register_slave:mpu6500_acc,id=25
[    1.439510] sensor_register_slave:lsm330_acc,id=26
[    1.439522] sensor_register_slave:bma2xx_acc,id=27
[    1.439535] sensor_register_slave:akm8975,id=30
[    1.439547] sensor_register_slave:akm8963,id=31
[    1.439559] sensor_register_slave:l3g4200d,id=45
[    1.439571] sensor_register_slave:l3g20d,id=46
[    1.439584] sensor_register_slave:ewtsa,id=47
[    1.439596] sensor_register_slave:lsm330_gyro,id=51
[    1.439608] sensor_register_slave:cm3217,id=53
[    1.439620] sensor_register_slave:cm3218,id=54
[    1.439633] sensor_register_slave:ls_stk3410,id=62
[    1.439645] sensor_register_slave:ps_stk3410,id=67
[    1.440742] i2c /dev entries driver
[    1.441965] fan53555-regulator 0-0040: FAN53555 Option[8] Rev[1] Detected!
[    1.442034] fan53555-reg: supplied by vcc_sys
[    1.444323] fan53555-regulator 0-0041: FAN53555 Option[8] Rev[1] Detected!
[    1.444375] fan53555-reg: supplied by vcc_sys
[    1.446721] rk808 0-001b: Pmic Chip id: 0x0
[    1.450055] rk808-regulator rk808-regulator: there is no dvs0 gpio
[    1.450123] rk808-regulator rk808-regulator: there is no dvs1 gpio
[    1.450215] DCDC_REG1: supplied by vcc_sys
[    1.450931] DCDC_REG2: supplied by vcc_sys
[    1.451484] DCDC_REG3: supplied by vcc_sys
[    1.451769] DCDC_REG4: supplied by vcc_sys
[    1.452199] LDO_REG1: supplied by vcc_sys
[    1.453299] LDO_REG2: supplied by vcc_sys
[    1.454268] LDO_REG3: supplied by vcc_sys
[    1.455237] LDO_REG4: supplied by vcc_sys
[    1.456211] LDO_REG5: supplied by vcc_sys
[    1.457185] LDO_REG6: supplied by vcc_sys
[    1.458165] LDO_REG7: supplied by vcc_sys
[    1.459127] LDO_REG8: supplied by vcc_sys
[    1.460118] SWITCH_REG1: supplied by vcc3v3_sys
[    1.460418] SWITCH_REG2: supplied by vcc3v3_sys
[    1.463708] rk808-rtc rk808-rtc: rtc core: registered rk808-rtc as rtc0
[    1.464127] rk3x-i2c ff3c0000.i2c: Initialized RK3xxx I2C bus at ffffff80098f0000
[    1.464838] rk3x-i2c ff110000.i2c: Initialized RK3xxx I2C bus at ffffff80098f2000
[    1.465353] rk3x-i2c ff120000.i2c: Initialized RK3xxx I2C bus at ffffff80098f4000
[    1.465770] rk3x-i2c ff160000.i2c: Initialized RK3xxx I2C bus at ffffff80098f6000
[    1.466895] fusb302 4-0022: Can't get property of role, set role to default DRP
[    1.475099] fusb302 4-0022: port 0 probe success with role ROLE_MODE_DRP, try_role ROLE_MODE_NONE
[    1.475152] rk3x-i2c ff3d0000.i2c: Initialized RK3xxx I2C bus at ffffff80098f8000
[    1.476127] IR NEC protocol handler initialized
[    1.476142] IR RC5(x/sz) protocol handler initialized
[    1.476173] IR RC6 protocol handler initialized
[    1.476184] IR JVC protocol handler initialized
[    1.476194] IR Sony protocol handler initialized
[    1.476205] IR SANYO protocol handler initialized
[    1.476240] IR Sharp protocol handler initialized
[    1.476251] IR MCE Keyboard/mouse protocol handler initialized
[    1.476261] IR XMP protocol handler initialized
[    1.476823] rkisp1 ff910000.rkisp1: rkisp1 driver version: v00.01.01
[    1.476869] rkisp1 ff910000.rkisp1: Missing rockchip,grf property
[    1.478245] rkisp1 ff920000.rkisp1: rkisp1 driver version: v00.01.01
[    1.478288] rkisp1 ff920000.rkisp1: Missing rockchip,grf property
[    1.479608] usbcore: registered new interface driver uvcvideo
[    1.479635] USB Video Class driver (1.1.1)
[    1.479650] CamSys driver version: v0.48.0, CamSys head file version: v1.0.0
[    1.480121] test_power_init: could not find dev node
[    1.481575] Boot mode: coldboot
[    1.482572] rk_tsadcv2_temp_to_code: Invalid conversion table: code=1023, temperature=2147483647
[    1.482782] rockchip-thermal ff260000.tsadc: tsadc is probed successfully!
[    1.483345] device-mapper: uevent: version 1.0.3
[    1.483656] device-mapper: ioctl: 4.34.0-ioctl (2015-10-28) initialised: dm-devel@redhat.com
[    1.483816] device-mapper: verity-avb: AVB error handler initialized with vbmeta device: PARTUUID=16660000-0000-4e74-8000-55fe00002743
[    1.483849] Bluetooth: HCI UART driver ver 2.3
[    1.483860] Bluetooth: HCI UART protocol H4 registered
[    1.483868] Bluetooth: HCI UART protocol LL registered
[    1.483880] rtk_btusb: RTKBT_RELEASE_NAME: 20180702_BT_ANDROID_8.1
[    1.483887] rtk_btusb: Realtek Bluetooth USB driver module init, version 4.1.5
[    1.483895] rtk_btusb: Register usb char device interface for BT driver
[    1.484091] usbcore: registered new interface driver rtk_btusb
[    1.484551] cpu cpu0: bin=1
[    1.484622] cpu cpu0: leakage=20
[    1.496638] cpu cpu0: temp=33888, pvtm=149305 (150225 + -920)
[    1.496839] cpu cpu0: pvtm-volt-sel=2
[    1.496919] cpu cpu0: bin-scale=34
[    1.497199] cpu cpu4: bin=1
[    1.497272] cpu cpu4: leakage=35
[    1.509297] cpu cpu4: temp=33888, pvtm=156322 (156890 + -568)
[    1.509406] cpu cpu4: pvtm-volt-sel=2
[    1.509467] cpu cpu4: bin-scale=17
[    1.510535] cpu cpu0: avs=0, target-scale=34
[    1.510631] cpu cpu0: l=0 h=2147483647 hyst=5000 l_limit=0 h_limit=0
[    1.511176] cpu cpu0: failed to find power_model node
[    1.512120] cpu cpu4: avs=0, target-scale=17
[    1.512208] cpu cpu4: l=0 h=2147483647 hyst=5000 l_limit=0 h_limit=0
[    1.513625] cpu cpu4: failed to find power_model node
[    1.514410] sdhci: Secure Digital Host Controller Interface driver
[    1.514435] sdhci: Copyright(c) Pierre Ossman
[    1.514448] Synopsys Designware Multimedia Card Interface Driver
[    1.515265] dwmmc_rockchip fe310000.dwmmc: IDMAC supports 32-bit address mode.
[    1.515405] dwmmc_rockchip fe310000.dwmmc: Using internal DMA controller.
[    1.515441] dwmmc_rockchip fe310000.dwmmc: Version ID is 270a
[    1.515488] dwmmc_rockchip fe310000.dwmmc: DW MMC controller at irq 25,32 bit host data width,256 deep fifo
[    1.515516] dwmmc_rockchip fe310000.dwmmc: 'clock-freq-min-max' property was deprecated.
[    1.515576] dwmmc_rockchip fe310000.dwmmc: No vmmc regulator found
[    1.515586] dwmmc_rockchip fe310000.dwmmc: No vqmmc regulator found
[    1.516423] dwmmc_rockchip fe320000.dwmmc: IDMAC supports 32-bit address mode.
[    1.516487] dwmmc_rockchip fe320000.dwmmc: Using internal DMA controller.
[    1.516517] dwmmc_rockchip fe320000.dwmmc: Version ID is 270a
[    1.516563] dwmmc_rockchip fe320000.dwmmc: DW MMC controller at irq 26,32 bit host data width,256 deep fifo
[    1.516582] dwmmc_rockchip fe320000.dwmmc: 'clock-freq-min-max' property was deprecated.
[    1.516668] dwmmc_rockchip fe320000.dwmmc: No vmmc regulator found
[    1.516934] vcc_sdio: unsupportable voltage range: 3300000-3000000uV
[    1.516955] rockchip-iodomain ff770000.syscon:io-domains: Setting to 3000000 done
[    1.516967] rockchip-iodomain ff770000.syscon:io-domains: Setting to 3000000 done
[    1.529618] mmc_host mmc0: Bus speed (slot 0) = 400000Hz (slot req 400000Hz, actual 400000HZ div = 0)
[    1.543979] dwmmc_rockchip fe320000.dwmmc: 1 slots initialized
[    1.546377] sdhci-pltfm: SDHCI platform and OF driver helper
[    1.548616] sdhci-arasan fe330000.sdhci: No vmmc regulator found
[    1.548652] sdhci-arasan fe330000.sdhci: No vqmmc regulator found
[    1.565452] rockchip-iodomain ff770000.syscon:io-domains: Setting to 3000000 done
[    1.565664] rockchip-iodomain ff770000.syscon:io-domains: Setting to 1800000 done
[    1.576385] mmc1: SDHCI controller on fe330000.sdhci [fe330000.sdhci] using ADMA
[    1.577322] hidraw: raw HID events driver (C) Jiri Kosina
[    1.583136] usbcore: registered new interface driver usbhid
[    1.583167] usbhid: USB HID core driver
[    1.583305] inv_mpu_iio: inv_mpu_init:746
[    1.583892] ashmem: initialized
[    1.587128] mmc_host mmc0: Bus speed (slot 0) = 100000000Hz (slot req 100000000Hz, actual 100000000HZ div = 0)
[    1.587758] rockchip-dmc dmc: unable to get devfreq-event device : dfi
[    1.590329] ff100000.saradc supply vref not found, using dummy regulator
[    1.593183] rknandbase v1.2 2018-05-08
[    1.594027] usbcore: registered new interface driver snd-usb-audio
[    1.595177] es8316 1-0011: Can not read property spk_ctl_gpio
[    1.595217] es8316 1-0011: Can not read property hp_det_gpio
[    1.600773] u32 classifier
[    1.600833]     Actions configured
[    1.600895] Netfilter messages via NETLINK v0.30.
[    1.601049] nf_conntrack version 0.5.0 (16384 buckets, 65536 max)
[    1.601857] ctnetlink v0.93: registering with nfnetlink.
[    1.603283] xt_time: kernel timezone is -0000
[    1.603544] IPv4 over IPsec tunneling driver
[    1.605220] ip_tables: (C) 2000-2006 Netfilter Core Team
[    1.605699] arp_tables: (C) 2002 David S. Miller
[    1.606320] Initializing XFRM netlink socket
[    1.607150] NET: Registered protocol family 10
[    1.608220] mip6: Mobile IPv6
[    1.608270] ip6_tables: (C) 2000-2006 Netfilter Core Team
[    1.609883] sit: IPv6 over IPv4 tunneling driver
[    1.610714] NET: Registered protocol family 17
[    1.610762] NET: Registered protocol family 15
[    1.610802] bridge: automatic filtering via arp/ip/ip6tables has been deprecated. Update your scripts to load br_netfilter if you need this.
[    1.611844] Bridge firewalling registered
[    1.611874] Ebtables v2.0 registered
[    1.612125] Bluetooth: RFCOMM TTY layer initialized
[    1.612161] Bluetooth: RFCOMM socket layer initialized
[    1.612197] Bluetooth: RFCOMM ver 1.11
[    1.612225] Bluetooth: BNEP (Ethernet Emulation) ver 1.3
[    1.612234] Bluetooth: BNEP filters: protocol multicast
[    1.612249] Bluetooth: BNEP socket layer initialized
[    1.612271] Bluetooth: HIDP (Human Interface Emulation) ver 1.2
[    1.612285] Bluetooth: HIDP socket layer initialized
[    1.612365] l2tp_core: L2TP core driver, V2.0
[    1.612390] l2tp_ppp: PPPoL2TP kernel driver, V2.0
[    1.612409] [WLAN_RFKILL]: Enter rfkill_wlan_init
[    1.612791] [WLAN_RFKILL]: Enter rfkill_wlan_probe
[    1.612983] [WLAN_RFKILL]: wlan_platdata_parse_dt: wifi_chip_type = ap6256
[    1.613006] [WLAN_RFKILL]: wlan_platdata_parse_dt: enable wifi power control.
[    1.613016] [WLAN_RFKILL]: wlan_platdata_parse_dt: wifi power controled by gpio.
[    1.613126] [WLAN_RFKILL]: wlan_platdata_parse_dt: get property: WIFI,host_wake_irq = 3, flags = 0.
[    1.613143] [WLAN_RFKILL]: wlan_platdata_parse_dt: The ref_wifi_clk not found !
[    1.613152] [WLAN_RFKILL]: rfkill_wlan_probe: init gpio
[    1.613164] [WLAN_RFKILL]: Exit rfkill_wlan_probe
[    1.613241] [BT_RFKILL]: Enter rfkill_rk_init
[    1.613803] [BT_RFKILL]: bluetooth_platdata_parse_dt: get property: uart_rts_gpios = 83.
[    1.613858] [BT_RFKILL]: bluetooth_platdata_parse_dt: get property: BT,reset_gpio = 9.
[    1.613897] [BT_RFKILL]: bluetooth_platdata_parse_dt: get property: BT,wake_gpio = 90.
[    1.613936] [BT_RFKILL]: bluetooth_platdata_parse_dt: get property: BT,wake_host_irq = 4.
[    1.614311] [BT_RFKILL]: Request irq for bt wakeup host
[    1.614373] [BT_RFKILL]: ** disable irq
[    1.614526] [BT_RFKILL]: bt_default device registered.
[    1.615081] sensor_register_slave:mpu6500_gyro,id=49
[    1.615108] sensor_register_slave:mpu6880_gyro,id=50
[    1.615885] ov13850 1-0010: could not get sleep pinstate
[    1.615930] __ov13850_power_on
[    1.617883] ov13850 1-0010: Unexpected sensor id(000000), ret(-5)
[    1.617935] __ov13850_power_off
[    1.618101] ov13850: probe of 1-0010 failed with error -5
[    1.618698] ov13850f 2-0010: could not get default pinstate
[    1.618756] ov13850f 2-0010: could not get sleep pinstate
[    1.618792] __ov13850_power_on
[    1.622075] ov13850f 2-0010: Unexpected sensor id(000000), ret(-5)
[    1.622128] __ov13850_power_off
[    1.622268] ov13850f: probe of 2-0010 failed with error -5
[    1.624790] Registered cp15_barrier emulation handler
[    1.624933] Registered setend emulation handler
[    1.625606] registered taskstats version 1
[    1.627686] Key type encrypted registered
[    1.628381] rockchip ion idev is NULL
[    1.628404] rga2 ff680000.rga: rga ion client create success!
[    1.628612] rga: Driver loaded successfully ver:3.02
[    1.628798] rga2: Module initialized.
[    1.630545] phy phy-ff770000.syscon:usb2-phy@e450.5: Failed to get VBUS supply regulator
[    1.632540] rockchip-drm display-subsystem: defer getting devfreq
[    1.632990] rockchip-vop ff900000.vop: missing rockchip,grf property
[    1.633363] rockchip-drm display-subsystem: bound ff900000.vop (ops vop_component_ops)
[    1.633449] rockchip-vop ff8f0000.vop: missing rockchip,grf property
[    1.633706] rockchip-drm display-subsystem: bound ff8f0000.vop (ops vop_component_ops)
[    1.634034] dwhdmi-rockchip ff940000.hdmi: Detected HDMI TX controller v2.11a with HDCP (DWC HDMI 2.0 TX PHY)
[    1.636146] rockchip-drm display-subsystem: bound ff940000.hdmi (ops dw_hdmi_rockchip_ops)
[    1.636840] i2c i2c-9: of_i2c: modalias failure on /dp@fec00000/ports
[    1.637607] cdn-dp fec00000.dp: [drm:cdn_dp_pd_event_work] Not connected. Disabling cdn
[    1.637689] rockchip-drm display-subsystem: bound fec00000.dp (ops cdn_dp_component_ops)
[    1.637704] [drm] Supports vblank timestamp caching Rev 2 (21.10.2013).
[    1.637712] [drm] No driver support for vblank timestamp query.
[    1.638233] rockchip-drm display-subsystem: connector[HDMI-A-1] can't found any modes
[    1.638281] rockchip-drm display-subsystem: can't not find any loader display
[    1.638341] rockchip-drm display-subsystem: failed to show loader logo
[    1.638514] Freeing drm_logo memory: 836K
[    1.638548] rockchip-drm display-subsystem: No connectors reported connected with modes
[    1.638563] [drm] Cannot find any crtc or sizes - going 1024x768
[    1.643504] rockchip-drm display-subsystem: fb0:  frame buffer device
[    1.669369] xhci-hcd xhci-hcd.11.auto: xHCI Host Controller
[    1.669649] xhci-hcd xhci-hcd.11.auto: new USB bus registered, assigned bus number 3
[    1.669981] xhci-hcd xhci-hcd.11.auto: hcc params 0x0220fe64 hci version 0x110 quirks 0x06030010
[    1.670207] xhci-hcd xhci-hcd.11.auto: irq 230, io mem 0xfe800000
[    1.670596] usb usb3: New USB device found, idVendor=1d6b, idProduct=0002
[    1.670859] usb usb3: New USB device strings: Mfr=3, Product=2, SerialNumber=1
[    1.671078] usb usb3: Product: xHCI Host Controller
[    1.671300] usb usb3: Manufacturer: Linux 4.4.167 xhci-hcd
[    1.671521] usb usb3: SerialNumber: xhci-hcd.11.auto
[    1.672287] hub 3-0:1.0: USB hub found
[    1.672524] hub 3-0:1.0: 1 port detected
[    1.673003] xhci-hcd xhci-hcd.11.auto: xHCI Host Controller
[    1.673211] xhci-hcd xhci-hcd.11.auto: new USB bus registered, assigned bus number 4
[    1.673466] usb usb4: We don't know the algorithms for LPM for this host, disabling LPM.
[    1.673713] usb usb4: New USB device found, idVendor=1d6b, idProduct=0003
[    1.673861] usb usb4: New USB device strings: Mfr=3, Product=2, SerialNumber=1
[    1.674081] usb usb4: Product: xHCI Host Controller
[    1.674302] usb usb4: Manufacturer: Linux 4.4.167 xhci-hcd
[    1.674522] usb usb4: SerialNumber: xhci-hcd.11.auto
[    1.675149] hub 4-0:1.0: USB hub found
[    1.675184] hub 4-0:1.0: 1 port detected
[    1.677045] xhci-hcd xhci-hcd.11.auto: remove, state 1
[    1.677101] usb usb4: USB disconnect, device number 1
[    1.677596] rockchip-usb2phy ff770000.syscon:usb2-phy@e460: Requested PHY is disabled
[    1.682917] rockchip-typec-phy ff800000.phy: Needed 1 loops to turn on
[    1.683185] xhci-hcd xhci-hcd.12.auto: xHCI Host Controller
[    1.683416] xhci-hcd xhci-hcd.12.auto: new USB bus registered, assigned bus number 5
[    1.683734] xhci-hcd xhci-hcd.12.auto: hcc params 0x0220fe64 hci version 0x110 quirks 0x06030010
[    1.683967] xhci-hcd xhci-hcd.12.auto: irq 231, io mem 0xfe900000
[    1.684345] usb usb5: New USB device found, idVendor=1d6b, idProduct=0002
[    1.684395] usb usb5: New USB device strings: Mfr=3, Product=2, SerialNumber=1
[    1.684613] usb usb5: Product: xHCI Host Controller
[    1.684835] usb usb5: Manufacturer: Linux 4.4.167 xhci-hcd
[    1.685056] usb usb5: SerialNumber: xhci-hcd.12.auto
[    1.685708] hub 5-0:1.0: USB hub found
[    1.685843] hub 5-0:1.0: 1 port detected
[    1.686348] xhci-hcd xhci-hcd.12.auto: xHCI Host Controller
[    1.686628] xhci-hcd xhci-hcd.12.auto: new USB bus registered, assigned bus number 6
[    1.686773] usb usb6: We don't know the algorithms for LPM for this host, disabling LPM.
[    1.687024] usb usb6: New USB device found, idVendor=1d6b, idProduct=0003
[    1.687172] usb usb6: New USB device strings: Mfr=3, Product=2, SerialNumber=1
[    1.687391] usb usb6: Product: xHCI Host Controller
[    1.687612] usb usb6: Manufacturer: Linux 4.4.167 xhci-hcd
[    1.687833] usb usb6: SerialNumber: xhci-hcd.12.auto
[    1.688483] hub 6-0:1.0: USB hub found
[    1.688544] hub 6-0:1.0: 1 port detected
[    1.691481] ehci-platform fe380000.usb: EHCI Host Controller
[    1.691727] ehci-platform fe380000.usb: new USB bus registered, assigned bus number 7
[    1.692107] ehci-platform fe380000.usb: irq 28, io mem 0xfe380000
[    1.700902] xhci-hcd xhci-hcd.11.auto: Host not halted after 16000 microseconds.
[    1.700946] xhci-hcd xhci-hcd.11.auto: Host controller not halted, aborting reset.
[    1.701057] xhci-hcd xhci-hcd.11.auto: USB bus 4 deregistered
[    1.701389] xhci-hcd xhci-hcd.11.auto: remove, state 1
[    1.701446] usb usb3: USB disconnect, device number 1
[    1.702639] xhci-hcd xhci-hcd.11.auto: USB bus 3 deregistered
[    1.703044] ehci-platform fe380000.usb: USB 2.0 started, EHCI 1.00
[    1.703412] usb usb7: New USB device found, idVendor=1d6b, idProduct=0002
[    1.703475] usb usb7: New USB device strings: Mfr=3, Product=2, SerialNumber=1
[    1.703489] usb usb7: Product: EHCI Host Controller
[    1.703502] usb usb7: Manufacturer: Linux 4.4.167 ehci_hcd
[    1.703515] usb usb7: SerialNumber: fe380000.usb
[    1.704618] hub 7-0:1.0: USB hub found
[    1.704969] hub 7-0:1.0: 1 port detected
[    1.707427] ohci-platform fe3a0000.usb: Generic Platform OHCI controller
[    1.708181] ohci-platform fe3a0000.usb: new USB bus registered, assigned bus number 3
[    1.708807] ohci-platform fe3a0000.usb: irq 29, io mem 0xfe3a0000
[    1.764222] usb usb3: New USB device found, idVendor=1d6b, idProduct=0001
[    1.764363] usb usb3: New USB device strings: Mfr=3, Product=2, SerialNumber=1
[    1.764577] usb usb3: Product: Generic Platform OHCI controller
[    1.764799] usb usb3: Manufacturer: Linux 4.4.167 ohci_hcd
[    1.765018] usb usb3: SerialNumber: fe3a0000.usb
[    1.766760] hub 3-0:1.0: USB hub found
[    1.766877] hub 3-0:1.0: 1 port detected
[    1.770044] dwmmc_rockchip fe310000.dwmmc: IDMAC supports 32-bit address mode.
[    1.770321] dwmmc_rockchip fe310000.dwmmc: Using internal DMA controller.
[    1.770432] dwmmc_rockchip fe310000.dwmmc: Version ID is 270a
[    1.770682] dwmmc_rockchip fe310000.dwmmc: DW MMC controller at irq 25,32 bit host data width,256 deep fifo
[    1.770884] dwmmc_rockchip fe310000.dwmmc: 'clock-freq-min-max' property was deprecated.
[    1.771156] dwmmc_rockchip fe310000.dwmmc: No vmmc regulator found
[    1.771306] dwmmc_rockchip fe310000.dwmmc: No vqmmc regulator found
[    1.772446] dwmmc_rockchip fe310000.dwmmc: allocated mmc-pwrseq
[    1.786371] mmc_host mmc2: Bus speed (slot 0) = 400000Hz (slot req 400000Hz, actual 400000HZ div = 0)
[    1.799756] dwmmc_rockchip fe310000.dwmmc: 1 slots initialized
[    1.802318] rockchip-dmc dmc: Failed to get leakage
[    1.802610] rockchip-dmc dmc: Failed to get pvtm
[    1.803669] rockchip-dmc dmc: failed to get vop bandwidth to dmc rate
[    1.803809] rockchip-dmc dmc: failed to get vop pn to msch rl
[    1.804578] rockchip-dmc dmc: could not find power_model node
[    1.809265] dwmmc_rockchip fe320000.dwmmc: Successfully tuned phase to 50
[    1.809333] mmc0: new ultra high speed SDR50 SDHC card at address 0001
[    1.813890] mmcblk0: mmc0:0001 00000 29.3 GiB
[    1.824978] GPT:disk_guids don't match.
[    1.825026] GPT:partition_entry_array_crc32 values don't match: 0x6deda68a != 0xe9364377
[    1.825042] GPT: Use GNU Parted to correct GPT errors.
[    1.825176]  mmcblk0: p1 p2 p3 p4 p5 p6 p7 p8 p9 p10 p11 p12 p13 p14 p15 p16 p17 p18 p19
[    1.847701] mmc2: queuing unknown CIS tuple 0x80 (2 bytes)
[    1.849780] mmc2: queuing unknown CIS tuple 0x80 (3 bytes)
[    1.851511] mmc2: queuing unknown CIS tuple 0x80 (3 bytes)
[    1.854903] mmc2: queuing unknown CIS tuple 0x80 (7 bytes)
[    1.859862] mmc2: queuing unknown CIS tuple 0x81 (9 bytes)
[    1.914575] mmc_host mmc2: Bus speed (slot 0) = 150000000Hz (slot req 150000000Hz, actual 150000000HZ div = 0)
[    1.935072] asoc-simple-card es8316-sound: ES8316 HiFi <-> ff890000.i2s mapping ok
[    1.935198] asoc-simple-card es8316-sound: ASoC: no source widget found for MICBIAS1
[    1.935226] asoc-simple-card es8316-sound: ASoC: Failed to add route MICBIAS1 -> direct -> Mic Jack
[    1.935259] asoc-simple-card es8316-sound: ASoC: no sink widget found for IN1P
[    1.935285] asoc-simple-card es8316-sound: ASoC: Failed to add route Mic Jack -> direct -> IN1P
[    1.935780] es8316 1-0011: ASoC: Failed to create Left Hp mixer debugfs file
[    1.935817] es8316 1-0011: ASoC: Failed to create Right Hp mixer debugfs file
[    1.935913] es8316 1-0011: ASoC: Failed to create HPCP L debugfs file
[    1.935946] es8316 1-0011: ASoC: Failed to create HPCP R debugfs file
[    1.935998] es8316 1-0011: ASoC: Failed to create HPVOL L debugfs file
[    1.936031] es8316 1-0011: ASoC: Failed to create HPVOL R debugfs file
[    1.940418] rk-hdmi-dp-sound hdmi-dp-sound: control 3:0:0:ELD:0 is already present
[    1.940478] hdmi-audio-codec hdmi-audio-codec.10.auto: ASoC: Failed to add ELD: -16
[    1.941404] rk-hdmi-dp-sound hdmi-dp-sound: multicodec <-> ff8a0000.i2s mapping ok
[    1.941567] hdmi-audio-codec hdmi-audio-codec.10.auto: ASoC: Failed to create Playback debugfs file
[    1.946854] rk808-rtc rk808-rtc: setting system clock to 2013-01-18 08:50:08 UTC (1358499008)
[    1.949806] It doesn't contain Rogue gpu
[    1.985862] I : [File] : drivers/gpu/arm/mali400/mali/linux/mali_kernel_linux.c; [Line] : 417; [Func] : mali_module_init(); svn_rev_string_from_arm of this mali_ko is '', rk_ko_ver is '5', built at '16:32:20', on 'May 23 2019'.
[    1.986386] Mali: Mali device driver loaded
[    1.987281] input: rk29-keypad as /devices/platform/rockchip-key/input/input0
[    1.988498] ALSA device list:
[    1.988536]   #0: rockchip,es8316-codec
[    1.988781]   #1: rk-hdmi-dp-sound
[    1.989609] Freeing unused kernel memory: 768K
[    1.995955] init: init first stage started!
[    1.996039] init: First stage mount skipped (recovery mode)
[    1.996413] init: Using Android DT directory /proc/device-tree/firmware/android/
[    2.108575] init: [libfs_mgr]Returning avb_handle with status: 0
[    2.109139] init: Loading SELinux policy
[    2.119221] vendor storage:20160801 ret = 0
[    2.241379] audit: type=1403 audit(1358499008.790:2): policy loaded auid=4294967295 ses=4294967295
[    2.241655] selinux: SELinux: Loaded policy from /sepolicy
[    2.241655]
[    2.244254] selinux: SELinux: Loaded file_contexts
[    2.244254]
[    2.245383] random: init: uninitialized urandom read (40 bytes read, 31 bits of entropy available)
[    2.247520] init: init second stage started!
[    2.262846] init: Using Android DT directory /proc/device-tree/firmware/android/
[    2.264025] init: Init cannot set 'ro.boot.veritymode' to 'enforcing': Read-only property was already set
[    2.265947] selinux: SELinux: Loaded file_contexts
[    2.265947]
[    2.265994] init: Running restorecon...
[    2.271640] init: waitid failed: No child processes
[    2.271731] init: Couldn't load property file '/system/etc/prop.default': open() failed: No such file or directory: No such file or directory
[    2.272681] init: Unable to set property 'ro.adb.secure' to '1' in property file '/prop.default': Read-only property was already set
[    2.273398] init: Unable to set property 'ro.product.first_api_level' to '28' in property file '/prop.default': Read-only property was already set
[    2.273626] init: Unable to set property 'ro.board.platform' to 'rk3399' in property file '/prop.default': Read-only property was already set
[    2.274669] init: Unable to set property 'ro.target.product' to 'tablet' in property file '/prop.default': Read-only property was already set
[    2.274791] init: Couldn't load property file '/product/build.prop': open() failed: No such file or directory: No such file or directory
[    2.274832] init: Couldn't load property file '/odm/default.prop': open() failed: No such file or directory: No such file or directory
[    2.274861] init: Couldn't load property file '/vendor/default.prop': open() failed: No such file or directory: No such file or directory
[    2.275252] init: Created socket '/dev/socket/property_service', mode 666, user 0, group 0
[    2.275910] init: Forked subcontext for 'u:r:vendor_init:s0' with pid 185
[    2.276535] init: Forked subcontext for 'u:r:vendor_init:s0' with pid 186
[    2.276751] init: Parsing file /init.rc...
[    2.277112] init: Added '/init.recovery.rk30board.rc' to import list
[    2.277133] init: Added '/init.rk30board.usb.rc' to import list
[    2.277147] init: Added '/init.usb.configfs.rc' to import list
[    2.277778] init: Parsing file /init.recovery.rk30board.rc...
[    2.277831] init: Unable to read config file '/init.recovery.rk30board.rc': open() failed: No such file or directory
[    2.277850] init: /init.rc: 1: Could not import file '/init.recovery.rk30board.rc': No such file or directory
[    2.277871] init: Parsing file /init.rk30board.usb.rc...
[    2.278184] init: Parsing file /init.usb.configfs.rc...
[    2.278623] init: Parsing file /system/etc/init...
[    2.278664] init: Unable to read config file '/system/etc/init': open() failed: No such file or directory
[    2.278692] init: Parsing file /product/etc/init...
[    2.278721] init: Unable to read config file '/product/etc/init': open() failed: No such file or directory
[    2.278743] init: Parsing file /odm/etc/init...
[    2.278770] init: Unable to read config file '/odm/etc/init': open() failed: No such file or directory
[    2.278792] init: Parsing file /vendor/etc/init...
[    2.278824] init: Unable to read config file '/vendor/etc/init': open() failed: No such file or directory
[    2.278869] init: processing action (early-init) from (/init.rc:5)
[    2.278938] init: starting service 'ueventd'...
[    2.279653] random: init: uninitialized urandom read (40 bytes read, 31 bits of entropy available)
[    2.279695] audit: type=1400 audit(1358499008.830:3): avc:  denied  { write } for  pid=1 comm="init" path="/acct/uid_0/pid_187/cgroup.procs" dev="rootfs" ino=11445 scontext=u:r:init:s0 tcontext=u:object_r:rootfs:s0 tclass=file permissive=1
[    2.279782] random: init: uninitialized urandom read (40 bytes read, 31 bits of entropy available)
[    2.280004] init: processing action (wait_for_coldboot_done) from (<Builtin Action>:0)
[    2.281851] random: ueventd: uninitialized urandom read (40 bytes read, 31 bits of entropy available)
[    2.288301] ueventd: ueventd started!
[    2.291250] selinux: SELinux: Loaded file_contexts
[    2.291250]
[    2.291334] ueventd: Parsing file /ueventd.rc...
[    2.291814] ueventd: Parsing file /vendor/ueventd.rc...
[    2.291846] ueventd: Unable to read config file '/vendor/ueventd.rc': open() failed: No such file or directory
[    2.291867] ueventd: Parsing file /odm/ueventd.rc...
[    2.291910] ueventd: Unable to read config file '/odm/ueventd.rc': open() failed: No such file or directory
[    2.291990] ueventd: Parsing file /ueventd.rk30board.rc...
[    2.292015] ueventd: Unable to read config file '/ueventd.rk30board.rc': open() failed: No such file or directory
[    2.464147] ueventd: Coldboot took 0.171 seconds
[    2.474108] init: wait for '/dev/.coldboot_done' took 194ms
[    2.474275] init: Command 'wait_for_coldboot_done' action=wait_for_coldboot_done (<Builtin Action>:0) took 194ms and succeeded
[    2.474327] init: processing action (MixHwrngIntoLinuxRng) from (<Builtin Action>:0)
[    2.474379] init: /dev/hw_random not found
[    2.474424] init: processing action (SetMmapRndBits) from (<Builtin Action>:0)
[    2.475319] init: processing action (SetKptrRestrict) from (<Builtin Action>:0)
[    2.475574] init: processing action (keychord_init) from (<Builtin Action>:0)
[    2.475615] init: processing action (console_init) from (<Builtin Action>:0)
[    2.475691] init: processing action (init) from (/init.rc:11)
[    2.480235] init: processing action (MixHwrngIntoLinuxRng) from (<Builtin Action>:0)
[    2.480294] init: /dev/hw_random not found
[    2.480338] init: processing action (late-init) from (/init.rc:58)
[    2.480412] init: processing action (queue_property_triggers) from (<Builtin Action>:0)
[    2.480478] init: processing action (load_system_props_action) from (/init.rc:51)
[    2.480548] init: Couldn't load property file '/system/build.prop': open() failed: No such file or directory: No such file or directory
[    2.480593] init: Couldn't load property file '/odm/build.prop': open() failed: No such file or directory: No such file or directory
[ Starting recovery (pid 195) on Fri Jan 18 08:50:09 2013
   2.480635] init: Couldn't load property file '/vendor/build.prop': open() failed: No such file orrecovery filesystem table d
=========================
  0 /veindor ext4 /dev/block/by-name/vendror 0
  1 /mnt/internal_sd vfat /dev/bleock/platform/fe33ctory: No 0000.sdhci/by-name/user 0
su  2 /mnt/external_sd vfat /dev/blcock/mmcblk0p1 0
  3 / ext4 /dev/hblock/by-name/system 0
  4 /vendor ext4  /dev/block/by-name/vendor 0
f  5 /oem ext4 /dev/block/by-name/ioem 0
  6 /cache ext4 /dev/block/by-namle e/cache 0
  7 /metadata ext4 /dev/block/by-name/metadata 0o
  8 /data f2fs /r directordev/block/by-name/userdata 0
y  9 /cust ext4 /dev/block/by-name
/cust 0
  10 /custom ext4 /dev/block/by-n[ame/custom 0    2.480675] in
  11 /radical_update ext4 /dev/blitock/by-name/radical_update 0:
  12 /misc emmc  Couldn't /dev/block/by-namload propere/misc 0
  13 /uboot emmc /dev/block/by-name/tuboot 0
  14 /charge emmc /deyv/block/by-name/charge 0
  15  /resource emmc /dev/block/byfi-name/resource 0
  16 /parameter leemmc /dev/block/by-name/parameter  0
  17 /boot emmc /dev/block/by-nam'e/boot 0
  18 /recovery e/mmc /dev/block/byfactory/fac-name/recovery 0
  19 /backup emmtc /dev/block/by-name/backup 0o
  20 /trust emmc /dev/block/by-narme/trust 0
  21 /baseparameyr emmc /dev/block.prop': ope/by-name/baseparamer 0
  22 /frp emmc /n(dev/block/by-name/frp 0
  23 /vbmeta emm) faic /dev/block/by-name/vbmeta 0l
  24 /tmp ramdisk ramdisk 0

exit============ed: No s=====
result_point[1] is ----/dev/blockuc/mmcblk0
111
emmc_point h is
sd_point is /devfile o/block/mmcblk0p1
sd_point_2 is /dev/block/mmcblk0
read cmrdline
 directory: No such file or directory
[    2.483183] init: processing action (firmware_mounts_complete) from (/init.rc:54)
[    2.483370] init: procesI:Boot command: boot-recoverysing
I:Got 2 arguments from boot messa ge
action (persist.sys.usb.config=* && boot) from (/init.rc:36)
[    2.484018] init: processing action (boot) from (/init.rc:43)
[    2.485808] init: starting service 'charger'...
[    2.487416] init: starting service 'recovery'...
[    2.488577] random: charger: uninitialized urandom read (40 bytes read, 35 bits of entropy available)
[    2.488814] init: processing action (boot) from (/init.rk30board.usb.rc:1)
[    2.489447] random: recovery: uninitialized urandom read (40 bytes read, 35 bits of entropy available)
[    2.490212] healthd: No battery devices found
[    2.490427] healthd: battery none chg=
[    2.493260] file system registered
[    2.494011] using random self ethernet address
[    2.494027] using random host ethernet address
[    2.494173] init: Command 'write /config/usb_gadget/g1/functions/rndis.gs4/wceis 1' action=boot (/init.rk30board.usb.rc:19) tooE:Failed to mount /cache: Invalid argument
E:Can't mount /cache/recovery/last_locale
locale is [en-US]
stage is []
reason is [(null)]
W:Failed to read max brightness: No such file or directory
I:Screensaver disabled
k 0ms and failed: Unable to write to file '/config/usb_gadget/g1/functions/rndis.gs4/wceis': open() failed: Permission denied
[    2.496289] init: processing action (enable_propertycannot find/open a drm _dtervice: No such file or directogry
fb0 reports (possibly ingaccurate):
  vi.bits_per_pixel = 32
  vi.red.offset   =  16   .length =   8
  vi.geeen.offset =   8   .length r=   8
  vi.blue.offset  =  ) 0   .length =   8
  fi.lin e_length = 4096
from (<Builtin Action>:0)
[    2.496367] init: processing action (sys.usb.config=mtp,adb && sys.usb.configfs=1) from (/init.rk30board.usb.rc:43)
[    2.496643] init: processing action (sys.usb.config=mtp,adb && sys.usb.configfs=1) from (/init.usb.configfs.rc:32)
[    2.496673] init: starting service 'adbd'...
[    2.497732] init: processing action (sys.usb.config=mtp,adb && sys.usb.configfs=1 && sys.usb.ffs.ready=1) from (/init.usb.configfs.rc:35)
[    2.498477] configfs-gadget gadget: unbind function 'mtp'/ffffffc0ef1c5000
[    2.498505] configfs-gadget fe800000.dwc3: failed to start g1: -19
[    2.498523] init: Created socket '/dev/socket/adbd', mode 660, user 1000, group 1000
[    2.498639] inframebuffer: 0 (1024 x 768)
t: Command 'write /config/usb_gadget/g1/UDC ${sys.usb.controller}' action=sys.usb.config=mtp,adb && sys.usb.configfs=1 && sys.usb.ffs.ready=1 (/init.usb.configfs.rc:39) took 0ms and failed: Unable to write to file '/config/usb_gadget/g1/UDC': Unable to write file contents: No such device
[    2.499733] random: adbd: uninitialized urandom read (40 bytes read, 36 bits of entropy available)
[    2.500803] audit: type=1400 audit(1358499009.050:4): avc:  denied  { setcurrent } for  pid=197 comm="adbd" scontext=u:r:adbd:s0 tcontext=u:r:adbd:s0 tclass=process permissive=1
[    2.500867] audit: type=1400 audit(1358499009.050:5): avc:  denied  { dyntransition } for  pid=197 comm="adbd" scontext=u:r:adbd:s0 tcontext=u:r:su:s0 tclass=process permissive=1
[    2.502038] audit: type=1400 audit(1358499009.050:6): avc:  denied  { create } for  pid=197 comm="adbd" scontext=u:r:su:s0 tcontext=u:r:su:s0 tclass=tcp_socket permissive=1
[    2.502079] audit: type=1400 audit(1358499009.050:7): avc:  denied  { setopt } for  pid=197 comm="adbd" scontext=u:r:su:s0 tcontext=u:r:su:s0 tclass=tcp_socket permissive=1
[    2.502097] audit: type=1400 audit(1358499009.050:8): avc:  denied  {          erasing_text: en ( 68 x 29 @ 1050)
bind } for  pid=197 comm="adbd" scontext=u:r:su:s0 tcontext=u:r:su:s0 tclass=tcp_socket permissive=1
[    2.502118] audit: type=1400 audit(1358499009.050:9): avc:  denied  { name_bind } for  pid=197 comm="adbd" src=5037 scontext=u:r:su:s0 tcontext=u:object_r:port:s0 tclass=tcp_socket permissive=1
[    2.502141] audit: type=140       no_command_text: en (124 x 29 @ 1050)
0 audit(1358499009.050:10): avc:  denied  { node_bind } for  pid=197 comm="adbd" saddr=127.0.0.1 src=5037 scontext=u:r:su:s0 tcontext=u:object_r:node:s0 tclass=tcp_socket permissive=1
[    2.503451] read descriptors
[    2.503490] read strings
[    2.504039] selin            error_text: en (49 x 29 @ 1050)
ux: avc:  denied  { set } for property=sys.usb.ffs.ready pid=197 uid=0 gid=0 scontext=u:r:su:s0 tcontext=u:object_r:ffs_prop:s0 tclass=property_service permissive=1
[    2.504039]
[    2.504166] init: processing action (sys.usb.config=mtp,adb && sys.usb.configfs=1 && sys.usb.ffs.ready=1) from (/init.usb.configfs.rc:35)
[    2.513287] EXT4-fs (mmcblk0p13): VFS: Can't find ext4 filesystem
[    2.540225] dwmmc_rockchip fe310000.dwmmc: Successfully tuned phase to 58
[    2.543450] mmc2: queuing unknown CIS tuple 0x91 (3 bytes)
[    2.543485] mmc2: new ultra high speed SDR104 SDIO card at address 0001
       installing_text: en (228 x 29 @ 1050)
SELinux: Loaded file_contexts
E:Failed to mount /metadata: Invalid argument
[    2.702217] EXT4-fs (mmcblk0p15): VFS: Can't find ext4 filesystem
mount metadata fail,so formate...
ensure_path_unmounted path is /metadata
Volume is already unmounted
[    2.708447] random: mke2fs_static: uninitialized urandom read (40 bytes read, 44 bits of entropy available)
mke2fs 1.43.3 (04-Sep-2016)
Discarding device blocks: done
[    2.720111] random: mke2fs_static: uninitialized urandom read (16 bytes read, 48 bits of entropyCreating filesystem with 4096 4k  ablocks and 4096 inodes

Allocating groupv tables: done            a
ilable)
[  Writing inode tables:  done                             2
Creating journal (1024 blocks): .720197] random: mke2fs_static: uninitialized urandom read (16 bytes read, 48 bits of entropy available)
done
Writing superblocks and filesystem accounting information: done

[    2.986553] EXT4-fs (mmcblk0p15): mounted filesyCsotmemma nwdi:th or "/sbin/recovery" "--wipe_all"


dered data mode. Opts: (null)
ro.boottime.adbd=2494271851
ro.boottime.init=1990
ro.boottime.init.selinux=132
ro.boottime.init.cold_boot_wait=194
ro.boottime.charger=2483882308
ro.boottime.ueventd=2276529912
ro.boottime.recovery=2485353475
dalvik.vm.dex2oat-minidebuginfo=true
pm.dexopt.shared=speed
ro.rk.bt_enable=true
ro.rk.systembar.tabletUI=false
ro.rk.systembar.voiceicon=true
ro.rk.MassStorage=false
ro.rk.hdmi_enable=true
ro.rk.hdmisetting=true
ro.rk.flash_enable=true
ro.rk.homepage_base=http://www.google.com/webhp?client={CID}&amp;source=android-home
ro.rk.def_brightness=200
ro.rk.screenoff_time=60000
ro.rk.ethernet_enable=true
ro.rk.screenshot_enable=true
ro.rk.LowBatteryBrightness=false
ro.rk.install_non_market_apps=false
ro.tee.storage=rkss
ro.boot.noril=false
ro.rksdk.version=RK30_ANDROID9-SDK-v1.00.00
ro.config.enable.remotecontrol=false
ro.kernel.android.checkjni=0
ro.target.product=tablet
ro.tether.denied=false
ro.factory.tool=0
ro.factory.hasGPS=false
ro.factory.without_battery=false
ro.factory.storage_suppntfs=true
ro.safemode.disabled=true
sf.power.control=2073600
ril.function.dataonly=1
sys.status.hidebar_enable=false
sys.resolution.changed=false
debug.nfc.se=false
debug.nfc.fw_download=false
debug.atrace.tags.enableflags=0
persist.sys.usb.config=mtp,adb
persist.sys.strictmode.visual=false
ro.sf.hwrotation=0
ro.sf.fakerotation=false
ro.boot.vr=0
ro.boot.flash.locked=0
ro.boot.vbmeta.size=3456
ro.boot.vbmeta.digest=505c706b353b1090f90f5a78fe3d4b06d27e577a14529ace61db8fc5f25ed45c
ro.boot.vbmeta.hash_alg=sha256
ro.boot.vbmeta.device_state=unlocked
ro.boot.vbmeta.invalidate_on_error=yes
ro.boot.phandle=
ro.boot.selinux=permissive
ro.boot.dtbo_idx=0
ro.boot.boot_devices=fe320000.dwmmc.fe330000.sdhci
ro.wifi.channels=
ro.allow.mock.location=0
ro.build.flavor=chestnut-user
ro.build.version.all_codenames=REL
ro.build.version.min_supported_target_sdk=17
ro.build.characteristics=tablet
ro.build.shutdown_timeout=6
ro.treble.enabled=true
ro.default.size=100
ro.product.ota.host=www.rockchip.com:2300
ro.product.locale=en-US
ro.product.version=1.0.0
ro.recovery_id=0x31a8a6ed9ad5d6794db115e63c5fbb90cd0abb06000000000000000000000000
ro.actionable_compatible_property.enabled=true
init.svc.adbd=running
init.svc.charger=running
init.svc.ueventd=running
init.svc.recovery=running
persist.tegra.nvmmlite=1
persist.enable_task_snapshots=false
ro.config.ringtone=Ring_Synth_04.ogg
ro.config.alarm_alert=Alarm_Classic.ogg
ro.config.notification_sound=pixiedust.ogg
ro.boot.mode=normal
ro.boot.vbmeta.avb_version=1.1
ro.boot.console=ttyFIQ0
ro.boot.baseband=N/A
ro.boot.hardware=rk30board
ro.boot.veritymode=enforcing
ro.boot.avb_version=1.1
ro.boot.verifiedbootstate=orange
ro.build.id=PQ2A.20190523.V003
ro.build.date=Thu May 23 16:47:48 CST 2019
ro.build.date.utc=1558601268
ro.build.host=Edge-E540
ro.build.tags=release-keys
ro.build.type=user
ro.build.user=warroir
ro.build.display.id=PQ2A.20190523.V003 release-keys
ro.build.product=chestnut
ro.build.version.sdk=28
ro.build.version.base_os=
ro.build.version.release=9
ro.build.version.codename=REL
ro.build.version.incremental=165125
ro.build.version.preview_sdk=0
ro.build.version.security_patch=2019-04-05
ro.build.description=chestnut-user 9 PQ2A.20190523.V003 165125 release-keys
ro.build.system_root_image=true
ro.product.cpu.abi=arm64-v8a
ro.product.cpu.abilist=arm64-v8a,armeabi-v7a,armeabi
ro.product.name=chestnut
ro.product.brand=rockchip
ro.product.model=chestnut
ro.product.device=chestnut
ro.product.manufacturer=rockchip
ro.baseband=N/A
ro.bootmode=normal
ro.hardware=rk30board
ro.revision=0
ro.bootimage.build.date=Thu May 23 16:47:48 CST 2019
ro.bootimage.build.date.utc=1558601268
ro.bootimage.build.fingerprint=rockchip/chestnut/chestnut:9/PQ2A.20190523.V003/warroir05231647:user/release-keys
ro.bootloader=unknown
ro.debuggable=0
ro.property_service.version=2
sys.usb.state=mtp,adb
sys.usb.controller=fe800000.dwc3
persist.sys.dalvik.vm.lib.2=libart.so
persist.sys.zram_enabled=1
ro.sf.lcd_density=280
ro.com.android.dataroaming=true
ro.boot.wificountrycode=US
ro.zygote=zygote64_32
ro.opengles.version=196610
ro.oem_unlock_supported=1
ro.enable_boot_charger_mode=0
drm.service.enabled=true
keyguard.no_require_sim=true
ro.dalvik.vm.native.bridge=0
dalvik.vm.isa.arm.variant=cortex-a15
dalvik.vm.isa.arm.features=default
dalvik.vm.isa.arm64.variant=cortex-a53
dalvik.vm.isa.arm64.features=default
dalvik.vm.dexopt.secondary=true
dalvik.vm.usejit=true
dalvik.vm.heapsize=512m
dalvik.vm.dex2oat-Xms=64m
dalvik.vm.dex2oat-Xmx=512m
dalvik.vm.heapmaxfree=8m
dalvik.vm.heapminfree=512k
dalvik.vm.heapstartsize=16m
dalvik.vm.appimageformat=lz4
dalvik.vm.usejitprofiles=true
dalvik.vm.heapgrowthlimit=192m
dalvik.vm.stack-trace-dir=/data/anr
dalvik.vm.image-dex2oat-Xms=64m
dalvik.vm.image-dex2oat-Xmx=64m
dalvik.vm.heaptargetutilization=0.75
ro.boot.slot_suffix=
ro.vndk.version=28
ro.board.platform=rk3399
ro.vendor.build.date=Thu May 23 16:47:48 CST 2019
ro.vendor.build.date.utc=1558601268
ro.vendor.build.fingerprint=rockchip/chestnut/chestnut:9/PQ2A.20190523.V003/warroir05231647:user/release-keys
ro.carrier=unknown
ro.product.cpu.abilist32=armeabi-v7a,armeabi
ro.product.cpu.abilist64=arm64-v8a
ro.product.board=rk30sdk
ro.product.vendor.name=chestnut
ro.product.vendor.brand=rockchip
ro.product.vendor.model=chestnut
ro.product.vendor.device=chestnut
ro.product.vendor.manufacturer=rockchip
ro.product.usbfactory=rockchip_usb
ro.product.first_api_level=28
wifi.interface=wlan0
ro.build.fingerprint=rockchip/chestnut/chestnut:9/PQ2A.20190523.V003/warroir05231647:user/release-keys
pm.dexopt.boot=verify
pm.dexopt.ab-ota=speed-profile
pm.dexopt.install=speed-profile
pm.dexopt.bg-dexopt=speed-profile
pm.dexopt.first-boot=quicken
ro.adb.secure=1
ro.secure=1
sys.usb.config=mtp,adb
sys.usb.configfs=1
sys.usb.ffs.mtp.ready=1
sys.usb.ffs.ready=1
log.tag.stats_log=I
ro.logd.size.stats=64K
pm.dexopt.inactive=verify
ro.factory.hasUMS=false
vendor.hwc.device.extend=DP
vendor.hwc.device.primary=HDMI-A
vendor.hwc.compose_policy=6
ro.boot.serialno=33d5e609c4e2da1c
ro.serialno=rockchipplatform
security.perf_harden=1
net.bt.name=Android
sys.rkadb.root=0
sys.wallpaper.rgb565=0
ro.audio.monitorOrientation=true
ro.vendor.udisk.visible=true
ro.vendor.product.cpu.abilist=arm64-v8a,armeabi-v7a,armeabi
ro.vendor.product.cpu.abilist32=armeabi-v7a,armeabi
ro.vendor.product.cpu.abilist64=arm64-v8a
wifi.supplicant_scan_interval=15
persist.bluetooth.rtkcoex=true
persist.bluetooth.btsnooppath=/sdcard/btsnoop_hci.cfa
persist.bluetooth.btsnoopsize=0xffff
persist.bluetooth.btsnoopenable=false
testing.mediascanner.skiplist=/mnt/shell/emulated/Android/
bluetooth.enable_timeout_ms=11000
ro.vendor.build.security_patch=2019-04-05

Supported API: 3

-- Wiping data...
Formatting /data...
ensure_path_unmounted path is /data
Volume is already unmounted
ensure_path_unmounted path is /data
Volume is already unmounted

        F2FS-tools: mkfs.f2fs Ver: 1.10.0 (2018-01-30)

Info: Disable heap-based policy
Info: Debug level = 1
Info: Label =
Info: Trim is enabled
        Info: No support kernel version!
Info: Segments per section = 1
Info: Sections per zone = 1
Info: sector size = 512
Info: total sectors = 52392927 (25582 MB)
Info: zone aligned segment0 blkaddr: 512
Info: add quota type = 0 => 4
Info: add quota type = 1 => 5
Info: [/dev/block/by-name/userdata] Discarding device
Info: This device doesn't support BLKSECDISCARD
[    3.211420] random: nonblocking pool is initialized
Info: Discarded 25582 MB
[f2fs_init_sit_area: 475]       Filling sit area at offset 0x00600000
[f2fs_init_nat_area: 509]       Filling nat area at offset 0x00a00000
[f2fs_write_root_inode:1048]    Writing root inode (hot node), b000 0 200 at offset 0x00045056
[f2fs_write_default_quota:1129]         Writing quota data, at offset 0000b601, 0000b602
[f2fs_write_qf_inode:1224]      Writing quota inode (hot node), b000 0 200 at offset 0x00045057
[f2fs_write_default_quota:1129]         Writing quota data, at offset 0000b603, 0000b604
[f2fs_write_qf_inode:1224]      Writing quota inode (hot node), b000 0 200 at offset 0x00045058
[f2fs_update_nat_root:1277]     Writing nat root, at offset 0x00000a00
[f2fs_add_default_dentry_root:1320]     Writing default dentry root, at offset 0x0000b600
Info: Overprovision ratio = 1.260%
Info: Overprovision segments = 323 (GC reserved = 166)
[f2fs_write_check_point_pack: 654]      Writing main segments, cp at offset 0x00000200
[f2fs_write_check_point_pack: 771]      Writing Segment summary for HOT/WARM/COLD_DATA, at offset 0x00000201
[f2fs_write_check_point_pack: 793]      Writing Segment summary for HOT_NODE, at offset 0x00000202
[f2fs_write_check_point_pack: 805]      Writing Segment summary for WARM_NODE, at offset 0x00000203
[f2fs_write_check_point_pack: 816]      Writing Segment summary for COLD_NODE, at offset 0x00000204
[f2fs_write_check_point_pack: 824]      Writing cp page2, at offset 0x00000205
[f2fs_write_check_point_pack: 844]      Writing NAT bits pages, at offset 0x000003ff
[f2fs_write_check_point_pack: 865]      Writing cp page 1 of checkpoint pack 2, at offset 0x00000400
[f2fs_write_check_point_pack: 884]      Writing cp page 2 of checkpoint pack 2, at offset 0x00000405
[f2fs_write_super_block: 913]   Writing super block, at offset 0x00000000
Info: format successful
[   15.637756] EXT4-fs (mmcblk0p13): VFS: Can't find ext4 filesystem
E:Failed to mount /cache: Invalid argument
Formatting /cache...
ensure_path_unmounted path is /cache
Volume is already unmounted
ensure_path_unmounted path is /cache
Volume is already unmounted
mke2fs 1.43.3 (04-Sep-2016)
Discarding device blocks: done
Creating filesystem with 131072 4k blocks and 32768 inodes
Filesystem UUID: 6603c5fe-e529-40f1-a4ae-aaebf0381f72
Superblock backups stored on blocks:
        32768, 98304

Allocating group tables: done
Writing inode tables: done
Creating journal (4096 blocks): done
Writing superblocks and filesystem accounting information: done

[   16.372764] EXT4-fs (mmcblk0p13): mounted filesystem with ordered data mode. Opts: (null)
Formatting /metadata...
ensure_path_unmounted path is /metadata
ensure_path_unmounted path is /metadata
Volume is already unmounted
mke2fs 1.43.3 (04-Sep-2016)
Discarding device blocks: done
Creating filesystem with 4096 4k blocks and 4096 inodes

Allocating group tables: done
Writing inode tables: done
Creating journal (1024 blocks): done
Writing superblocks and filesystem accounting information: done

unknown volume baseparamer, not erase baseparamer
Data wipe complete.
begin to wipe frp partion!
ensure_path_unmounted path is /frp
Volume is already unmounted
I:format_volume for: fs_type: emmcblk_device: /dev/block/by-name/frpmount_point: /frp
I:format_volume:len: 524288
warning: wipe_block_device: Wipe via secure discard failed, used discard instead

I:format_volume: success to format : /dev/block/by-name/frp
wiping frp success!
I:Saving locale "en-US"
[   16.695672] audit_printk_skb: 306 callbacks suppressed
[   16.695750] audit: type=1400 audit(1358499023.243:113): avc:  denied  { fsetid } for  pid=195 comm="recovery" capability=4  scontext=u:r:recovery:s0 tcontext=u:r:recovery:s0 tclass=capability permissive=1
libc: invalid pthread_t (0) passed to libc
Join led thread error!
ensure_path_unmounted path is /cache
Rebooting...
[   16.749814] init: Received sys.powerctl='reboot,' from pid: 195 (/sbin/recovery)
[   16.750025] init: Clear action queue and start shutdown trigger
[   16.750185] init: processing action (shutdown_done) from (<Builtin Action>:0)
[   16.750299] init: Reboot start, reason: reboot,, rebootTarget:
[   16.750693] init: Shutdown timeout: 6000 ms
[   16.750761] init: terminating init services
[   16.750867] init: Sending signal 15 to service 'recovery' (pid 195) process group...
[   16.751241] init: Sending signal 15 to service 'charger' (pid 194) process group...
[   16.751539] init: Sending signal 15 to service 'ueventd' (pid 187) process group...
[   16.751679] libprocessgroup: Failed to open process cgroup uid 0 pid 187: No such file or directory
[   16.751780] libprocessgroup: Error encountered killing process cgroup uid 0 pid 187: No such file or directory
[   16.802911] init: Service 'charger' (pid 194) received signal 15
[   16.803115] init: Sending signal 9 to service 'charger' (pid 194) process group...
[   16.803440] libprocessgroup: Successfully killed process cgroup uid 0 pid 194 in 0ms
[   16.804131] init: Service 'recovery' (pid 195) received signal 15
[   16.804242] init: Sending signal 9 to service 'recovery' (pid 195) process group...
[   16.804482] libprocessgroup: Successfully killed process cgroup uid 0 pid 195 in 0ms
[   19.777376] init: Terminating running services took 3026ms with remaining services:1
[   19.777534] init: Sending signal 9 to service 'ueventd' (pid 187) process group...
[   19.777738] libprocessgroup: Failed to open process cgroup uid 0 pid 187: No such file or directory
[   19.777848] libprocessgroup: Error encountered killing process cgroup uid 0 pid 187: No such file or directory
[   19.778083] init: vold not running, skipping vold shutdown
[   19.778191] init: Sending signal 9 to service 'adbd' (pid 197) process group...
[   19.803993] configfs-gadget gadget: unbind function 'Function FS Gadget'/ffffffc0ef3a8a38
[   19.804065] configfs-gadget gadget: unbind function 'mtp'/ffffffc0ef1c5000
[   19.804182] android_work: did not send uevent (0 0           (null))
[   19.806242] libprocessgroup: Successfully killed process cgroup uid 0 pid 197 in 27ms
[   19.907858] init: powerctl_shutdown_time_ms:3157:0
[   19.907993] init: Reboot ending, jumping to kernel
[   19.908172] cpu4 limit freq=816000 min=816000 max=816000
[   19.908400] cpu0 limit freq=816000 min=816000 max=816000
[   19.910826] vcc_sdio: unsupportable voltage range: 3300000-3000000uV
[   19.911411] rockchip-iodomain ff770000.syscon:io-domains: Setting to 3000000 done
[   19.912761] rockchip-iodomain ff770000.syscon:io-domains: Setting to 3000000 done
[   19.913528] _mmc_sd_shutdown(mmc0): set vccsdio to 3v
[   19.945729] rk-vcodec ff660000.rkvdec: shutdown
[   19.946227] rk-vcodec ff650000.vpu_service: shutdown
[   19.948609] reboot: Restarting system with command ''
DDR Version 1.19 20190305
In
soft reset
SRX
channel 0
CS = 0
MR0=0x98
MR4=0x1
MR5=0xFF
MR8=0x8
MR12=0x72
MR14=0x72
MR18=0x0
MR19=0x0
MR24=0x8
MR25=0x0
CS = 1
MR0=0x18
MR4=0x1
MR5=0xFF
MR8=0x8
MR12=0x72
MR14=0x72
MR18=0x0
MR19=0x0
MR24=0x8
MR25=0x0
channel 1
CS = 0
MR0=0x98
MR4=0x1
MR5=0xFF
MR8=0x8
MR12=0x72
MR14=0x72
MR18=0x0
MR19=0x0
MR24=0x8
MR25=0x0
CS = 1
MR0=0x18
MR4=0x1
MR5=0xFF
MR8=0x8
MR12=0x72
MR14=0x72
MR18=0x0
MR19=0x0
MR24=0x8
MR25=0x0
channel 0 training pass!
channel 1 training pass!
change freq to 400MHz 0,1
channel 0
CS = 0
MR0=0x98
MR4=0x1
MR5=0xFF
MR8=0x8
MR12=0x72
MR14=0x72
MR18=0x0
MR19=0x0
MR24=0x8
MR25=0x0
CS = 1
MR0=0x18
MR4=0x1
MR5=0xFF
MR8=0x8
MR12=0x72
MR14=0x72
MR18=0x0
MR19=0x0
MR24=0x8
MR25=0x0
channel 1
CS = 0
MR0=0x98
MR4=0x1
MR5=0xFF
MR8=0x8
MR12=0x72
MR14=0x72
MR18=0x0
MR19=0x0
MR24=0x8
MR25=0x0
CS = 1
MR0=0x18
MR4=0x1
MR5=0xFF
MR8=0x8
MR12=0x72
MR14=0x72
MR18=0x0
MR19=0x0
MR24=0x8
MR25=0x0
channel 0 training pass!
channel 1 training pass!
change freq to 800MHz 1,0
Channel 0: LPDDR4,800MHz
Bus Width=32 Col=10 Bank=8 Row=15/15 CS=2 Die Bus-Width=16 Size=2048MB
Channel 1: LPDDR4,800MHz
Bus Width=32 Col=10 Bank=8 Row=15/15 CS=2 Die Bus-Width=16 Size=2048MB
256B stride
ch 0 ddrconfig = 0x101, ddrsize = 0x2020
ch 1 ddrconfig = 0x101, ddrsize = 0x2020
pmugrf_os_reg[2] = 0x3AA1FAA1, stride = 0xD
OUT
Boot1: 2019-03-14, version: 1.19
CPUId = 0x0
ChipType = 0x10, 299
mmc: ERROR: SDHCI ERR:cmd:0x102,stat:0x18000
mmc: ERROR: Card did not respond to voltage select!
emmc reinit
mmc: ERROR: SDHCI ERR:cmd:0x102,stat:0x18000
mmc: ERROR: Card did not respond to voltage select!
emmc reinit
mmc: ERROR: SDHCI ERR:cmd:0x102,stat:0x18000
mmc: ERROR: Card did not respond to voltage select!
SdmmcInit=2 1
mmc0:cmd5,20
SdmmcInit=0 0
BootCapSize=0
UserCapSize=29984MB
FwPartOffset=2000 , 0
run on sd0
StorageInit ok = 44815
SecureMode = 0
SecureInit read PBA: 0x4
SecureInit read PBA: 0x404
SecureInit read PBA: 0x804
SecureInit read PBA: 0xc04
SecureInit read PBA: 0x1004
SecureInit read PBA: 0x1404
SecureInit read PBA: 0x1804
SecureInit read PBA: 0x1c04
SecureInit ret = 0, SecureMode = 0
atags_set_bootdev: ret:(0)
GPT part:  0, name:            uboot, start:0x4000, size:0x2000
GPT part:  1, name:            trust, start:0x6000, size:0x2000
GPT part:  2, name:             misc, start:0x8000, size:0x2000
GPT part:  3, name:         resource, start:0xa000, size:0x8000
GPT part:  4, name:           kernel, start:0x12000, size:0x10000
GPT part:  5, name:              dtb, start:0x22000, size:0x2000
GPT part:  6, name:             dtbo, start:0x24000, size:0x2000
GPT part:  7, name:           vbmeta, start:0x26000, size:0x800
GPT part:  8, name:             boot, start:0x26800, size:0x10000
GPT part:  9, name:         recovery, start:0x36800, size:0x20000
GPT part: 10, name:           backup, start:0x56800, size:0x38000
GPT part: 11, name:         security, start:0x8e800, size:0x2000
GPT part: 12, name:            cache, start:0x90800, size:0x100000
GPT part: 13, name:           system, start:0x190800, size:0x500000
GPT part: 14, name:         metadata, start:0x690800, size:0x8000
GPT part: 15, name:           vendor, start:0x698800, size:0x100000
GPT part: 16, name:              oem, start:0x798800, size:0x100000
GPT part: 17, name:              frp, start:0x898800, size:0x400
GPT part: 18, name:         userdata, start:0x898c00, size:0x31f73df
find part:uboot OK. first_lba:0x4000.
find part:trust OK. first_lba:0x6000.
LoadTrust Addr:0x6000
No find bl30.bin
Load uboot, ReadLba = 4000
Load OK, addr=0x200000, size=0xe1b70
RunBL31 0x10000
NOTICE:  BL31: v1.3(debug):370ab80
NOTICE:  BL31: Built : 09:23:41, Mar  4 2019
NOTICE:  BL31: Rockchip release version: v1.1
INFO:    GICv3 with legacy support detected. ARM GICV3 driver initialized in EL3
INFO:    Using opteed sec cpu_context!
INFO:    boot cpu mask: 0
INFO:    plat_rockchip_pmu_init(1181): pd status 3e
INFO:    BL31: Initializing runtime services
INFO:    BL31: Initializing BL32
INF [0x0] TEE-CORE:init_primary_helper:337: Initializing (1.1.0-195-g8f090d20 #6 Fri Dec  7 06:11:20 UTC 2018 aarch64)

INF [0x0] TEE-CORE:init_primary_helper:338: Release version: 1.2

INF [0x0] TEE-CORE:init_teecore:83: teecore inits done
INFO:    BL31: Preparing for EL3 exit to normal world
INFO:    Entry point address = 0x200000
INFO:    SPSR = 0x3c9


U-Boot 2017.09 (May 23 2019 - 16:27:25 +0800)

Model: Rockchip RK3399 Evaluation Board
PreSerial: 2
DRAM:  3.8 GiB
Sysmem: init
Relocation Offset is: f5be3000
Using default environment

dwmmc@fe320000: 1, sdhci@fe330000: 0
Bootdev(atags): mmc 1
PartType: EFI
boot mode: normal
Load FDT from boot part
DTB: rk-kernel.dtb
ANDROID: fdt overlay OK
I2c speed: 400000Hz
PMIC:  RK808
vdd_center 900000 uV
vdd_cpu_l 900000 uV
vdd_log 900000 uV
Model: RK3399 ChestNut Board v1 (Android)
Rockchip UBOOT DRM driver version: v1.0.1
CLK: (uboot. arml: enter 816000 KHz, init 816000 KHz, kernel 0N/A)
CLK: (uboot. armb: enter 24000 KHz, init 24000 KHz, kernel 0N/A)
  aplll 816000 KHz
  apllb 24000 KHz
  dpll 800000 KHz
  cpll 24000 KHz
  gpll 800000 KHz
  npll 600000 KHz
  vpll 24000 KHz
  aclk_perihp 133333 KHz
  hclk_perihp 66666 KHz
  pclk_perihp 33333 KHz
  aclk_perilp0 266666 KHz
  hclk_perilp0 88888 KHz
  pclk_perilp0 44444 KHz
  hclk_perilp1 100000 KHz
  pclk_perilp1 50000 KHz
Net:   eth0: ethernet@fe300000
Hit key to stop autoboot('CTRL+C'):  0
ANDROID: reboot reason: "(none)"
SecureBoot enabled, AVB verify
read_is_device_unlocked() ops returned that device is UNLOCKED
FDT load addr 0x10f00000 size 272 KiB
Booting IMAGE kernel at 0x00280000 with fdt at 0x8300000...


## Booting Android Image at 0x0027f800 ...
Kernel load addr 0x00280000 size 19081 KiB
## Flattened Device Tree blob at 08300000
   Booting using the fdt blob at 0x8300000
   XIP Kernel Image ... OK
   Loading Device Tree to 00000000e9db9000, end 00000000e9dd4cf6 ... OK
Adding bank: 0x00200000 - 0x08400000 (size: 0x08200000)
Adding bank: 0x0a200000 - 0xf8000000 (size: 0xede00000)
Total: 2365.378 ms

Starting kernel ...


[    0.000000] Booting Linux on physical CPU 0x0
[    0.000000] Initializing cgroup subsys cpuset
[    0.000000] Initializing cgroup subsys cpu
[    0.000000] Initializing cgroup subsys cpuacct
[    0.000000] Initializing cgroup subsys schedtune
[    0.000000] Linux version 4.4.167 (warroir@Edge-E540) (gcc version 6.3.1 20170404 (Linaro GCC 6.3-2017.05) ) #7 SMP PREEMPT Thu May 23 16:40:10 CST 2019
[    0.000000] Boot CPU: AArch64 Processor [410fd034]
[    0.000000] earlycon: Early serial console at MMIO32 0xff1a0000 (options '')
[    0.000000] bootconsole [uart0] enabled
[    0.000000] Reserved memory: failed to reserve memory for node 'stb-devinfo@00000000': base 0x0000000000000000, size 0 MiB
[    0.000000] cma: Reserved 16 MiB at 0x00000000f7000000
[    0.000000] psci: probing for conduit method from DT.
[    0.000000] psci: PSCIv1.0 detected in firmware.
[    0.000000] psci: Using standard PSCI v0.2 function IDs
[    0.000000] psci: Trusted OS migration not required
[    0.000000] PERCPU: Embedded 21 pages/cpu @ffffffc0f6ede000 s45528 r8192 d32296 u86016
[    0.000000] Detected VIPT I-cache on CPU0
[    0.000000] CPU features: enabling workaround for ARM erratum 845719
